== fairwinds-stable-goldilocks@ → Space helm-goldilocks-default-confighub-proof ==
Successfully created unit clusterrole-goldilocks-controller (8f22c947-a522-4dde-b14a-d27a1386be71)
Successfully created unit clusterrole-goldilocks-dashboard (c2fd6b40-d7c5-4c32-adc8-383c8caf2a83)
Successfully created unit clusterrolebinding-goldilocks-controller (d3fc94e7-212b-4e9f-8829-c755d0b7ac31)
Successfully created unit clusterrolebinding-goldilocks-dashboard (01006572-fd51-413d-b2f0-93f5663793b1)
Successfully created unit deployment-default-goldilocks-controller (94ea7a05-0333-4886-80da-a95d56795944)
Successfully created unit deployment-default-goldilocks-dashboard (8b82f141-1e05-425b-affe-91abd235f960)
Successfully created unit namespace-default (bd6ff656-aec4-478a-810f-45c0a824cc2c)
Successfully created unit service-default-goldilocks-dashboard (38b85f27-0162-45df-97de-e5851d3c344e)
Successfully created unit serviceaccount-default-goldilocks-controller (c1f58908-c951-4029-82e8-f4276a79d087)
Successfully created unit serviceaccount-default-goldilocks-dashboard (06e3fb9f-952a-4165-b996-4a175536d2e5)
Successfully created unit installer-record (00f8db5b-60f0-47c7-a2f3-e58872df1531)
Linked clusterrolebinding-goldilocks-controller -> clusterrole-goldilocks-controller (reference:rbac.authorization.k8s.io/v1/ClusterRole)
Linked clusterrolebinding-goldilocks-controller -> namespace-default (reference:v1/Namespace)
Linked clusterrolebinding-goldilocks-controller -> serviceaccount-default-goldilocks-controller (reference:v1/ServiceAccount)
Linked clusterrolebinding-goldilocks-dashboard -> clusterrole-goldilocks-dashboard (reference:rbac.authorization.k8s.io/v1/ClusterRole)
Linked clusterrolebinding-goldilocks-dashboard -> namespace-default (reference:v1/Namespace)
Linked clusterrolebinding-goldilocks-dashboard -> serviceaccount-default-goldilocks-dashboard (reference:v1/ServiceAccount)
Linked deployment-default-goldilocks-controller -> namespace-default (reference:v1/Namespace)
Linked deployment-default-goldilocks-controller -> serviceaccount-default-goldilocks-controller (reference:v1/ServiceAccount)
Linked deployment-default-goldilocks-dashboard -> namespace-default (reference:v1/Namespace)
Linked deployment-default-goldilocks-dashboard -> serviceaccount-default-goldilocks-dashboard (reference:v1/ServiceAccount)
Linked service-default-goldilocks-dashboard -> deployment-default-goldilocks-dashboard (selector)
Linked service-default-goldilocks-dashboard -> namespace-default (reference:v1/Namespace)
Linked serviceaccount-default-goldilocks-controller -> namespace-default (reference:v1/Namespace)
Linked serviceaccount-default-goldilocks-dashboard -> namespace-default (reference:v1/Namespace)
