apiVersion: apps/v1
kind: Deployment
metadata:
  labels:
    app.kubernetes.io/component: dashboard
    app.kubernetes.io/instance: goldilocks
    app.kubernetes.io/managed-by: Helm
    app.kubernetes.io/name: goldilocks
    helm.sh/chart: goldilocks-10.3.0
  name: goldilocks-dashboard
  namespace: default
spec:
  replicas: 2
  revisionHistoryLimit: 10
  selector:
    matchLabels:
      app.kubernetes.io/component: dashboard
      app.kubernetes.io/instance: goldilocks
      app.kubernetes.io/name: goldilocks
  template:
    metadata:
      labels:
        app.kubernetes.io/component: dashboard
        app.kubernetes.io/instance: goldilocks
        app.kubernetes.io/name: goldilocks
    spec:
      containers:
      - command:
        - /goldilocks
        - dashboard
        - --exclude-containers=linkerd-proxy,istio-proxy
        - -v2
        image: us-docker.pkg.dev/fairwinds-ops/oss/goldilocks:v4.14.1
        imagePullPolicy: Always
        livenessProbe:
          httpGet:
            path: /health
            port: http
        name: goldilocks
        ports:
        - containerPort: 8080
          name: http
          protocol: TCP
        readinessProbe:
          httpGet:
            path: /health
            port: http
        resources:
          limits: {}
          requests:
            cpu: 25m
            memory: 256Mi
        securityContext:
          allowPrivilegeEscalation: false
          capabilities:
            drop:
            - ALL
          readOnlyRootFilesystem: true
          runAsNonRoot: true
          runAsUser: 10324
      securityContext:
        seccompProfile:
          type: RuntimeDefault
      serviceAccountName: goldilocks-dashboard
