apiVersion: apps/v1
kind: Deployment
metadata:
  labels:
    app.kubernetes.io/instance: dex
    app.kubernetes.io/managed-by: Helm
    app.kubernetes.io/name: dex
    app.kubernetes.io/version: 2.44.0
    helm.sh/chart: dex-0.24.0
  name: dex
  namespace: default
spec:
  replicas: 1
  revisionHistoryLimit: 10
  selector:
    matchLabels:
      app.kubernetes.io/instance: dex
      app.kubernetes.io/name: dex
  template:
    metadata:
      annotations:
        checksum/config: 3ef3e2f13ba337b9bed36692407b0430de9700da27c206e17a78f35e411f3ff2
      labels:
        app.kubernetes.io/instance: dex
        app.kubernetes.io/name: dex
    spec:
      containers:
      - args:
        - dex
        - serve
        - --web-http-addr
        - 0.0.0.0:5556
        - --telemetry-addr
        - 0.0.0.0:5558
        - /etc/dex/config.yaml
        env: null
        image: ghcr.io/dexidp/dex:v2.44.0
        imagePullPolicy: IfNotPresent
        livenessProbe:
          httpGet:
            path: /healthz/live
            port: telemetry
        name: dex
        ports:
        - containerPort: 5556
          name: http
          protocol: TCP
        - containerPort: 5558
          name: telemetry
          protocol: TCP
        readinessProbe:
          httpGet:
            path: /healthz/ready
            port: telemetry
        resources: {}
        securityContext: {}
        volumeMounts:
        - mountPath: /etc/dex
          name: config
          readOnly: true
      securityContext: {}
      serviceAccountName: dex
      volumes:
      - name: config
        secret:
          secretName: dex
