{
  "apiVersion": "installer.confighub.com/v1alpha1",
  "kind": "Package",
  "metadata": {
    "name": "kedacore-keda"
  },
  "installerMetadata": {},
  "spec": {
    "bases": [
      {
        "name": "default",
        "path": "bases/default",
        "default": true,
        "description": "kedacore/keda default variant rendered from kedacore/keda@2.19.0"
      },
      {
        "name": "no-crds",
        "path": "bases/no-crds",
        "description": "kedacore/keda no-crds variant rendered from kedacore/keda@2.19.0"
      }
    ]
  }
}
