== kedacore-keda@ → Space helm-keda-no-crds-confighub-proof ==
Successfully created unit apiservice-v1beta1-external-metrics-k8s-io (38bff966-0743-410d-92ea-f2566fe3058f)
Successfully created unit clusterrole-keda-operator-external-metrics-reader (fe236f47-1673-45de-8916-7c3c9f781d79)
Successfully created unit clusterrole-keda-operator-minimal-cluster-role (d1b81dfc-0d34-4ab8-965f-71daf5aed812)
Successfully created unit clusterrole-keda-operator-webhook (e87b1cbd-b857-47e7-8a5b-429361212141)
Successfully created unit clusterrole-keda-operator (05616005-e005-46ed-afb3-6f7afd61d010)
Successfully created unit clusterrolebinding-keda-operator-hpa-controller-external-metrics (ef58d049-7923-46e4-b853-368b68248e8e)
Successfully created unit clusterrolebinding-keda-operator-minimal (5508bdde-3fda-4db6-af09-ee34cb68725b)
Successfully created unit clusterrolebinding-keda-operator-system-auth-delegator (35ee3be3-4ee9-40d6-91dd-3cd800e97e8b)
Successfully created unit clusterrolebinding-keda-operator-webhook (ca66b521-2866-4859-8aac-bc8fbb55514c)
Successfully created unit clusterrolebinding-keda-operator (cf60ddfd-67f7-49ce-b7b7-e687c9fa15af)
Successfully created unit deployment-default-keda-admission-webhooks (8b874854-f409-4ad5-8fc9-1f3c2834eb13)
Successfully created unit deployment-default-keda-operator-metrics-apiserver (8b4cfbf2-61ec-4b57-a48f-36122dec1d14)
Successfully created unit deployment-default-keda-operator (3f8de5a6-5955-4701-8ef8-7d5a78f8dc22)
Successfully created unit namespace-default (53021cfb-8e0e-4e73-b02f-d10535434d82)
Successfully created unit role-default-keda-operator-certs (926884cd-950f-4bd0-a036-ff34d1d917ce)
Successfully created unit rolebinding-default-keda-operator-certs (ed4ddda9-0f63-4090-8275-bf3147b6be28)
Successfully created unit rolebinding-kube-system-keda-operator-auth-reader (8cf516e9-90b5-4fa8-8b7f-77cdfd694ea0)
Successfully created unit service-default-keda-admission-webhooks (98909e9c-0ccb-4b0b-9ff6-807a73560e0e)
Successfully created unit service-default-keda-operator-metrics-apiserver (f62e29f3-852d-4c06-88d8-27e6e48fb882)
Successfully created unit service-default-keda-operator (04bb08f9-bb65-4d0f-b4f1-7ed5d540136e)
Successfully created unit serviceaccount-default-keda-metrics-server (5454779f-2f63-42d2-9a26-7102d5f66973)
Successfully created unit serviceaccount-default-keda-operator (4042f679-fa0b-491c-8980-6c0127fa8787)
Successfully created unit serviceaccount-default-keda-webhook (3d14853f-65d5-4a16-b4f5-e59395760e55)
Successfully created unit validatingwebhookconfiguration-keda-admission (5fbf3415-79cb-4444-8585-5d9ae8a9dd95)
Successfully created unit installer-record (28c475f9-17f6-4fce-afc7-7670ac5668e5)
Linked apiservice-v1beta1-external-metrics-k8s-io -> namespace-default (reference:v1/Namespace)
Linked apiservice-v1beta1-external-metrics-k8s-io -> service-default-keda-operator-metrics-apiserver (reference:v1/Service)
Linked clusterrolebinding-keda-operator -> clusterrole-keda-operator (reference:rbac.authorization.k8s.io/v1/ClusterRole)
Linked clusterrolebinding-keda-operator -> namespace-default (reference:v1/Namespace)
Linked clusterrolebinding-keda-operator -> serviceaccount-default-keda-operator (reference:v1/ServiceAccount)
Linked clusterrolebinding-keda-operator-hpa-controller-external-metrics -> clusterrole-keda-operator-external-metrics-reader (reference:rbac.authorization.k8s.io/v1/ClusterRole)
Linked clusterrolebinding-keda-operator-minimal -> clusterrole-keda-operator-minimal-cluster-role (reference:rbac.authorization.k8s.io/v1/ClusterRole)
Linked clusterrolebinding-keda-operator-minimal -> namespace-default (reference:v1/Namespace)
Linked clusterrolebinding-keda-operator-minimal -> serviceaccount-default-keda-operator (reference:v1/ServiceAccount)
Linked clusterrolebinding-keda-operator-system-auth-delegator -> namespace-default (reference:v1/Namespace)
Linked clusterrolebinding-keda-operator-system-auth-delegator -> serviceaccount-default-keda-metrics-server (reference:v1/ServiceAccount)
Linked clusterrolebinding-keda-operator-webhook -> clusterrole-keda-operator-webhook (reference:rbac.authorization.k8s.io/v1/ClusterRole)
Linked clusterrolebinding-keda-operator-webhook -> namespace-default (reference:v1/Namespace)
Linked clusterrolebinding-keda-operator-webhook -> serviceaccount-default-keda-webhook (reference:v1/ServiceAccount)
Linked deployment-default-keda-admission-webhooks -> namespace-default (reference:v1/Namespace)
Linked deployment-default-keda-admission-webhooks -> serviceaccount-default-keda-webhook (reference:v1/ServiceAccount)
Linked deployment-default-keda-operator -> namespace-default (reference:v1/Namespace)
Linked deployment-default-keda-operator -> serviceaccount-default-keda-operator (reference:v1/ServiceAccount)
Linked deployment-default-keda-operator-metrics-apiserver -> namespace-default (reference:v1/Namespace)
Linked deployment-default-keda-operator-metrics-apiserver -> serviceaccount-default-keda-metrics-server (reference:v1/ServiceAccount)
Linked role-default-keda-operator-certs -> namespace-default (reference:v1/Namespace)
Linked rolebinding-default-keda-operator-certs -> namespace-default (reference:v1/Namespace)
Linked rolebinding-default-keda-operator-certs -> role-default-keda-operator-certs (reference:rbac.authorization.k8s.io/v1/Role)
Linked rolebinding-default-keda-operator-certs -> serviceaccount-default-keda-operator (reference:v1/ServiceAccount)
Linked rolebinding-kube-system-keda-operator-auth-reader -> namespace-default (reference:v1/Namespace)
Linked rolebinding-kube-system-keda-operator-auth-reader -> serviceaccount-default-keda-metrics-server (reference:v1/ServiceAccount)
Linked service-default-keda-admission-webhooks -> deployment-default-keda-admission-webhooks (selector)
Linked service-default-keda-admission-webhooks -> namespace-default (reference:v1/Namespace)
Linked service-default-keda-operator -> deployment-default-keda-operator (selector)
Linked service-default-keda-operator -> namespace-default (reference:v1/Namespace)
Linked service-default-keda-operator-metrics-apiserver -> deployment-default-keda-operator-metrics-apiserver (selector)
Linked service-default-keda-operator-metrics-apiserver -> namespace-default (reference:v1/Namespace)
Linked serviceaccount-default-keda-metrics-server -> namespace-default (reference:v1/Namespace)
Linked serviceaccount-default-keda-operator -> namespace-default (reference:v1/Namespace)
Linked serviceaccount-default-keda-webhook -> namespace-default (reference:v1/Namespace)
Linked validatingwebhookconfiguration-keda-admission -> namespace-default (reference:v1/Namespace)
Linked validatingwebhookconfiguration-keda-admission -> service-default-keda-admission-webhooks (reference:v1/Service)

Note: the following references didn't resolve to any Unit in this Space.
That's expected when the referenced resource lives in the cluster but
isn't managed by ConfigHub (e.g., a Secret created out-of-band, a
Namespace owned by the platform team). Verify each against your cluster
before applying.
  - clusterrolebinding-keda-operator-hpa-controller-external-metrics -> v1/Namespace "kube-system"
  - clusterrolebinding-keda-operator-hpa-controller-external-metrics -> v1/ServiceAccount "horizontal-pod-autoscaler"
  - deployment-default-keda-admission-webhooks -> v1/Secret "kedaorg-certs"
  - deployment-default-keda-operator -> v1/Secret "kedaorg-certs"
  - deployment-default-keda-operator-metrics-apiserver -> v1/Secret "kedaorg-certs"
  - role-default-keda-operator-certs -> v1/Secret "kedaorg-certs"
  - rolebinding-kube-system-keda-operator-auth-reader -> rbac.authorization.k8s.io/v1/Role "extension-apiserver-authentication-reader"
  - rolebinding-kube-system-keda-operator-auth-reader -> v1/Namespace "kube-system"
