--- helm-coredns-confighub-proof/deployment-default-coredns/1
+++ helm-coredns-confighub-proof/deployment-default-coredns/2
@@ -35,67 +39,60 @@
         k8s-app: coredns
     spec:
       containers:
-        - args:
-            - -conf
-            - /etc/coredns/Corefile
-          image: coredns/coredns:1.13.1
-          imagePullPolicy: IfNotPresent
-          livenessProbe:
-            failureThreshold: 5
-            httpGet:
-              path: /health
-              port: 8080
-              scheme: HTTP
-            initialDelaySeconds: 60
-            periodSeconds: 10
-            successThreshold: 1
-            timeoutSeconds: 5
-          name: coredns
-          ports:
-            - containerPort: 53
-              name: udp-53
-              protocol: UDP
-            - containerPort: 53
-              name: tcp-53
-              protocol: TCP
-            - containerPort: 9153
-              name: tcp-9153
-              protocol: TCP
-          readinessProbe:
-            failureThreshold: 1
-            httpGet:
-              path: /ready
-              port: 8181
-              scheme: HTTP
-            initialDelaySeconds: 30
-            periodSeconds: 5
-            successThreshold: 1
-            timeoutSeconds: 5
-          resources:
-            limits:
-              cpu: 100m
-              memory: 128Mi
-            requests:
-              cpu: 100m
-              memory: 128Mi
-          securityContext:
-            allowPrivilegeEscalation: false
-            capabilities:
-              add:
-                - NET_BIND_SERVICE
-              drop:
-                - ALL
-            readOnlyRootFilesystem: true
-          volumeMounts:
-            - mountPath: /etc/coredns
-              name: config-volume
+      - args:
+        - -conf
+        - /etc/coredns/Corefile
+        image: coredns/coredns:1.13.1
+        imagePullPolicy: IfNotPresent
+        livenessProbe:
+          failureThreshold: 5
+          httpGet:
+            path: /health
+            port: 8080
+            scheme: HTTP
+          initialDelaySeconds: 60
+          periodSeconds: 10
+          successThreshold: 1
+          timeoutSeconds: 5
+        name: coredns
+        ports:
+        - containerPort: 53
+          name: udp-53
+          protocol: UDP
+        - containerPort: 53
+          name: tcp-53
+          protocol: TCP
+        - containerPort: 9153
+          name: tcp-9153
+          protocol: TCP
+        readinessProbe:
+          failureThreshold: 1
+          httpGet:
+            path: /ready
+            port: 8181
+            scheme: HTTP
+          initialDelaySeconds: 30
+          periodSeconds: 5
+          successThreshold: 1
+          timeoutSeconds: 5
+        resources:
+          limits:
+            cpu: 100m
+            memory: 128Mi
+          requests:
+            cpu: 100m
+            memory: 128Mi
+        securityContext:
+          allowPrivilegeEscalation: false
+          capabilities:
+            add:
+            - NET_BIND_SERVICE
+            drop:
+            - ALL
+          readOnlyRootFilesystem: true
+        volumeMounts:
+        - mountPath: /etc/coredns
+          name: config-volume
       dnsPolicy: Default
       serviceAccountName: default
       terminationGracePeriodSeconds: 30
       volumes:
-        - configMap:
-            items:
-              - key: Corefile
-                path: Corefile
-            name: coredns
-          name: config-volume
+      - configMap:
+          items:
+          - key: Corefile
+            path: Corefile
+          name: coredns
+        name: config-volume
