[
  {
    "Space": {
      "CreatedAt": "2026-06-12T17:16:24.421926Z",
      "CursorID": 4687,
      "DisplayName": "helm-victoria-logs-single-default-confighub-proof",
      "EntityType": "Space",
      "Labels": {
        "Component": "VictoriaLogsSingle",
        "Environment": "Demo",
        "Layer": "App",
        "Owner": "ConfigHubHelm",
        "Variant": "default"
      },
      "OrganizationID": "12c33fa8-00b1-4011-ad3e-19d56458b29c",
      "Permissions": {
        "Manage": {
          "UserIDs": {
            "c5818f81-ae4b-4d17-987f-743f19bdb0ca": true
          }
        },
        "ManageChildren": {
          "UserIDs": {
            "c5818f81-ae4b-4d17-987f-743f19bdb0ca": true
          }
        }
      },
      "Slug": "helm-victoria-logs-single-default-confighub-proof",
      "SpaceID": "5a28aebc-4309-4915-b437-9bda3b080180",
      "UpdatedAt": "2026-06-12T17:16:24.926865Z",
      "Version": 2,
      "WhereTrigger": "SpaceID = '5a28aebc-4309-4915-b437-9bda3b080180'"
    },
    "Unit": {
      "ApprovedBy": null,
      "CreatedAt": "0001-01-01T00:00:00Z",
      "DataHash": "933b135fc165c49bab289ed9fb14eec1492f82344b8cc2354251311fc791289c",
      "EntityType": "Unit",
      "FromLinkID": null,
      "HeadRevisionNum": 1,
      "Labels": {
        "Component": "VictoriaLogsSingle",
        "HelmChart": "vm-victoria-logs-single",
        "HelmChartVersion": "0.12.5",
        "Package": "vm-victoria-logs-single",
        "Proof": "victoria-logs-single-default-confighub-proof",
        "Variant": "default"
      },
      "MutationSources": null,
      "OrganizationID": "12c33fa8-00b1-4011-ad3e-19d56458b29c",
      "Slug": "namespace-default",
      "SpaceID": "5a28aebc-4309-4915-b437-9bda3b080180",
      "ToolchainType": "Kubernetes/YAML",
      "UnitID": "d4b6b291-6685-4c71-92df-388a5defef06",
      "UpdatedAt": "0001-01-01T00:00:00Z",
      "Version": 3
    },
    "UnitStatus": {
      "Action": "N/A",
      "ActionResult": "None",
      "ActionStartedAt": "0001-01-01T00:00:00Z",
      "ActionTerminatedAt": "0001-01-01T00:00:00Z",
      "Drift": "N/A",
      "Status": "NotLive",
      "SyncStatus": "NotLive"
    }
  },
  {
    "Space": {
      "CreatedAt": "2026-06-12T17:16:24.421926Z",
      "CursorID": 4687,
      "DisplayName": "helm-victoria-logs-single-default-confighub-proof",
      "EntityType": "Space",
      "Labels": {
        "Component": "VictoriaLogsSingle",
        "Environment": "Demo",
        "Layer": "App",
        "Owner": "ConfigHubHelm",
        "Variant": "default"
      },
      "OrganizationID": "12c33fa8-00b1-4011-ad3e-19d56458b29c",
      "Permissions": {
        "Manage": {
          "UserIDs": {
            "c5818f81-ae4b-4d17-987f-743f19bdb0ca": true
          }
        },
        "ManageChildren": {
          "UserIDs": {
            "c5818f81-ae4b-4d17-987f-743f19bdb0ca": true
          }
        }
      },
      "Slug": "helm-victoria-logs-single-default-confighub-proof",
      "SpaceID": "5a28aebc-4309-4915-b437-9bda3b080180",
      "UpdatedAt": "2026-06-12T17:16:24.926865Z",
      "Version": 2,
      "WhereTrigger": "SpaceID = '5a28aebc-4309-4915-b437-9bda3b080180'"
    },
    "Unit": {
      "ApprovedBy": null,
      "CreatedAt": "0001-01-01T00:00:00Z",
      "DataHash": "c7ce99d591327aab23531936d2c68d272b030c0b5916b5b26b778abb0884b994",
      "EntityType": "Unit",
      "FromLinkID": null,
      "HeadRevisionNum": 2,
      "Labels": {
        "Component": "VictoriaLogsSingle",
        "HelmChart": "vm-victoria-logs-single",
        "HelmChartVersion": "0.12.5",
        "Package": "vm-victoria-logs-single",
        "Proof": "victoria-logs-single-default-confighub-proof",
        "Variant": "default"
      },
      "MutationSources": null,
      "OrganizationID": "12c33fa8-00b1-4011-ad3e-19d56458b29c",
      "Slug": "service-default-victoria-logs-single-server",
      "SpaceID": "5a28aebc-4309-4915-b437-9bda3b080180",
      "ToolchainType": "Kubernetes/YAML",
      "UnitID": "8556d6d0-6cfd-453a-9c69-5f952cdd739a",
      "UpdatedAt": "0001-01-01T00:00:00Z",
      "Version": 13
    },
    "UnitStatus": {
      "Action": "N/A",
      "ActionResult": "None",
      "ActionStartedAt": "0001-01-01T00:00:00Z",
      "ActionTerminatedAt": "0001-01-01T00:00:00Z",
      "Drift": "N/A",
      "Status": "NotLive",
      "SyncStatus": "NotLive"
    }
  },
  {
    "Space": {
      "CreatedAt": "2026-06-12T17:16:24.421926Z",
      "CursorID": 4687,
      "DisplayName": "helm-victoria-logs-single-default-confighub-proof",
      "EntityType": "Space",
      "Labels": {
        "Component": "VictoriaLogsSingle",
        "Environment": "Demo",
        "Layer": "App",
        "Owner": "ConfigHubHelm",
        "Variant": "default"
      },
      "OrganizationID": "12c33fa8-00b1-4011-ad3e-19d56458b29c",
      "Permissions": {
        "Manage": {
          "UserIDs": {
            "c5818f81-ae4b-4d17-987f-743f19bdb0ca": true
          }
        },
        "ManageChildren": {
          "UserIDs": {
            "c5818f81-ae4b-4d17-987f-743f19bdb0ca": true
          }
        }
      },
      "Slug": "helm-victoria-logs-single-default-confighub-proof",
      "SpaceID": "5a28aebc-4309-4915-b437-9bda3b080180",
      "UpdatedAt": "2026-06-12T17:16:24.926865Z",
      "Version": 2,
      "WhereTrigger": "SpaceID = '5a28aebc-4309-4915-b437-9bda3b080180'"
    },
    "Unit": {
      "ApprovedBy": null,
      "CreatedAt": "0001-01-01T00:00:00Z",
      "DataHash": "57b493557ccb9238a6cef2c6e8f1b3cbe5162d153e4e194d2288b8c745ee3bf5",
      "EntityType": "Unit",
      "FromLinkID": null,
      "HeadRevisionNum": 2,
      "Labels": {
        "Component": "VictoriaLogsSingle",
        "HelmChart": "vm-victoria-logs-single",
        "HelmChartVersion": "0.12.5",
        "Package": "vm-victoria-logs-single",
        "Proof": "victoria-logs-single-default-confighub-proof",
        "Variant": "default"
      },
      "MutationSources": null,
      "OrganizationID": "12c33fa8-00b1-4011-ad3e-19d56458b29c",
      "Slug": "statefulset-default-victoria-logs-single-server",
      "SpaceID": "5a28aebc-4309-4915-b437-9bda3b080180",
      "ToolchainType": "Kubernetes/YAML",
      "UnitID": "660a7ef2-becb-44db-8008-dc210ffcee5a",
      "UpdatedAt": "0001-01-01T00:00:00Z",
      "Version": 13
    },
    "UnitStatus": {
      "Action": "N/A",
      "ActionResult": "None",
      "ActionStartedAt": "0001-01-01T00:00:00Z",
      "ActionTerminatedAt": "0001-01-01T00:00:00Z",
      "Drift": "N/A",
      "Status": "NotLive",
      "SyncStatus": "NotLive"
    }
  }
]
