{
  "apiVersion": "installer.confighub.com/v1alpha1",
  "kind": "Package",
  "metadata": {
    "name": "jaegertracing-jaeger-operator"
  },
  "installerMetadata": {},
  "spec": {
    "bases": [
      {
        "name": "default",
        "path": "bases/default",
        "default": true,
        "description": "jaegertracing/jaeger-operator default variant rendered from jaegertracing/jaeger-operator@2.57.0"
      },
      {
        "name": "no-crds",
        "path": "bases/no-crds",
        "description": "jaegertracing/jaeger-operator no-crds variant rendered from jaegertracing/jaeger-operator@2.57.0"
      }
    ]
  }
}
