--- helm-jaeger-operator-default-confighub-proof/deployment-default-jaeger-operator/1
+++ helm-jaeger-operator-default-confighub-proof/deployment-default-jaeger-operator/2
@@ -20,42 +24,37 @@
       name: jaeger-operator
     spec:
       containers:
-        - args:
-            - start
-            - --metrics-port=8383
-            - --webhook-bind-port=9443
-          env:
-            - name: WATCH_NAMESPACE
-              valueFrom:
-                fieldRef:
-                  fieldPath: metadata.namespace
-            - name: POD_NAME
-              valueFrom:
-                fieldRef:
-                  fieldPath: metadata.name
-            - name: POD_NAMESPACE
-              valueFrom:
-                fieldRef:
-                  fieldPath: metadata.namespace
-            - name: OPERATOR_NAME
-              value: jaeger-operator
-          image: jaegertracing/jaeger-operator:1.61.0
-          imagePullPolicy: IfNotPresent
-          name: jaeger-operator
-          ports:
-            - containerPort: 8383
-              name: metrics
-            - containerPort: 9443
-              name: webhook-server
-              protocol: TCP
-          resources: {}
-          volumeMounts:
-            - mountPath: /tmp/k8s-webhook-server/serving-certs
-              name: cert
-              readOnly: true
+      - args:
+        - start
+        - --metrics-port=8383
+        - --webhook-bind-port=9443
+        env:
+        - name: WATCH_NAMESPACE
+          valueFrom:
+            fieldRef:
+              fieldPath: metadata.namespace
+        - name: POD_NAME
+          valueFrom:
+            fieldRef:
+              fieldPath: metadata.name
+        - name: POD_NAMESPACE
+          valueFrom:
+            fieldRef:
+              fieldPath: metadata.namespace
+        - name: OPERATOR_NAME
+          value: jaeger-operator
+        image: jaegertracing/jaeger-operator:1.61.0
+        imagePullPolicy: IfNotPresent
+        name: jaeger-operator
+        ports:
+        - containerPort: 8383
+          name: metrics
+        - containerPort: 9443
+          name: webhook-server
+          protocol: TCP
+        resources: {}
+        volumeMounts:
+        - mountPath: /tmp/k8s-webhook-server/serving-certs
+          name: cert
+          readOnly: true
       serviceAccountName: jaeger-operator
       volumes:
-        - name: cert
-          secret:
-            defaultMode: 420
-            secretName: jaeger-operator-service-cert
+      - name: cert
+        secret:
+          defaultMode: 420
+          secretName: jaeger-operator-service-cert
