apiVersion: apps/v1
kind: Deployment
metadata:
  labels:
    app: gateway
    app.kubernetes.io/instance: gateway
    app.kubernetes.io/managed-by: Helm
    app.kubernetes.io/name: gateway
    app.kubernetes.io/part-of: istio
    app.kubernetes.io/version: 1.30.0
    helm.sh/chart: gateway-1.30.0
    istio: gateway
    istio.io/dataplane-mode: none
  name: gateway
  namespace: default
spec:
  selector:
    matchLabels:
      app: gateway
      istio: gateway
  template:
    metadata:
      annotations:
        inject.istio.io/templates: gateway
        prometheus.io/path: /stats/prometheus
        prometheus.io/port: "15020"
        prometheus.io/scrape: "true"
        sidecar.istio.io/inject: "true"
      labels:
        app: gateway
        app.kubernetes.io/instance: gateway
        app.kubernetes.io/managed-by: Helm
        app.kubernetes.io/name: gateway
        app.kubernetes.io/part-of: istio
        app.kubernetes.io/version: 1.30.0
        helm.sh/chart: gateway-1.30.0
        istio: gateway
        istio.io/dataplane-mode: none
        sidecar.istio.io/inject: "true"
    spec:
      containers:
      - env: null
        image: auto
        name: istio-proxy
        ports:
        - containerPort: 15090
          name: http-envoy-prom
          protocol: TCP
        resources:
          limits:
            cpu: 2000m
            memory: 1024Mi
          requests:
            cpu: 100m
            memory: 128Mi
        securityContext:
          allowPrivilegeEscalation: false
          capabilities:
            drop:
            - ALL
          privileged: false
          readOnlyRootFilesystem: true
          runAsNonRoot: true
      securityContext:
        sysctls:
        - name: net.ipv4.ip_unprivileged_port_start
          value: "0"
      serviceAccountName: gateway
      terminationGracePeriodSeconds: 30
