--- helm-istio-gateway-default-confighub-proof/deployment-default-gateway/1
+++ helm-istio-gateway-default-confighub-proof/deployment-default-gateway/2
@@ -39,31 +43,24 @@
         sidecar.istio.io/inject: "true"
     spec:
       containers:
-        - env: null
-          image: auto
-          name: istio-proxy
-          ports:
-            - containerPort: 15090
-              name: http-envoy-prom
-              protocol: TCP
-          resources:
-            limits:
-              cpu: 2000m
-              memory: 1024Mi
-            requests:
-              cpu: 100m
-              memory: 128Mi
-          securityContext:
-            allowPrivilegeEscalation: false
-            capabilities:
-              drop:
-                - ALL
-            privileged: false
-            readOnlyRootFilesystem: true
-            runAsNonRoot: true
+      - env: null
+        image: auto
+        name: istio-proxy
+        ports:
+        - containerPort: 15090
+          name: http-envoy-prom
+          protocol: TCP
+        resources:
+          limits:
+            cpu: 2000m
+            memory: 1024Mi
+          requests:
+            cpu: 100m
+            memory: 128Mi
+        securityContext:
+          allowPrivilegeEscalation: false
+          capabilities:
+            drop:
+            - ALL
+          privileged: false
+          readOnlyRootFilesystem: true
+          runAsNonRoot: true
       securityContext:
         sysctls:
-          - name: net.ipv4.ip_unprivileged_port_start
-            value: "0"
+        - name: net.ipv4.ip_unprivileged_port_start
+          value: "0"
       serviceAccountName: gateway
       terminationGracePeriodSeconds: 30
