{
  "apiVersion": "installer.confighub.com/v1alpha1",
  "kind": "Package",
  "metadata": {
    "name": "gatekeeper-gatekeeper"
  },
  "installerMetadata": {},
  "spec": {
    "bases": [
      {
        "name": "default",
        "path": "bases/default",
        "default": true,
        "description": "gatekeeper/gatekeeper default variant rendered from gatekeeper/gatekeeper@3.22.2"
      },
      {
        "name": "no-crds",
        "path": "bases/no-crds",
        "description": "gatekeeper/gatekeeper no-crds variant rendered from gatekeeper/gatekeeper@3.22.2"
      }
    ]
  }
}
