{
  "apiVersion": "installer.confighub.com/v1alpha1",
  "kind": "Package",
  "metadata": {
    "name": "cloudnative-pg-cloudnative-pg"
  },
  "installerMetadata": {},
  "spec": {
    "bases": [
      {
        "name": "default",
        "path": "bases/default",
        "default": true,
        "description": "cloudnative-pg/cloudnative-pg default variant rendered from cloudnative-pg/cloudnative-pg@0.28.2"
      },
      {
        "name": "no-crds",
        "path": "bases/no-crds",
        "description": "cloudnative-pg/cloudnative-pg no-crds variant rendered from cloudnative-pg/cloudnative-pg@0.28.2"
      }
    ]
  }
}
