apiVersion: apps/v1
kind: Deployment
metadata:
  labels:
    app.kubernetes.io/instance: cloudnative-pg
    app.kubernetes.io/managed-by: Helm
    app.kubernetes.io/name: cloudnative-pg
    app.kubernetes.io/version: 1.29.1
    helm.sh/chart: cloudnative-pg-0.28.2
  name: cloudnative-pg
  namespace: default
spec:
  replicas: 1
  selector:
    matchLabels:
      app.kubernetes.io/instance: cloudnative-pg
      app.kubernetes.io/name: cloudnative-pg
  template:
    metadata:
      annotations:
        checksum/config: 1494b712d50b33375c11ea57166409c964f0acfea2c6b498bfe06e96a2346aae
        checksum/monitoring-config: 2821d85315e590ab93fac5e826b1afc744520df340565246f49a5a256f57a332
        checksum/rbac: 1c680c1b28106bd6cdcbe965484c66cfed80d142632b05b67ba303a3bf233045
      labels:
        app.kubernetes.io/instance: cloudnative-pg
        app.kubernetes.io/name: cloudnative-pg
    spec:
      containers:
      - args:
        - controller
        - --leader-elect
        - --max-concurrent-reconciles=10
        - --config-map-name=cnpg-controller-manager-config
        - --webhook-port=9443
        command:
        - /manager
        env:
        - name: OPERATOR_IMAGE_NAME
          value: ghcr.io/cloudnative-pg/cloudnative-pg:1.29.1
        - name: OPERATOR_NAMESPACE
          valueFrom:
            fieldRef:
              fieldPath: metadata.namespace
        - name: MONITORING_QUERIES_CONFIGMAP
          value: cnpg-default-monitoring
        image: ghcr.io/cloudnative-pg/cloudnative-pg:1.29.1
        imagePullPolicy: IfNotPresent
        livenessProbe:
          httpGet:
            path: /readyz
            port: webhook-server
            scheme: HTTPS
          initialDelaySeconds: 3
        name: manager
        ports:
        - containerPort: 8080
          name: metrics
          protocol: TCP
        - containerPort: 9443
          name: webhook-server
          protocol: TCP
        readinessProbe:
          httpGet:
            path: /readyz
            port: webhook-server
            scheme: HTTPS
          initialDelaySeconds: 3
        resources: {}
        securityContext:
          allowPrivilegeEscalation: false
          capabilities:
            drop:
            - ALL
          readOnlyRootFilesystem: true
          runAsGroup: 10001
          runAsUser: 10001
          seccompProfile:
            type: RuntimeDefault
        startupProbe:
          failureThreshold: 6
          httpGet:
            path: /readyz
            port: webhook-server
            scheme: HTTPS
          periodSeconds: 5
        volumeMounts:
        - mountPath: /controller
          name: scratch-data
        - mountPath: /run/secrets/cnpg.io/webhook
          name: webhook-certificates
      securityContext:
        runAsNonRoot: true
        seccompProfile:
          type: RuntimeDefault
      serviceAccountName: cloudnative-pg
      terminationGracePeriodSeconds: 10
      volumes:
      - emptyDir: {}
        name: scratch-data
      - name: webhook-certificates
        secret:
          defaultMode: 420
          optional: true
          secretName: cnpg-webhook-cert
