{
  "apiVersion": "installer.confighub.com/v1alpha1",
  "kind": "Package",
  "metadata": {
    "name": "external-dns-external-dns"
  },
  "installerMetadata": {},
  "spec": {
    "bases": [
      {
        "name": "default",
        "path": "bases/default",
        "default": true,
        "description": "external-dns/external-dns default variant rendered from external-dns/external-dns@1.21.1"
      },
      {
        "name": "no-crds",
        "path": "bases/no-crds",
        "description": "external-dns/external-dns no-crds variant rendered from external-dns/external-dns@1.21.1"
      },
      {
        "name": "dry-run-txt-registry",
        "path": "bases/dry-run-txt-registry",
        "description": "external-dns/external-dns dry-run-txt-registry variant rendered from external-dns/external-dns@1.21.1"
      }
    ]
  }
}
