[
  {
    "Space": {
      "CreatedAt": "2026-06-12T16:52:00.735447Z",
      "CursorID": 4604,
      "DisplayName": "helm-falco-default-confighub-proof",
      "EntityType": "Space",
      "Labels": {
        "Component": "Falco",
        "Environment": "Demo",
        "Layer": "App",
        "Owner": "ConfigHubHelm",
        "Variant": "default"
      },
      "OrganizationID": "12c33fa8-00b1-4011-ad3e-19d56458b29c",
      "Permissions": {
        "Manage": {
          "UserIDs": {
            "c5818f81-ae4b-4d17-987f-743f19bdb0ca": true
          }
        },
        "ManageChildren": {
          "UserIDs": {
            "c5818f81-ae4b-4d17-987f-743f19bdb0ca": true
          }
        }
      },
      "Slug": "helm-falco-default-confighub-proof",
      "SpaceID": "2c96cb83-2682-4db8-8e67-ae56745c526d",
      "UpdatedAt": "2026-06-12T16:52:01.318142Z",
      "Version": 2,
      "WhereTrigger": "SpaceID = '2c96cb83-2682-4db8-8e67-ae56745c526d'"
    },
    "Unit": {
      "ApprovedBy": null,
      "CreatedAt": "0001-01-01T00:00:00Z",
      "DataHash": "933b135fc165c49bab289ed9fb14eec1492f82344b8cc2354251311fc791289c",
      "EntityType": "Unit",
      "FromLinkID": null,
      "HeadRevisionNum": 1,
      "MutationSources": null,
      "OrganizationID": "12c33fa8-00b1-4011-ad3e-19d56458b29c",
      "Slug": "namespace-default",
      "SpaceID": "2c96cb83-2682-4db8-8e67-ae56745c526d",
      "ToolchainType": "Kubernetes/YAML",
      "UnitID": "c8e280aa-0e9f-4e97-92a2-b54939023a74",
      "UpdatedAt": "0001-01-01T00:00:00Z",
      "Version": 3
    },
    "UnitStatus": {
      "Action": "N/A",
      "ActionResult": "None",
      "ActionStartedAt": "0001-01-01T00:00:00Z",
      "ActionTerminatedAt": "0001-01-01T00:00:00Z",
      "Drift": "N/A",
      "Status": "NotLive",
      "SyncStatus": "NotLive"
    }
  },
  {
    "Space": {
      "CreatedAt": "2026-06-12T16:52:00.735447Z",
      "CursorID": 4604,
      "DisplayName": "helm-falco-default-confighub-proof",
      "EntityType": "Space",
      "Labels": {
        "Component": "Falco",
        "Environment": "Demo",
        "Layer": "App",
        "Owner": "ConfigHubHelm",
        "Variant": "default"
      },
      "OrganizationID": "12c33fa8-00b1-4011-ad3e-19d56458b29c",
      "Permissions": {
        "Manage": {
          "UserIDs": {
            "c5818f81-ae4b-4d17-987f-743f19bdb0ca": true
          }
        },
        "ManageChildren": {
          "UserIDs": {
            "c5818f81-ae4b-4d17-987f-743f19bdb0ca": true
          }
        }
      },
      "Slug": "helm-falco-default-confighub-proof",
      "SpaceID": "2c96cb83-2682-4db8-8e67-ae56745c526d",
      "UpdatedAt": "2026-06-12T16:52:01.318142Z",
      "Version": 2,
      "WhereTrigger": "SpaceID = '2c96cb83-2682-4db8-8e67-ae56745c526d'"
    },
    "Unit": {
      "ApprovedBy": null,
      "CreatedAt": "0001-01-01T00:00:00Z",
      "DataHash": "3c7e3aabf15cc6aaa577c778ef7239803b8457b4a9ee68dcd2c1fe689709c93f",
      "EntityType": "Unit",
      "FromLinkID": null,
      "HeadRevisionNum": 2,
      "MutationSources": null,
      "OrganizationID": "12c33fa8-00b1-4011-ad3e-19d56458b29c",
      "Slug": "daemonset-default-falco",
      "SpaceID": "2c96cb83-2682-4db8-8e67-ae56745c526d",
      "ToolchainType": "Kubernetes/YAML",
      "UnitID": "759f2802-97b9-4206-9974-92d46f632c88",
      "UpdatedAt": "0001-01-01T00:00:00Z",
      "Version": 18
    },
    "UnitStatus": {
      "Action": "N/A",
      "ActionResult": "None",
      "ActionStartedAt": "0001-01-01T00:00:00Z",
      "ActionTerminatedAt": "0001-01-01T00:00:00Z",
      "Drift": "N/A",
      "Status": "NotLive",
      "SyncStatus": "NotLive"
    }
  },
  {
    "Space": {
      "CreatedAt": "2026-06-12T16:52:00.735447Z",
      "CursorID": 4604,
      "DisplayName": "helm-falco-default-confighub-proof",
      "EntityType": "Space",
      "Labels": {
        "Component": "Falco",
        "Environment": "Demo",
        "Layer": "App",
        "Owner": "ConfigHubHelm",
        "Variant": "default"
      },
      "OrganizationID": "12c33fa8-00b1-4011-ad3e-19d56458b29c",
      "Permissions": {
        "Manage": {
          "UserIDs": {
            "c5818f81-ae4b-4d17-987f-743f19bdb0ca": true
          }
        },
        "ManageChildren": {
          "UserIDs": {
            "c5818f81-ae4b-4d17-987f-743f19bdb0ca": true
          }
        }
      },
      "Slug": "helm-falco-default-confighub-proof",
      "SpaceID": "2c96cb83-2682-4db8-8e67-ae56745c526d",
      "UpdatedAt": "2026-06-12T16:52:01.318142Z",
      "Version": 2,
      "WhereTrigger": "SpaceID = '2c96cb83-2682-4db8-8e67-ae56745c526d'"
    },
    "Unit": {
      "ApprovedBy": null,
      "CreatedAt": "0001-01-01T00:00:00Z",
      "DataHash": "23237a2a328efa3c2996fc254c0df7f35552533cbb30becbe98be336f14b4d16",
      "EntityType": "Unit",
      "FromLinkID": null,
      "HeadRevisionNum": 2,
      "MutationSources": null,
      "OrganizationID": "12c33fa8-00b1-4011-ad3e-19d56458b29c",
      "Slug": "installer-record",
      "SpaceID": "2c96cb83-2682-4db8-8e67-ae56745c526d",
      "ToolchainType": "Kubernetes/YAML",
      "UnitID": "507d7c2e-21e0-439a-80c4-96b2f24acd5d",
      "UpdatedAt": "0001-01-01T00:00:00Z",
      "Version": 6
    },
    "UnitStatus": {
      "Action": "N/A",
      "ActionResult": "None",
      "ActionStartedAt": "0001-01-01T00:00:00Z",
      "ActionTerminatedAt": "0001-01-01T00:00:00Z",
      "Drift": "N/A",
      "Status": "NotLive",
      "SyncStatus": "NotLive"
    }
  },
  {
    "Space": {
      "CreatedAt": "2026-06-12T16:52:00.735447Z",
      "CursorID": 4604,
      "DisplayName": "helm-falco-default-confighub-proof",
      "EntityType": "Space",
      "Labels": {
        "Component": "Falco",
        "Environment": "Demo",
        "Layer": "App",
        "Owner": "ConfigHubHelm",
        "Variant": "default"
      },
      "OrganizationID": "12c33fa8-00b1-4011-ad3e-19d56458b29c",
      "Permissions": {
        "Manage": {
          "UserIDs": {
            "c5818f81-ae4b-4d17-987f-743f19bdb0ca": true
          }
        },
        "ManageChildren": {
          "UserIDs": {
            "c5818f81-ae4b-4d17-987f-743f19bdb0ca": true
          }
        }
      },
      "Slug": "helm-falco-default-confighub-proof",
      "SpaceID": "2c96cb83-2682-4db8-8e67-ae56745c526d",
      "UpdatedAt": "2026-06-12T16:52:01.318142Z",
      "Version": 2,
      "WhereTrigger": "SpaceID = '2c96cb83-2682-4db8-8e67-ae56745c526d'"
    },
    "Unit": {
      "ApprovedBy": null,
      "CreatedAt": "0001-01-01T00:00:00Z",
      "DataHash": "f96cc397a28547c75cabe50de0bea6cd035c281622eed2f84f6ac14ff5607336",
      "EntityType": "Unit",
      "FromLinkID": null,
      "HeadRevisionNum": 1,
      "MutationSources": null,
      "OrganizationID": "12c33fa8-00b1-4011-ad3e-19d56458b29c",
      "Slug": "configmap-default-falco",
      "SpaceID": "2c96cb83-2682-4db8-8e67-ae56745c526d",
      "ToolchainType": "Kubernetes/YAML",
      "UnitID": "7a381c7a-5172-46b5-ad76-22b8fe5f16bc",
      "UpdatedAt": "0001-01-01T00:00:00Z",
      "Version": 6
    },
    "UnitStatus": {
      "Action": "N/A",
      "ActionResult": "None",
      "ActionStartedAt": "0001-01-01T00:00:00Z",
      "ActionTerminatedAt": "0001-01-01T00:00:00Z",
      "Drift": "N/A",
      "Status": "NotLive",
      "SyncStatus": "NotLive"
    }
  },
  {
    "Space": {
      "CreatedAt": "2026-06-12T16:52:00.735447Z",
      "CursorID": 4604,
      "DisplayName": "helm-falco-default-confighub-proof",
      "EntityType": "Space",
      "Labels": {
        "Component": "Falco",
        "Environment": "Demo",
        "Layer": "App",
        "Owner": "ConfigHubHelm",
        "Variant": "default"
      },
      "OrganizationID": "12c33fa8-00b1-4011-ad3e-19d56458b29c",
      "Permissions": {
        "Manage": {
          "UserIDs": {
            "c5818f81-ae4b-4d17-987f-743f19bdb0ca": true
          }
        },
        "ManageChildren": {
          "UserIDs": {
            "c5818f81-ae4b-4d17-987f-743f19bdb0ca": true
          }
        }
      },
      "Slug": "helm-falco-default-confighub-proof",
      "SpaceID": "2c96cb83-2682-4db8-8e67-ae56745c526d",
      "UpdatedAt": "2026-06-12T16:52:01.318142Z",
      "Version": 2,
      "WhereTrigger": "SpaceID = '2c96cb83-2682-4db8-8e67-ae56745c526d'"
    },
    "Unit": {
      "ApprovedBy": null,
      "CreatedAt": "0001-01-01T00:00:00Z",
      "DataHash": "c6e2cbe65813ba1101e100d05cffb6e92e6b1a7bd4e0a241ce4c332bed22844d",
      "EntityType": "Unit",
      "FromLinkID": null,
      "HeadRevisionNum": 1,
      "MutationSources": null,
      "OrganizationID": "12c33fa8-00b1-4011-ad3e-19d56458b29c",
      "Slug": "configmap-default-falco-falcoctl",
      "SpaceID": "2c96cb83-2682-4db8-8e67-ae56745c526d",
      "ToolchainType": "Kubernetes/YAML",
      "UnitID": "dcb49e47-05f8-453f-bb8f-7c3f7183a567",
      "UpdatedAt": "0001-01-01T00:00:00Z",
      "Version": 6
    },
    "UnitStatus": {
      "Action": "N/A",
      "ActionResult": "None",
      "ActionStartedAt": "0001-01-01T00:00:00Z",
      "ActionTerminatedAt": "0001-01-01T00:00:00Z",
      "Drift": "N/A",
      "Status": "NotLive",
      "SyncStatus": "NotLive"
    }
  },
  {
    "Space": {
      "CreatedAt": "2026-06-12T16:52:00.735447Z",
      "CursorID": 4604,
      "DisplayName": "helm-falco-default-confighub-proof",
      "EntityType": "Space",
      "Labels": {
        "Component": "Falco",
        "Environment": "Demo",
        "Layer": "App",
        "Owner": "ConfigHubHelm",
        "Variant": "default"
      },
      "OrganizationID": "12c33fa8-00b1-4011-ad3e-19d56458b29c",
      "Permissions": {
        "Manage": {
          "UserIDs": {
            "c5818f81-ae4b-4d17-987f-743f19bdb0ca": true
          }
        },
        "ManageChildren": {
          "UserIDs": {
            "c5818f81-ae4b-4d17-987f-743f19bdb0ca": true
          }
        }
      },
      "Slug": "helm-falco-default-confighub-proof",
      "SpaceID": "2c96cb83-2682-4db8-8e67-ae56745c526d",
      "UpdatedAt": "2026-06-12T16:52:01.318142Z",
      "Version": 2,
      "WhereTrigger": "SpaceID = '2c96cb83-2682-4db8-8e67-ae56745c526d'"
    },
    "Unit": {
      "ApprovedBy": null,
      "CreatedAt": "0001-01-01T00:00:00Z",
      "DataHash": "98029ce308d9b66c08b50631c9853c12bb7df95d075c85890edcf4463ac8129e",
      "EntityType": "Unit",
      "FromLinkID": null,
      "HeadRevisionNum": 2,
      "MutationSources": null,
      "OrganizationID": "12c33fa8-00b1-4011-ad3e-19d56458b29c",
      "Slug": "role-default-falco",
      "SpaceID": "2c96cb83-2682-4db8-8e67-ae56745c526d",
      "ToolchainType": "Kubernetes/YAML",
      "UnitID": "48743fd1-255f-4f46-b670-61c61df54f27",
      "UpdatedAt": "0001-01-01T00:00:00Z",
      "Version": 10
    },
    "UnitStatus": {
      "Action": "N/A",
      "ActionResult": "None",
      "ActionStartedAt": "0001-01-01T00:00:00Z",
      "ActionTerminatedAt": "0001-01-01T00:00:00Z",
      "Drift": "N/A",
      "Status": "NotLive",
      "SyncStatus": "NotLive"
    }
  },
  {
    "Space": {
      "CreatedAt": "2026-06-12T16:52:00.735447Z",
      "CursorID": 4604,
      "DisplayName": "helm-falco-default-confighub-proof",
      "EntityType": "Space",
      "Labels": {
        "Component": "Falco",
        "Environment": "Demo",
        "Layer": "App",
        "Owner": "ConfigHubHelm",
        "Variant": "default"
      },
      "OrganizationID": "12c33fa8-00b1-4011-ad3e-19d56458b29c",
      "Permissions": {
        "Manage": {
          "UserIDs": {
            "c5818f81-ae4b-4d17-987f-743f19bdb0ca": true
          }
        },
        "ManageChildren": {
          "UserIDs": {
            "c5818f81-ae4b-4d17-987f-743f19bdb0ca": true
          }
        }
      },
      "Slug": "helm-falco-default-confighub-proof",
      "SpaceID": "2c96cb83-2682-4db8-8e67-ae56745c526d",
      "UpdatedAt": "2026-06-12T16:52:01.318142Z",
      "Version": 2,
      "WhereTrigger": "SpaceID = '2c96cb83-2682-4db8-8e67-ae56745c526d'"
    },
    "Unit": {
      "ApprovedBy": null,
      "CreatedAt": "0001-01-01T00:00:00Z",
      "DataHash": "8f355885daea985c97f969edd54bdfec7e78c802e42ca61a0c17f7c8b7fd2e9e",
      "EntityType": "Unit",
      "FromLinkID": null,
      "HeadRevisionNum": 2,
      "MutationSources": null,
      "OrganizationID": "12c33fa8-00b1-4011-ad3e-19d56458b29c",
      "Slug": "rolebinding-default-falco",
      "SpaceID": "2c96cb83-2682-4db8-8e67-ae56745c526d",
      "ToolchainType": "Kubernetes/YAML",
      "UnitID": "a1e5b116-935b-4387-a1db-ada47592f498",
      "UpdatedAt": "0001-01-01T00:00:00Z",
      "Version": 12
    },
    "UnitStatus": {
      "Action": "N/A",
      "ActionResult": "None",
      "ActionStartedAt": "0001-01-01T00:00:00Z",
      "ActionTerminatedAt": "0001-01-01T00:00:00Z",
      "Drift": "N/A",
      "Status": "NotLive",
      "SyncStatus": "NotLive"
    }
  },
  {
    "Space": {
      "CreatedAt": "2026-06-12T16:52:00.735447Z",
      "CursorID": 4604,
      "DisplayName": "helm-falco-default-confighub-proof",
      "EntityType": "Space",
      "Labels": {
        "Component": "Falco",
        "Environment": "Demo",
        "Layer": "App",
        "Owner": "ConfigHubHelm",
        "Variant": "default"
      },
      "OrganizationID": "12c33fa8-00b1-4011-ad3e-19d56458b29c",
      "Permissions": {
        "Manage": {
          "UserIDs": {
            "c5818f81-ae4b-4d17-987f-743f19bdb0ca": true
          }
        },
        "ManageChildren": {
          "UserIDs": {
            "c5818f81-ae4b-4d17-987f-743f19bdb0ca": true
          }
        }
      },
      "Slug": "helm-falco-default-confighub-proof",
      "SpaceID": "2c96cb83-2682-4db8-8e67-ae56745c526d",
      "UpdatedAt": "2026-06-12T16:52:01.318142Z",
      "Version": 2,
      "WhereTrigger": "SpaceID = '2c96cb83-2682-4db8-8e67-ae56745c526d'"
    },
    "Unit": {
      "ApprovedBy": null,
      "CreatedAt": "0001-01-01T00:00:00Z",
      "DataHash": "c4466507c9354e5d5de6d876ad39121dbcb537775a1de910f882e6e5144a3955",
      "EntityType": "Unit",
      "FromLinkID": null,
      "HeadRevisionNum": 1,
      "MutationSources": null,
      "OrganizationID": "12c33fa8-00b1-4011-ad3e-19d56458b29c",
      "Slug": "serviceaccount-default-falco",
      "SpaceID": "2c96cb83-2682-4db8-8e67-ae56745c526d",
      "ToolchainType": "Kubernetes/YAML",
      "UnitID": "2b0557c8-e832-4801-b635-174c52b292cc",
      "UpdatedAt": "0001-01-01T00:00:00Z",
      "Version": 6
    },
    "UnitStatus": {
      "Action": "N/A",
      "ActionResult": "None",
      "ActionStartedAt": "0001-01-01T00:00:00Z",
      "ActionTerminatedAt": "0001-01-01T00:00:00Z",
      "Drift": "N/A",
      "Status": "NotLive",
      "SyncStatus": "NotLive"
    }
  }
]
