--- helm-falco-default-confighub-proof/daemonset-default-falco/1
+++ helm-falco-default-confighub-proof/daemonset-default-falco/2
@@ -26,237 +30,216 @@
       name: falco
     spec:
       containers:
-        - args:
-            - /usr/bin/falco
-          env:
-            - name: HOST_ROOT
-              value: /host
-            - name: FALCO_HOSTNAME
-              valueFrom:
-                fieldRef:
-                  fieldPath: spec.nodeName
-            - name: FALCO_K8S_NODE_NAME
-              valueFrom:
-                fieldRef:
-                  fieldPath: spec.nodeName
-          image: docker.io/falcosecurity/falco:0.44.0
-          imagePullPolicy: IfNotPresent
-          livenessProbe:
-            failureThreshold: 3
-            httpGet:
-              path: /healthz
-              port: 8765
-            initialDelaySeconds: 0
-            periodSeconds: 15
-            timeoutSeconds: 5
-          name: falco
-          ports:
-            - containerPort: 8765
-              name: web
-              protocol: TCP
-          readinessProbe:
-            failureThreshold: 3
-            httpGet:
-              path: /healthz
-              port: 8765
-            initialDelaySeconds: 0
-            periodSeconds: 15
-            timeoutSeconds: 5
-          resources:
-            limits:
-              cpu: 1000m
-              memory: 1024Mi
-            requests:
-              cpu: 100m
-              memory: 512Mi
-          securityContext:
-            privileged: true
-          startupProbe:
-            failureThreshold: 20
-            httpGet:
-              path: /healthz
-              port: 8765
-            initialDelaySeconds: 3
-            periodSeconds: 5
-            timeoutSeconds: 5
-          tty: false
-          volumeMounts:
-            - mountPath: /host/var/run/docker.sock
-              name: container-engine-socket-0
-            - mountPath: /host/run/podman/podman.sock
-              name: container-engine-socket-1
-            - mountPath: /host/run/host-containerd/containerd.sock
-              name: container-engine-socket-2
-            - mountPath: /host/run/containerd/containerd.sock
-              name: container-engine-socket-3
-            - mountPath: /host/run/crio/crio.sock
-              name: container-engine-socket-4
-            - mountPath: /host/run/k3s/containerd/containerd.sock
-              name: container-engine-socket-5
-            - mountPath: /etc/falco
-              name: rulesfiles-install-dir
-            - mountPath: /usr/share/falco/plugins
-              name: plugins-install-dir
-            - mountPath: /etc/falco/config.d
-              name: specialized-falco-configs
-            - mountPath: /root/.falco
-              name: root-falco-fs
-            - mountPath: /host/proc
-              name: proc-fs
-            - mountPath: /host/etc
-              name: etc-fs
-              readOnly: true
-            - mountPath: /host/dev
-              name: dev-fs
-              readOnly: true
-            - mountPath: /sys/module
-              name: sys-module-fs
-            - mountPath: /sys/kernel
-              name: sys-fs
-              readOnly: true
-            - mountPath: /etc/falco/falco.yaml
-              name: falco-yaml
-              subPath: falco.yaml
-        - args:
-            - artifact
-            - follow
-            - --log-format=json
-          image: docker.io/falcosecurity/falcoctl:0.13.0
-          imagePullPolicy: IfNotPresent
-          name: falcoctl-artifact-follow
-          securityContext: null
-          volumeMounts:
-            - mountPath: /plugins
-              name: plugins-install-dir
-            - mountPath: /rulesfiles
-              name: rulesfiles-install-dir
-            - mountPath: /etc/falcoctl
-              name: falcoctl-config-volume
-            - mountPath: /artifactstate
-              name: artifact-state-dir
-      initContainers:
-        - args:
-            - auto
-          env:
-            - name: HOST_ROOT
-              value: /host
-            - name: FALCOCTL_DRIVER_CONFIG_NAMESPACE
-              valueFrom:
-                fieldRef:
-                  fieldPath: metadata.namespace
-            - name: FALCOCTL_DRIVER_CONFIG_CONFIGMAP
-              value: falco
-          image: docker.io/falcosecurity/falco-driver-loader:0.44.0
-          imagePullPolicy: IfNotPresent
-          name: falco-driver-loader
-          securityContext:
-            privileged: true
-          volumeMounts:
-            - mountPath: /root/.falco
-              name: root-falco-fs
-            - mountPath: /host/proc
-              name: proc-fs
-              readOnly: true
-            - mountPath: /host/boot
-              name: boot-fs
-              readOnly: true
-            - mountPath: /host/lib/modules
-              name: lib-modules
-            - mountPath: /host/usr
-              name: usr-fs
-              readOnly: true
-            - mountPath: /host/etc
-              name: etc-fs
-              readOnly: true
-            - mountPath: /etc/falco/config.d
-              name: specialized-falco-configs
-        - args:
-            - artifact
-            - install
-            - --log-format=json
-          image: docker.io/falcosecurity/falcoctl:0.13.0
-          imagePullPolicy: IfNotPresent
-          name: falcoctl-artifact-install
-          securityContext: null
-          volumeMounts:
-            - mountPath: /plugins
-              name: plugins-install-dir
-            - mountPath: /rulesfiles
-              name: rulesfiles-install-dir
-            - mountPath: /etc/falcoctl
-              name: falcoctl-config-volume
-            - mountPath: /artifactstate
-              name: artifact-state-dir
-      serviceAccountName: falco
-      tolerations:
-        - effect: NoSchedule
-          key: node-role.kubernetes.io/master
-        - effect: NoSchedule
-          key: node-role.kubernetes.io/control-plane
-      volumes:
-        - hostPath:
-            path: /var/run/docker.sock
+      - args:
+        - /usr/bin/falco
+        env:
+        - name: HOST_ROOT
+          value: /host
+        - name: FALCO_HOSTNAME
+          valueFrom:
+            fieldRef:
+              fieldPath: spec.nodeName
+        - name: FALCO_K8S_NODE_NAME
+          valueFrom:
+            fieldRef:
+              fieldPath: spec.nodeName
+        image: docker.io/falcosecurity/falco:0.44.0
+        imagePullPolicy: IfNotPresent
+        livenessProbe:
+          failureThreshold: 3
+          httpGet:
+            path: /healthz
+            port: 8765
+          initialDelaySeconds: 0
+          periodSeconds: 15
+          timeoutSeconds: 5
+        name: falco
+        ports:
+        - containerPort: 8765
+          name: web
+          protocol: TCP
+        readinessProbe:
+          failureThreshold: 3
+          httpGet:
+            path: /healthz
+            port: 8765
+          initialDelaySeconds: 0
+          periodSeconds: 15
+          timeoutSeconds: 5
+        resources:
+          limits:
+            cpu: 1000m
+            memory: 1024Mi
+          requests:
+            cpu: 100m
+            memory: 512Mi
+        securityContext:
+          privileged: true
+        startupProbe:
+          failureThreshold: 20
+          httpGet:
+            path: /healthz
+            port: 8765
+          initialDelaySeconds: 3
+          periodSeconds: 5
+          timeoutSeconds: 5
+        tty: false
+        volumeMounts:
+        - mountPath: /host/var/run/docker.sock
           name: container-engine-socket-0
-        - hostPath:
-            path: /run/podman/podman.sock
+        - mountPath: /host/run/podman/podman.sock
           name: container-engine-socket-1
-        - hostPath:
-            path: /run/host-containerd/containerd.sock
+        - mountPath: /host/run/host-containerd/containerd.sock
           name: container-engine-socket-2
-        - hostPath:
-            path: /run/containerd/containerd.sock
+        - mountPath: /host/run/containerd/containerd.sock
           name: container-engine-socket-3
-        - hostPath:
-            path: /run/crio/crio.sock
+        - mountPath: /host/run/crio/crio.sock
           name: container-engine-socket-4
-        - hostPath:
-            path: /run/k3s/containerd/containerd.sock
+        - mountPath: /host/run/k3s/containerd/containerd.sock
           name: container-engine-socket-5
-        - emptyDir: {}
+        - mountPath: /etc/falco
+          name: rulesfiles-install-dir
+        - mountPath: /usr/share/falco/plugins
+          name: plugins-install-dir
+        - mountPath: /etc/falco/config.d
           name: specialized-falco-configs
-        - emptyDir: {}
+        - mountPath: /root/.falco
+          name: root-falco-fs
+        - mountPath: /host/proc
+          name: proc-fs
+        - mountPath: /host/etc
+          name: etc-fs
+          readOnly: true
+        - mountPath: /host/dev
+          name: dev-fs
+          readOnly: true
+        - mountPath: /sys/module
+          name: sys-module-fs
+        - mountPath: /sys/kernel
+          name: sys-fs
+          readOnly: true
+        - mountPath: /etc/falco/falco.yaml
+          name: falco-yaml
+          subPath: falco.yaml
+      - args:
+        - artifact
+        - follow
+        - --log-format=json
+        image: docker.io/falcosecurity/falcoctl:0.13.0
+        imagePullPolicy: IfNotPresent
+        name: falcoctl-artifact-follow
+        securityContext: null
+        volumeMounts:
+        - mountPath: /plugins
           name: plugins-install-dir
-        - emptyDir: {}
+        - mountPath: /rulesfiles
           name: rulesfiles-install-dir
-        - emptyDir: {}
+        - mountPath: /etc/falcoctl
+          name: falcoctl-config-volume
+        - mountPath: /artifactstate
           name: artifact-state-dir
-        - emptyDir: {}
+      initContainers:
+      - args:
+        - auto
+        env:
+        - name: HOST_ROOT
+          value: /host
+        - name: FALCOCTL_DRIVER_CONFIG_NAMESPACE
+          valueFrom:
+            fieldRef:
+              fieldPath: metadata.namespace
+        - name: FALCOCTL_DRIVER_CONFIG_CONFIGMAP
+          value: falco
+        image: docker.io/falcosecurity/falco-driver-loader:0.44.0
+        imagePullPolicy: IfNotPresent
+        name: falco-driver-loader
+        securityContext:
+          privileged: true
+        volumeMounts:
+        - mountPath: /root/.falco
           name: root-falco-fs
-        - hostPath:
-            path: /boot
+        - mountPath: /host/proc
+          name: proc-fs
+          readOnly: true
+        - mountPath: /host/boot
           name: boot-fs
-        - hostPath:
-            path: /lib/modules
+          readOnly: true
+        - mountPath: /host/lib/modules
           name: lib-modules
-        - hostPath:
-            path: /usr
+        - mountPath: /host/usr
           name: usr-fs
-        - hostPath:
-            path: /etc
+          readOnly: true
+        - mountPath: /host/etc
           name: etc-fs
-        - hostPath:
-            path: /dev
-          name: dev-fs
-        - hostPath:
-            path: /sys/module
-          name: sys-module-fs
-        - hostPath:
-            path: /sys/kernel
-          name: sys-fs
-        - hostPath:
-            path: /proc
-          name: proc-fs
-        - configMap:
-            items:
-              - key: falcoctl.yaml
-                path: falcoctl.yaml
-            name: falco-falcoctl
+          readOnly: true
+        - mountPath: /etc/falco/config.d
+          name: specialized-falco-configs
+      - args:
+        - artifact
+        - install
+        - --log-format=json
+        image: docker.io/falcosecurity/falcoctl:0.13.0
+        imagePullPolicy: IfNotPresent
+        name: falcoctl-artifact-install
+        securityContext: null
+        volumeMounts:
+        - mountPath: /plugins
+          name: plugins-install-dir
+        - mountPath: /rulesfiles
+          name: rulesfiles-install-dir
+        - mountPath: /etc/falcoctl
           name: falcoctl-config-volume
-        - configMap:
-            items:
-              - key: falco.yaml
-                path: falco.yaml
-            name: falco
-          name: falco-yaml
+        - mountPath: /artifactstate
+          name: artifact-state-dir
+      serviceAccountName: falco
+      tolerations:
+      - effect: NoSchedule
+        key: node-role.kubernetes.io/master
+      - effect: NoSchedule
+        key: node-role.kubernetes.io/control-plane
+      volumes:
+      - hostPath:
+          path: /var/run/docker.sock
+        name: container-engine-socket-0
+      - hostPath:
+          path: /run/podman/podman.sock
+        name: container-engine-socket-1
+      - hostPath:
+          path: /run/host-containerd/containerd.sock
+        name: container-engine-socket-2
+      - hostPath:
+          path: /run/containerd/containerd.sock
+        name: container-engine-socket-3
+      - hostPath:
+          path: /run/crio/crio.sock
+        name: container-engine-socket-4
+      - hostPath:
+          path: /run/k3s/containerd/containerd.sock
+        name: container-engine-socket-5
+      - emptyDir: {}
+        name: specialized-falco-configs
+      - emptyDir: {}
+        name: plugins-install-dir
+      - emptyDir: {}
+        name: rulesfiles-install-dir
+      - emptyDir: {}
+        name: artifact-state-dir
+      - emptyDir: {}
+        name: root-falco-fs
+      - hostPath:
+          path: /boot
+        name: boot-fs
+      - hostPath:
+          path: /lib/modules
+        name: lib-modules
+      - hostPath:
+          path: /usr
+        name: usr-fs
+      - hostPath:
+          path: /etc
+        name: etc-fs
+      - hostPath:
+          path: /dev
+        name: dev-fs
+      - hostPath:
+          path: /sys/module
+        name: sys-module-fs
+      - hostPath:
+          path: /sys/kernel
+        name: sys-fs
+      - hostPath:
+          path: /proc
+        name: proc-fs
+      - configMap:
+          items:
+          - key: falcoctl.yaml
+            path: falcoctl.yaml
+          name: falco-falcoctl
+        name: falcoctl-config-volume
+      - configMap:
+          items:
+          - key: falco.yaml
+            path: falco.yaml
+          name: falco
+        name: falco-yaml
   updateStrategy:
     type: RollingUpdate
