== rook-release-rook-ceph@ → Space helm-rook-ceph-default-confighub-proof ==
Successfully created unit clusterrole-ceph-csi-cephconnection-viewer-role (1ceca7aa-d4a2-4b56-8d56-7fa7d63bcd85)
Successfully created unit clusterrole-ceph-csi-cephconnections-editor-role (8c2aa2f3-30f7-4320-a9e1-c874bdb4bcd9)
Successfully created unit clusterrole-ceph-csi-cephfs-ctrlplugin-cr (3bd686c4-5335-46d5-bf40-b5d65a5ae5bb)
Successfully created unit clusterrole-ceph-csi-cephfs-nodeplugin-cr (6fa290ef-1277-4b75-b312-a9c348163a8a)
Successfully created unit clusterrole-ceph-csi-clientprofile-viewer-role (4fc27744-fc39-4b51-b7c7-b1d28bdc5775)
Successfully created unit clusterrole-ceph-csi-clientprofilemapping-editor-role (59935b18-160a-46fa-8dbc-3e214938e05b)
Successfully created unit clusterrole-ceph-csi-clientprofilemapping-viewer-role (cec89c76-adc2-4123-b420-fd1a3919d87e)
Successfully created unit clusterrole-ceph-csi-clientprofiles-editor-role (d97d60fc-f817-47e3-8e17-ed302cd92933)
Successfully created unit clusterrole-ceph-csi-driver-editor-role (d6e9be5b-5258-43b3-af95-b82a2574f315)
Successfully created unit clusterrole-ceph-csi-driver-viewer-role (b5ce418e-b7c2-43a4-b768-227686c52311)
Successfully created unit clusterrole-ceph-csi-manager-role (207bc04e-2fdd-42c1-a9ee-08b57344cbdb)
Successfully created unit clusterrole-ceph-csi-metrics-auth-role (cbffa216-ad95-4540-bc61-f78100739885)
Successfully created unit clusterrole-ceph-csi-metrics-reader (df5cd8b9-03a3-450a-a613-3cfd8e992bb9)
Successfully created unit clusterrole-ceph-csi-nfs-ctrlplugin-cr (1f3524d4-7e6e-4ecd-9d08-1b667ef049fc)
Successfully created unit clusterrole-ceph-csi-nfs-nodeplugin-cr (56b0391d-558d-4ba2-85b5-8749e53f745d)
Successfully created unit clusterrole-ceph-csi-nvmeof-ctrlplugin-cr (2e47a34a-6f3f-4e9d-bae8-415df58fb39d)
Successfully created unit clusterrole-ceph-csi-nvmeof-nodeplugin-cr (eccbe5bd-759d-4366-9b4f-153dadc8cf56)
Successfully created unit clusterrole-ceph-csi-operatorconfig-editor-role (4f7b163d-8122-43a2-8f0c-5bce526b2a1b)
Successfully created unit clusterrole-ceph-csi-operatorconfig-viewer-role (50ca4baa-bb84-441a-8b86-a3d5e336fce9)
Successfully created unit clusterrole-ceph-csi-rbd-ctrlplugin-cr (5af779be-ecea-4c2d-baf5-f731bc42fa42)
Successfully created unit clusterrole-ceph-csi-rbd-nodeplugin-cr (1ee40ce9-abcb-4c4a-8d54-f757033e9cab)
Successfully created unit clusterrole-cephfs-csi-nodeplugin (9aec309b-2286-415d-ab46-5c7ec1103333)
Successfully created unit clusterrole-cephfs-external-provisioner-runner (aa1e5d0b-b4ed-457d-873a-6e7c921f4b2f)
Successfully created unit clusterrole-objectstorage-provisioner-role (e685d807-b7a3-4d8f-94d8-84a0af61b220)
Successfully created unit clusterrole-rbd-csi-nodeplugin (62976fac-cc57-4892-bf85-7d135c73e16f)
Successfully created unit clusterrole-rbd-external-provisioner-runner (1364b2e0-6aa8-4abb-8e05-186a88a6f4ce)
Successfully created unit clusterrole-rook-ceph-cluster-mgmt (90a06981-5bf4-433b-8767-1ce009789a11)
Successfully created unit clusterrole-rook-ceph-global (c17d1369-1820-4013-8c49-338c9dd7c509)
Successfully created unit clusterrole-rook-ceph-mgr-cluster (9971dba4-4085-4e79-bfe5-85683f6a0edd)
Successfully created unit clusterrole-rook-ceph-mgr-system (40cc4a64-8fba-40d5-a808-60931d1cf78b)
Successfully created unit clusterrole-rook-ceph-object-bucket (5d557719-9d7c-4a0e-8e0b-1fe6552757ff)
Successfully created unit clusterrole-rook-ceph-osd (7354beb8-8c4f-4320-855b-d4ad592f160c)
Successfully created unit clusterrole-rook-ceph-system (bc971d7e-1e75-4dbc-9093-8f90a2c4ba99)
Successfully created unit clusterrolebinding-ceph-csi-cephfs-ctrlplugin-crb (92428e45-501d-4002-9af7-4d2d01c8e043)
Successfully created unit clusterrolebinding-ceph-csi-cephfs-nodeplugin-crb (2a229acb-5000-4fd3-8d68-d8fe188feb15)
Successfully created unit clusterrolebinding-ceph-csi-manager-rolebinding (6f21f828-8546-4025-bfcc-5c080f7c0fe9)
Successfully created unit clusterrolebinding-ceph-csi-metrics-auth-rolebinding (64a87bad-c280-477c-9b29-f11ce6734a22)
Successfully created unit clusterrolebinding-ceph-csi-nfs-ctrlplugin-crb (0bd7367f-7b73-4fcf-bcc4-537b8a641aa6)
Successfully created unit clusterrolebinding-ceph-csi-nfs-nodeplugin-crb (b90d8431-2097-4b30-8aab-141020613b09)
Successfully created unit clusterrolebinding-ceph-csi-nvmeof-ctrlplugin-crb (ac6d97d9-cc83-448c-a69b-26901e7c2831)
Successfully created unit clusterrolebinding-ceph-csi-nvmeof-nodeplugin-crb (14c6e139-37e7-4bab-9fa5-75c0ca0d0efb)
Successfully created unit clusterrolebinding-ceph-csi-rbd-ctrlplugin-crb (2103bc21-fd72-48f2-8b13-b4771c2a5385)
Successfully created unit clusterrolebinding-ceph-csi-rbd-nodeplugin-crb (251c9757-8803-4dd8-bf62-9ed33bdd0537)
Successfully created unit clusterrolebinding-cephfs-csi-nodeplugin-role (00a0859c-14a9-4e89-9779-71ce8ade45ce)
Successfully created unit clusterrolebinding-cephfs-csi-provisioner-role (3d245a2e-f3fd-40c3-bab8-4b788c840c38)
Successfully created unit clusterrolebinding-objectstorage-provisioner-role-binding (f120494f-4c01-462c-adde-f128c7b8dfde)
Successfully created unit clusterrolebinding-rbd-csi-nodeplugin (45323b21-9941-49e6-99d7-d2826760b2b1)
Successfully created unit clusterrolebinding-rbd-csi-provisioner-role (df88a163-f680-40ac-9ac3-00b87c68f50f)
Successfully created unit clusterrolebinding-rook-ceph-global (ea8ccdaf-4f95-4927-b37e-1021055338f4)
Successfully created unit clusterrolebinding-rook-ceph-mgr-cluster (64c92ddc-e654-41c7-a95f-a419a8ff6b9d)
Successfully created unit clusterrolebinding-rook-ceph-object-bucket (db666ce5-beaf-4ad0-b5dd-79c9a8bd8c50)
Successfully created unit clusterrolebinding-rook-ceph-osd (5c979458-a802-45f0-af5e-dd686990376d)
Successfully created unit clusterrolebinding-rook-ceph-system (c6e5d6e3-29b3-4705-8926-c594dc23e8ec)
Successfully created unit configmap-default-rook-ceph-operator-config (560c338c-479f-4594-bf40-eb735f00039d)
Successfully created unit customresourcedefinition-cephblockpoolradosnamespaces-ceph-rook-io (c6559497-8e37-453d-8007-75e711da7269)
Successfully created unit customresourcedefinition-cephblockpools-ceph-rook-io (6635203a-e667-4da3-9497-09158c13669b)
Successfully created unit customresourcedefinition-cephbucketnotifications-ceph-rook-io (df79944b-f894-4cea-9a26-033d447e8c1a)
Successfully created unit customresourcedefinition-cephbuckettopics-ceph-rook-io (24f0f66c-ca9c-494c-ade7-365c72f0be53)
Successfully created unit customresourcedefinition-cephclients-ceph-rook-io (746ca014-54af-4f09-8bb4-d7b886f6a662)
Successfully created unit customresourcedefinition-cephclusters-ceph-rook-io (62f349fe-0acc-46ff-b228-96ae4a35b4da)
Successfully created unit customresourcedefinition-cephconnections-csi-ceph-io (183ce3b6-9b4d-4cd0-8c57-0784ca932d87)
Successfully created unit customresourcedefinition-cephcosidrivers-ceph-rook-io (6f72d1f6-da8e-4c0d-99f9-8537af5f3bdf)
Successfully created unit customresourcedefinition-cephfilesystemmirrors-ceph-rook-io (82eab273-9a90-4522-8de7-d633495c60d0)
Successfully created unit customresourcedefinition-cephfilesystems-ceph-rook-io (d314ed2c-08d6-46ec-8eaf-1818a3f07f77)
Successfully created unit customresourcedefinition-cephfilesystemsubvolumegroups-ceph-rook-io (cdabec9b-0ed1-4da7-bbaf-259c4cea38fe)
Successfully created unit customresourcedefinition-cephnfses-ceph-rook-io (f0a04372-b2bf-42ed-ab51-464454760e0c)
Successfully created unit customresourcedefinition-cephnvmeofgateways-ceph-rook-io (b53cdd92-5875-4376-a15a-c8f15a8e0adc)
Successfully created unit customresourcedefinition-cephobjectrealms-ceph-rook-io (42476c3a-971b-4026-af04-54dd53ab8cc1)
Successfully created unit customresourcedefinition-cephobjectstores-ceph-rook-io (41f6f698-1986-4854-96de-49baeddcb685)
Successfully created unit customresourcedefinition-cephobjectstoreusers-ceph-rook-io (3067fb90-adc3-4d35-a191-c48faa816d72)
Successfully created unit customresourcedefinition-cephobjectzonegroups-ceph-rook-io (927b8515-4bdf-4afc-9410-de5161b8b26e)
Successfully created unit customresourcedefinition-cephobjectzones-ceph-rook-io (7b7c0436-a6be-48b6-9be4-02e3a3dbff71)
Successfully created unit customresourcedefinition-cephrbdmirrors-ceph-rook-io (ab13f0e4-db99-4d7c-be4d-aa22b9f50831)
Successfully created unit customresourcedefinition-clientprofilemappings-csi-ceph-io (7733a4d1-bbc1-45a9-b589-7e37ca0774d6)
Successfully created unit customresourcedefinition-clientprofiles-csi-ceph-io (fb935e2c-c2bf-4ca5-aa11-e3ae5f685374)
Successfully created unit customresourcedefinition-drivers-csi-ceph-io (aaec00e8-f8fe-42ad-9534-2035695b8c55)
Successfully created unit customresourcedefinition-objectbucketclaims-objectbucket-io (ec2b131e-1f75-455a-824f-a1c3a151976a)
Successfully created unit customresourcedefinition-objectbuckets-objectbucket-io (640b52de-4114-49a8-b838-62200f27f270)
Successfully created unit customresourcedefinition-operatorconfigs-csi-ceph-io (398f541a-33c5-4b75-bbcd-0f7a3fd9f1a5)
Successfully created unit deployment-default-ceph-csi-controller-manager (d97fa39f-c5e3-4b24-81e0-7270a33809b3)
Successfully created unit deployment-default-rook-ceph-operator (f6ef5b4d-068e-4fb5-9511-09dde12f3757)
Successfully created unit namespace-default (86984c3b-fa21-44cc-87f2-e800cb6f089b)
Successfully created unit role-default-ceph-csi-cephfs-ctrlplugin-r (947c8474-a31f-4a45-b973-488c9d4d546c)
Successfully created unit role-default-ceph-csi-cephfs-nodeplugin-r (97a900af-189c-4cfc-acdd-348ef0305e76)
Successfully created unit role-default-ceph-csi-leader-election-role (a3db2be1-cc03-4be7-bf44-0e7c69e46bf6)
Successfully created unit role-default-ceph-csi-nvmeof-ctrlplugin-r (9642e280-e952-44d0-8cd4-681cc6e9a006)
Successfully created unit role-default-ceph-csi-nvmeof-nodeplugin-r (64b17220-b24a-453d-b15d-5e2a7966a621)
Successfully created unit role-default-ceph-csi-rbd-ctrlplugin-r (aa9a4feb-256c-4a49-a07e-32c1d6714660)
Successfully created unit role-default-ceph-csi-rbd-nodeplugin-r (c0507c83-1b08-4c34-aa7c-75941d7f0fb5)
Successfully created unit role-default-cephfs-external-provisioner-cfg (f3e5a836-9abf-471c-8c98-8ce0ba9a579c)
Successfully created unit role-default-rbd-external-provisioner-cfg (9fc8ed0e-4a59-4100-bfa1-e73829f89001)
Successfully created unit role-default-rook-ceph-cmd-reporter (e647222c-42af-4de9-b120-1f39bbd0b81c)
Successfully created unit role-default-rook-ceph-mgr (7100c914-db53-4f36-947f-ca89c2c7c429)
Successfully created unit role-default-rook-ceph-osd (72b3ff9e-79bd-4f69-8bc6-a06670fe84e2)
Successfully created unit role-default-rook-ceph-purge-osd (0ed2a707-722d-4a58-9e14-7df322a19f95)
Successfully created unit role-default-rook-ceph-system (39681cc7-4615-49b3-876b-05e56ad8958d)
Successfully created unit rolebinding-default-ceph-csi-cephfs-ctrlplugin-rb (8a1405ef-0fdd-427b-9f0b-bd9f0d579b71)
Successfully created unit rolebinding-default-ceph-csi-cephfs-nodeplugin-rb (5c5dfba5-2434-49fd-b849-9bdb1682b068)
Successfully created unit rolebinding-default-ceph-csi-leader-election-rolebinding (4be1d7aa-cf38-4fbd-8950-dbdd24b3baf4)
Successfully created unit rolebinding-default-ceph-csi-nvmeof-ctrlplugin-rb (d26d1041-7c33-4879-b042-fdbe9be3ce67)
Successfully created unit rolebinding-default-ceph-csi-nvmeof-nodeplugin-rb (ca868952-d376-4433-b581-992c43e47dda)
Successfully created unit rolebinding-default-ceph-csi-rbd-ctrlplugin-rb (9deac417-1366-49db-be2f-2e4046d708a4)
Successfully created unit rolebinding-default-ceph-csi-rbd-nodeplugin-rb (72bf4951-3be5-40d9-a4d5-c7208193f615)
Successfully created unit rolebinding-default-cephfs-csi-provisioner-role-cfg (97f68c8f-a48e-4a90-96b0-78f8dc454463)
Successfully created unit rolebinding-default-rbd-csi-provisioner-role-cfg (a16a2cf8-1503-49fc-bc8b-c1abc136a007)
Successfully created unit rolebinding-default-rook-ceph-cluster-mgmt (f7567bc4-f73b-47de-ab3e-e2966d1c0098)
Successfully created unit rolebinding-default-rook-ceph-cmd-reporter (fb5f5777-779d-4cef-aec8-1f986bba96cd)
Successfully created unit rolebinding-default-rook-ceph-mgr-system (9c87202b-d41a-40f0-9cab-1dbff2e33fa9)
Successfully created unit rolebinding-default-rook-ceph-mgr (1aefcfba-7a95-40cf-b46a-2d0a0bec952b)
Successfully created unit rolebinding-default-rook-ceph-osd (896bad3c-3bdf-451b-a92e-597f3cddcd51)
Successfully created unit rolebinding-default-rook-ceph-purge-osd (fa23b284-275f-4f0e-a68b-ad4013b13818)
Successfully created unit rolebinding-default-rook-ceph-system (c36760da-7f85-4b9b-8524-216691170ad0)
Successfully created unit serviceaccount-default-ceph-csi-cephfs-ctrlplugin-sa (41ebd322-6b18-4bf8-8617-0b7e34ac4657)
Successfully created unit serviceaccount-default-ceph-csi-cephfs-nodeplugin-sa (497f6a47-5f56-4a69-85c1-bba539c168f6)
Successfully created unit serviceaccount-default-ceph-csi-controller-manager (318923e3-8f3f-4a9f-b868-7c482c32b239)
Successfully created unit serviceaccount-default-ceph-csi-nfs-ctrlplugin-sa (7ea0b7ec-3815-4ee0-8d39-ec74dd527f29)
Successfully created unit serviceaccount-default-ceph-csi-nfs-nodeplugin-sa (ac7deb9d-9ed7-482f-9bb0-83d58e091d2f)
Successfully created unit serviceaccount-default-ceph-csi-nvmeof-ctrlplugin-sa (805d7bfd-1bf1-46ee-809d-436911ee0610)
Successfully created unit serviceaccount-default-ceph-csi-nvmeof-nodeplugin-sa (327e7e9e-6a93-4d0c-825c-76c3bc3bb356)
Successfully created unit serviceaccount-default-ceph-csi-rbd-ctrlplugin-sa (7d24ee3e-3c88-43b5-89e9-d7545ba5e167)
Successfully created unit serviceaccount-default-ceph-csi-rbd-nodeplugin-sa (bac17450-77a2-481d-b504-842626ae426b)
Successfully created unit serviceaccount-default-objectstorage-provisioner (b457c654-717f-4b3e-aa41-392345b1a9f7)
Successfully created unit serviceaccount-default-rook-ceph-cmd-reporter (300171e3-3cd5-4a33-99d0-dcc22cd1e071)
Successfully created unit serviceaccount-default-rook-ceph-default (054b2dcc-5753-4756-8f79-7e6acb3ff4e6)
Successfully created unit serviceaccount-default-rook-ceph-mgr (105cbe3e-d968-4c22-b308-f4fab6e592e7)
Successfully created unit serviceaccount-default-rook-ceph-nvmeof (b1668173-186f-4e05-9fe1-d133c2e93262)
Successfully created unit serviceaccount-default-rook-ceph-osd (6a0a7ffc-01b5-42ff-8317-0920791f0de3)
Successfully created unit serviceaccount-default-rook-ceph-purge-osd (b8ef5188-e050-4b0f-b5d0-59bddd174e01)
Successfully created unit serviceaccount-default-rook-ceph-rgw (2c56261b-3bb4-49da-9015-85ad52388307)
Successfully created unit serviceaccount-default-rook-ceph-system (1077a015-1ba4-410c-aec2-28d8c4a2556c)
Successfully created unit serviceaccount-default-rook-csi-cephfs-plugin-sa (3b62b1f8-c62f-4521-8ec7-a7841545cc39)
Successfully created unit serviceaccount-default-rook-csi-cephfs-provisioner-sa (71af4dca-8203-4e41-9cc6-f1f3a1f4bb09)
Successfully created unit serviceaccount-default-rook-csi-rbd-plugin-sa (23952746-dea7-4cd0-a489-d1f28c0b7b94)
Successfully created unit serviceaccount-default-rook-csi-rbd-provisioner-sa (ec15dea2-53ce-455d-b522-a089d9beff5c)
Successfully created unit installer-record (d7c4c5aa-efee-44f8-ae24-bf9667da7e67)
Linked clusterrolebinding-ceph-csi-cephfs-ctrlplugin-crb -> clusterrole-ceph-csi-cephfs-ctrlplugin-cr (reference:rbac.authorization.k8s.io/v1/ClusterRole)
Linked clusterrolebinding-ceph-csi-cephfs-ctrlplugin-crb -> namespace-default (reference:v1/Namespace)
Linked clusterrolebinding-ceph-csi-cephfs-ctrlplugin-crb -> serviceaccount-default-ceph-csi-cephfs-ctrlplugin-sa (reference:v1/ServiceAccount)
Linked clusterrolebinding-ceph-csi-cephfs-nodeplugin-crb -> clusterrole-ceph-csi-cephfs-nodeplugin-cr (reference:rbac.authorization.k8s.io/v1/ClusterRole)
Linked clusterrolebinding-ceph-csi-cephfs-nodeplugin-crb -> namespace-default (reference:v1/Namespace)
Linked clusterrolebinding-ceph-csi-cephfs-nodeplugin-crb -> serviceaccount-default-ceph-csi-cephfs-nodeplugin-sa (reference:v1/ServiceAccount)
Linked clusterrolebinding-ceph-csi-manager-rolebinding -> clusterrole-ceph-csi-manager-role (reference:rbac.authorization.k8s.io/v1/ClusterRole)
Linked clusterrolebinding-ceph-csi-manager-rolebinding -> namespace-default (reference:v1/Namespace)
Linked clusterrolebinding-ceph-csi-manager-rolebinding -> serviceaccount-default-ceph-csi-controller-manager (reference:v1/ServiceAccount)
Linked clusterrolebinding-ceph-csi-metrics-auth-rolebinding -> clusterrole-ceph-csi-metrics-auth-role (reference:rbac.authorization.k8s.io/v1/ClusterRole)
Linked clusterrolebinding-ceph-csi-metrics-auth-rolebinding -> namespace-default (reference:v1/Namespace)
Linked clusterrolebinding-ceph-csi-metrics-auth-rolebinding -> serviceaccount-default-ceph-csi-controller-manager (reference:v1/ServiceAccount)
Linked clusterrolebinding-ceph-csi-nfs-ctrlplugin-crb -> clusterrole-ceph-csi-nfs-ctrlplugin-cr (reference:rbac.authorization.k8s.io/v1/ClusterRole)
Linked clusterrolebinding-ceph-csi-nfs-ctrlplugin-crb -> namespace-default (reference:v1/Namespace)
Linked clusterrolebinding-ceph-csi-nfs-ctrlplugin-crb -> serviceaccount-default-ceph-csi-nfs-ctrlplugin-sa (reference:v1/ServiceAccount)
Linked clusterrolebinding-ceph-csi-nfs-nodeplugin-crb -> clusterrole-ceph-csi-nfs-nodeplugin-cr (reference:rbac.authorization.k8s.io/v1/ClusterRole)
Linked clusterrolebinding-ceph-csi-nfs-nodeplugin-crb -> namespace-default (reference:v1/Namespace)
Linked clusterrolebinding-ceph-csi-nfs-nodeplugin-crb -> serviceaccount-default-ceph-csi-nfs-nodeplugin-sa (reference:v1/ServiceAccount)
Linked clusterrolebinding-ceph-csi-nvmeof-ctrlplugin-crb -> clusterrole-ceph-csi-nvmeof-ctrlplugin-cr (reference:rbac.authorization.k8s.io/v1/ClusterRole)
Linked clusterrolebinding-ceph-csi-nvmeof-ctrlplugin-crb -> namespace-default (reference:v1/Namespace)
Linked clusterrolebinding-ceph-csi-nvmeof-ctrlplugin-crb -> serviceaccount-default-ceph-csi-nvmeof-ctrlplugin-sa (reference:v1/ServiceAccount)
Linked clusterrolebinding-ceph-csi-nvmeof-nodeplugin-crb -> clusterrole-ceph-csi-nvmeof-nodeplugin-cr (reference:rbac.authorization.k8s.io/v1/ClusterRole)
Linked clusterrolebinding-ceph-csi-nvmeof-nodeplugin-crb -> namespace-default (reference:v1/Namespace)
Linked clusterrolebinding-ceph-csi-nvmeof-nodeplugin-crb -> serviceaccount-default-ceph-csi-nvmeof-nodeplugin-sa (reference:v1/ServiceAccount)
Linked clusterrolebinding-ceph-csi-rbd-ctrlplugin-crb -> clusterrole-ceph-csi-rbd-ctrlplugin-cr (reference:rbac.authorization.k8s.io/v1/ClusterRole)
Linked clusterrolebinding-ceph-csi-rbd-ctrlplugin-crb -> namespace-default (reference:v1/Namespace)
Linked clusterrolebinding-ceph-csi-rbd-ctrlplugin-crb -> serviceaccount-default-ceph-csi-rbd-ctrlplugin-sa (reference:v1/ServiceAccount)
Linked clusterrolebinding-ceph-csi-rbd-nodeplugin-crb -> clusterrole-ceph-csi-rbd-nodeplugin-cr (reference:rbac.authorization.k8s.io/v1/ClusterRole)
Linked clusterrolebinding-ceph-csi-rbd-nodeplugin-crb -> namespace-default (reference:v1/Namespace)
Linked clusterrolebinding-ceph-csi-rbd-nodeplugin-crb -> serviceaccount-default-ceph-csi-rbd-nodeplugin-sa (reference:v1/ServiceAccount)
Linked clusterrolebinding-cephfs-csi-nodeplugin-role -> clusterrole-cephfs-csi-nodeplugin (reference:rbac.authorization.k8s.io/v1/ClusterRole)
Linked clusterrolebinding-cephfs-csi-nodeplugin-role -> namespace-default (reference:v1/Namespace)
Linked clusterrolebinding-cephfs-csi-nodeplugin-role -> serviceaccount-default-rook-csi-cephfs-plugin-sa (reference:v1/ServiceAccount)
Linked clusterrolebinding-cephfs-csi-provisioner-role -> clusterrole-cephfs-external-provisioner-runner (reference:rbac.authorization.k8s.io/v1/ClusterRole)
Linked clusterrolebinding-cephfs-csi-provisioner-role -> namespace-default (reference:v1/Namespace)
Linked clusterrolebinding-cephfs-csi-provisioner-role -> serviceaccount-default-rook-csi-cephfs-provisioner-sa (reference:v1/ServiceAccount)
Linked clusterrolebinding-objectstorage-provisioner-role-binding -> clusterrole-objectstorage-provisioner-role (reference:rbac.authorization.k8s.io/v1/ClusterRole)
Linked clusterrolebinding-objectstorage-provisioner-role-binding -> namespace-default (reference:v1/Namespace)
Linked clusterrolebinding-objectstorage-provisioner-role-binding -> serviceaccount-default-objectstorage-provisioner (reference:v1/ServiceAccount)
Linked clusterrolebinding-rbd-csi-nodeplugin -> clusterrole-rbd-csi-nodeplugin (reference:rbac.authorization.k8s.io/v1/ClusterRole)
Linked clusterrolebinding-rbd-csi-nodeplugin -> namespace-default (reference:v1/Namespace)
Linked clusterrolebinding-rbd-csi-nodeplugin -> serviceaccount-default-rook-csi-rbd-plugin-sa (reference:v1/ServiceAccount)
Linked clusterrolebinding-rbd-csi-provisioner-role -> clusterrole-rbd-external-provisioner-runner (reference:rbac.authorization.k8s.io/v1/ClusterRole)
Linked clusterrolebinding-rbd-csi-provisioner-role -> namespace-default (reference:v1/Namespace)
Linked clusterrolebinding-rbd-csi-provisioner-role -> serviceaccount-default-rook-csi-rbd-provisioner-sa (reference:v1/ServiceAccount)
Linked clusterrolebinding-rook-ceph-global -> clusterrole-rook-ceph-global (reference:rbac.authorization.k8s.io/v1/ClusterRole)
Linked clusterrolebinding-rook-ceph-global -> namespace-default (reference:v1/Namespace)
Linked clusterrolebinding-rook-ceph-global -> serviceaccount-default-rook-ceph-system (reference:v1/ServiceAccount)
Linked clusterrolebinding-rook-ceph-mgr-cluster -> clusterrole-rook-ceph-mgr-cluster (reference:rbac.authorization.k8s.io/v1/ClusterRole)
Linked clusterrolebinding-rook-ceph-mgr-cluster -> namespace-default (reference:v1/Namespace)
Linked clusterrolebinding-rook-ceph-mgr-cluster -> serviceaccount-default-rook-ceph-mgr (reference:v1/ServiceAccount)
Linked clusterrolebinding-rook-ceph-object-bucket -> clusterrole-rook-ceph-object-bucket (reference:rbac.authorization.k8s.io/v1/ClusterRole)
Linked clusterrolebinding-rook-ceph-object-bucket -> namespace-default (reference:v1/Namespace)
Linked clusterrolebinding-rook-ceph-object-bucket -> serviceaccount-default-rook-ceph-system (reference:v1/ServiceAccount)
Linked clusterrolebinding-rook-ceph-osd -> clusterrole-rook-ceph-osd (reference:rbac.authorization.k8s.io/v1/ClusterRole)
Linked clusterrolebinding-rook-ceph-osd -> namespace-default (reference:v1/Namespace)
Linked clusterrolebinding-rook-ceph-osd -> serviceaccount-default-rook-ceph-osd (reference:v1/ServiceAccount)
Linked clusterrolebinding-rook-ceph-system -> clusterrole-rook-ceph-system (reference:rbac.authorization.k8s.io/v1/ClusterRole)
Linked clusterrolebinding-rook-ceph-system -> namespace-default (reference:v1/Namespace)
Linked clusterrolebinding-rook-ceph-system -> serviceaccount-default-rook-ceph-system (reference:v1/ServiceAccount)
Linked configmap-default-rook-ceph-operator-config -> namespace-default (reference:v1/Namespace)
Linked deployment-default-ceph-csi-controller-manager -> namespace-default (reference:v1/Namespace)
Linked deployment-default-ceph-csi-controller-manager -> serviceaccount-default-ceph-csi-controller-manager (reference:v1/ServiceAccount)
Linked deployment-default-rook-ceph-operator -> namespace-default (reference:v1/Namespace)
Linked deployment-default-rook-ceph-operator -> serviceaccount-default-rook-ceph-system (reference:v1/ServiceAccount)
Linked role-default-ceph-csi-cephfs-ctrlplugin-r -> namespace-default (reference:v1/Namespace)
Linked role-default-ceph-csi-cephfs-nodeplugin-r -> namespace-default (reference:v1/Namespace)
Linked role-default-ceph-csi-leader-election-role -> namespace-default (reference:v1/Namespace)
Linked role-default-ceph-csi-nvmeof-ctrlplugin-r -> namespace-default (reference:v1/Namespace)
Linked role-default-ceph-csi-nvmeof-nodeplugin-r -> namespace-default (reference:v1/Namespace)
Linked role-default-ceph-csi-rbd-ctrlplugin-r -> namespace-default (reference:v1/Namespace)
Linked role-default-ceph-csi-rbd-nodeplugin-r -> namespace-default (reference:v1/Namespace)
Linked role-default-cephfs-external-provisioner-cfg -> namespace-default (reference:v1/Namespace)
Linked role-default-rbd-external-provisioner-cfg -> namespace-default (reference:v1/Namespace)
Linked role-default-rook-ceph-cmd-reporter -> namespace-default (reference:v1/Namespace)
Linked role-default-rook-ceph-mgr -> namespace-default (reference:v1/Namespace)
Linked role-default-rook-ceph-osd -> namespace-default (reference:v1/Namespace)
Linked role-default-rook-ceph-purge-osd -> namespace-default (reference:v1/Namespace)
Linked role-default-rook-ceph-system -> namespace-default (reference:v1/Namespace)
Linked rolebinding-default-ceph-csi-cephfs-ctrlplugin-rb -> namespace-default (reference:v1/Namespace)
Linked rolebinding-default-ceph-csi-cephfs-ctrlplugin-rb -> serviceaccount-default-ceph-csi-cephfs-ctrlplugin-sa (reference:v1/ServiceAccount)
Linked rolebinding-default-ceph-csi-cephfs-nodeplugin-rb -> namespace-default (reference:v1/Namespace)
Linked rolebinding-default-ceph-csi-cephfs-nodeplugin-rb -> role-default-ceph-csi-cephfs-nodeplugin-r (reference:rbac.authorization.k8s.io/v1/Role)
Linked rolebinding-default-ceph-csi-cephfs-nodeplugin-rb -> serviceaccount-default-ceph-csi-cephfs-nodeplugin-sa (reference:v1/ServiceAccount)
Linked rolebinding-default-ceph-csi-leader-election-rolebinding -> namespace-default (reference:v1/Namespace)
Linked rolebinding-default-ceph-csi-leader-election-rolebinding -> serviceaccount-default-ceph-csi-controller-manager (reference:v1/ServiceAccount)
Linked rolebinding-default-ceph-csi-nvmeof-ctrlplugin-rb -> namespace-default (reference:v1/Namespace)
Linked rolebinding-default-ceph-csi-nvmeof-ctrlplugin-rb -> role-default-ceph-csi-nvmeof-ctrlplugin-r (reference:rbac.authorization.k8s.io/v1/Role)
Linked rolebinding-default-ceph-csi-nvmeof-ctrlplugin-rb -> serviceaccount-default-ceph-csi-nvmeof-ctrlplugin-sa (reference:v1/ServiceAccount)
Linked rolebinding-default-ceph-csi-nvmeof-nodeplugin-rb -> namespace-default (reference:v1/Namespace)
Linked rolebinding-default-ceph-csi-nvmeof-nodeplugin-rb -> serviceaccount-default-ceph-csi-nvmeof-nodeplugin-sa (reference:v1/ServiceAccount)
Linked rolebinding-default-ceph-csi-rbd-ctrlplugin-rb -> namespace-default (reference:v1/Namespace)
Linked rolebinding-default-ceph-csi-rbd-ctrlplugin-rb -> role-default-ceph-csi-rbd-ctrlplugin-r (reference:rbac.authorization.k8s.io/v1/Role)
Linked rolebinding-default-ceph-csi-rbd-ctrlplugin-rb -> serviceaccount-default-ceph-csi-rbd-ctrlplugin-sa (reference:v1/ServiceAccount)
Linked rolebinding-default-ceph-csi-rbd-nodeplugin-rb -> namespace-default (reference:v1/Namespace)
Linked rolebinding-default-ceph-csi-rbd-nodeplugin-rb -> serviceaccount-default-ceph-csi-rbd-nodeplugin-sa (reference:v1/ServiceAccount)
Linked rolebinding-default-cephfs-csi-provisioner-role-cfg -> namespace-default (reference:v1/Namespace)
Linked rolebinding-default-cephfs-csi-provisioner-role-cfg -> serviceaccount-default-rook-csi-cephfs-provisioner-sa (reference:v1/ServiceAccount)
Linked rolebinding-default-rbd-csi-provisioner-role-cfg -> namespace-default (reference:v1/Namespace)
Linked rolebinding-default-rbd-csi-provisioner-role-cfg -> role-default-rbd-external-provisioner-cfg (reference:rbac.authorization.k8s.io/v1/Role)
Linked rolebinding-default-rbd-csi-provisioner-role-cfg -> serviceaccount-default-rook-csi-rbd-provisioner-sa (reference:v1/ServiceAccount)
Linked rolebinding-default-rook-ceph-cluster-mgmt -> clusterrole-rook-ceph-cluster-mgmt (reference:rbac.authorization.k8s.io/v1/ClusterRole)
Linked rolebinding-default-rook-ceph-cluster-mgmt -> namespace-default (reference:v1/Namespace)
Linked rolebinding-default-rook-ceph-cluster-mgmt -> serviceaccount-default-rook-ceph-system (reference:v1/ServiceAccount)
Linked rolebinding-default-rook-ceph-cmd-reporter -> namespace-default (reference:v1/Namespace)
Linked rolebinding-default-rook-ceph-cmd-reporter -> role-default-rook-ceph-cmd-reporter (reference:rbac.authorization.k8s.io/v1/Role)
Linked rolebinding-default-rook-ceph-cmd-reporter -> serviceaccount-default-rook-ceph-cmd-reporter (reference:v1/ServiceAccount)
Linked rolebinding-default-rook-ceph-mgr -> namespace-default (reference:v1/Namespace)
Linked rolebinding-default-rook-ceph-mgr -> serviceaccount-default-rook-ceph-mgr (reference:v1/ServiceAccount)
Linked rolebinding-default-rook-ceph-mgr-system -> namespace-default (reference:v1/Namespace)
Linked rolebinding-default-rook-ceph-mgr-system -> serviceaccount-default-rook-ceph-mgr (reference:v1/ServiceAccount)
Linked rolebinding-default-rook-ceph-osd -> clusterrole-rook-ceph-osd (reference:rbac.authorization.k8s.io/v1/ClusterRole)
Linked rolebinding-default-rook-ceph-osd -> namespace-default (reference:v1/Namespace)
Linked rolebinding-default-rook-ceph-osd -> serviceaccount-default-rook-ceph-osd (reference:v1/ServiceAccount)
Linked rolebinding-default-rook-ceph-purge-osd -> namespace-default (reference:v1/Namespace)
Linked rolebinding-default-rook-ceph-purge-osd -> role-default-rook-ceph-purge-osd (reference:rbac.authorization.k8s.io/v1/Role)
Linked rolebinding-default-rook-ceph-purge-osd -> serviceaccount-default-rook-ceph-purge-osd (reference:v1/ServiceAccount)
Linked rolebinding-default-rook-ceph-system -> namespace-default (reference:v1/Namespace)
Linked rolebinding-default-rook-ceph-system -> role-default-rook-ceph-system (reference:rbac.authorization.k8s.io/v1/Role)
Linked rolebinding-default-rook-ceph-system -> serviceaccount-default-rook-ceph-system (reference:v1/ServiceAccount)
Linked serviceaccount-default-ceph-csi-cephfs-ctrlplugin-sa -> namespace-default (reference:v1/Namespace)
Linked serviceaccount-default-ceph-csi-cephfs-nodeplugin-sa -> namespace-default (reference:v1/Namespace)
Linked serviceaccount-default-ceph-csi-controller-manager -> namespace-default (reference:v1/Namespace)
Linked serviceaccount-default-ceph-csi-nfs-ctrlplugin-sa -> namespace-default (reference:v1/Namespace)
Linked serviceaccount-default-ceph-csi-nfs-nodeplugin-sa -> namespace-default (reference:v1/Namespace)
Linked serviceaccount-default-ceph-csi-nvmeof-ctrlplugin-sa -> namespace-default (reference:v1/Namespace)
Linked serviceaccount-default-ceph-csi-nvmeof-nodeplugin-sa -> namespace-default (reference:v1/Namespace)
Linked serviceaccount-default-ceph-csi-rbd-ctrlplugin-sa -> namespace-default (reference:v1/Namespace)
Linked serviceaccount-default-ceph-csi-rbd-nodeplugin-sa -> namespace-default (reference:v1/Namespace)
Linked serviceaccount-default-objectstorage-provisioner -> namespace-default (reference:v1/Namespace)
Linked serviceaccount-default-rook-ceph-cmd-reporter -> namespace-default (reference:v1/Namespace)
Linked serviceaccount-default-rook-ceph-default -> namespace-default (reference:v1/Namespace)
Linked serviceaccount-default-rook-ceph-mgr -> namespace-default (reference:v1/Namespace)
Linked serviceaccount-default-rook-ceph-nvmeof -> namespace-default (reference:v1/Namespace)
Linked serviceaccount-default-rook-ceph-osd -> namespace-default (reference:v1/Namespace)
Linked serviceaccount-default-rook-ceph-purge-osd -> namespace-default (reference:v1/Namespace)
Linked serviceaccount-default-rook-ceph-rgw -> namespace-default (reference:v1/Namespace)
Linked serviceaccount-default-rook-ceph-system -> namespace-default (reference:v1/Namespace)
Linked serviceaccount-default-rook-csi-cephfs-plugin-sa -> namespace-default (reference:v1/Namespace)
Linked serviceaccount-default-rook-csi-cephfs-provisioner-sa -> namespace-default (reference:v1/Namespace)
Linked serviceaccount-default-rook-csi-rbd-plugin-sa -> namespace-default (reference:v1/Namespace)
Linked serviceaccount-default-rook-csi-rbd-provisioner-sa -> namespace-default (reference:v1/Namespace)

Note: the following references didn't resolve to any Unit in this Space.
That's expected when the referenced resource lives in the cluster but
isn't managed by ConfigHub (e.g., a Secret created out-of-band, a
Namespace owned by the platform team). Verify each against your cluster
before applying.
  - rolebinding-default-ceph-csi-cephfs-ctrlplugin-rb -> rbac.authorization.k8s.io/v1/ClusterRole "ceph-csi-cephfs-ctrlplugin-r"
  - rolebinding-default-ceph-csi-leader-election-rolebinding -> rbac.authorization.k8s.io/v1/ClusterRole "ceph-csi-leader-election-role"
  - rolebinding-default-ceph-csi-nvmeof-nodeplugin-rb -> rbac.authorization.k8s.io/v1/ClusterRole "ceph-csi-nvmeof-nodeplugin-r"
  - rolebinding-default-ceph-csi-rbd-nodeplugin-rb -> rbac.authorization.k8s.io/v1/ClusterRole "ceph-csi-rbd-nodeplugin-r"
  - rolebinding-default-cephfs-csi-provisioner-role-cfg -> rbac.authorization.k8s.io/v1/ClusterRole "cephfs-external-provisioner-cfg"
  - rolebinding-default-rook-ceph-mgr -> rbac.authorization.k8s.io/v1/ClusterRole "rook-ceph-mgr"
  - rolebinding-default-rook-ceph-mgr-system -> rbac.authorization.k8s.io/v1/Role "rook-ceph-mgr-system"
