--- helm-rook-ceph-default-confighub-proof/deployment-default-ceph-csi-controller-manager/1
+++ helm-rook-ceph-default-confighub-proof/deployment-default-ceph-csi-controller-manager/2
@@ -27,48 +31,42 @@
         control-plane: ceph-csi-op-controller-manager
     spec:
       containers:
-        - args:
-            - --leader-elect
-          command:
-            - /manager
-          env:
-            - name: OPERATOR_NAMESPACE
-              valueFrom:
-                fieldRef:
-                  fieldPath: metadata.namespace
-            - name: CSI_SERVICE_ACCOUNT_PREFIX
-              value: ceph-csi-
-            - name: WATCH_NAMESPACE
-              value: ""
-            - name: KUBERNETES_CLUSTER_DOMAIN
-              value: cluster.local
-          image: quay.io/cephcsi/ceph-csi-operator:v0.6.0
-          livenessProbe:
-            httpGet:
-              path: /healthz
-              port: 8081
-            initialDelaySeconds: 15
-            periodSeconds: 20
-          name: manager
-          readinessProbe:
-            httpGet:
-              path: /readyz
-              port: 8081
-            initialDelaySeconds: 5
-            periodSeconds: 10
-          resources:
-            limits:
-              cpu: 500m
-              memory: 128Mi
-            requests:
-              cpu: 10m
-              memory: 64Mi
-          securityContext:
-            allowPrivilegeEscalation: false
-            capabilities:
-              drop:
-                - ALL
-            readOnlyRootFilesystem: true
+      - args:
+        - --leader-elect
+        command:
+        - /manager
+        env:
+        - name: OPERATOR_NAMESPACE
+          valueFrom:
+            fieldRef:
+              fieldPath: metadata.namespace
+        - name: CSI_SERVICE_ACCOUNT_PREFIX
+          value: ceph-csi-
+        - name: WATCH_NAMESPACE
+          value: ""
+        - name: KUBERNETES_CLUSTER_DOMAIN
+          value: cluster.local
+        image: quay.io/cephcsi/ceph-csi-operator:v0.6.0
+        livenessProbe:
+          httpGet:
+            path: /healthz
+            port: 8081
+          initialDelaySeconds: 15
+          periodSeconds: 20
+        name: manager
+        readinessProbe:
+          httpGet:
+            path: /readyz
+            port: 8081
+          initialDelaySeconds: 5
+          periodSeconds: 10
+        resources:
+          limits:
+            cpu: 500m
+            memory: 128Mi
+          requests:
+            cpu: 10m
+            memory: 64Mi
+        securityContext:
+          allowPrivilegeEscalation: false
+          capabilities:
+            drop:
+            - ALL
+          readOnlyRootFilesystem: true
       imagePullSecrets: []
       securityContext:
         runAsNonRoot: true
