== fairwinds-stable-vpa@ → Space helm-vpa-no-crds-confighub-proof ==
Successfully created unit clusterrole-vpa-actor (a12bca25-84f3-4081-a8f0-7ff49afbed92)
Successfully created unit clusterrole-vpa-admission-controller (753ec780-22f7-4f81-abe0-91a745877fbd)
Successfully created unit clusterrole-vpa-checkpoint-actor (0b5dcbde-2ba7-4fd7-b074-8ea14701d9a3)
Successfully created unit clusterrole-vpa-evictioner (ba4a4258-b713-437d-beaf-8ac0d6ffa538)
Successfully created unit clusterrole-vpa-metrics-reader (9363e13e-9dec-4e3f-907c-bb2910568bd2)
Successfully created unit clusterrole-vpa-status-actor (d4168ba0-aab9-410b-876f-ca4e67fae393)
Successfully created unit clusterrole-vpa-status-reader (8b731709-6142-4578-bc2d-936a3cd449fe)
Successfully created unit clusterrole-vpa-target-reader (98200a83-b233-470d-b09d-1f6e2989ab5b)
Successfully created unit clusterrole-vpa-updater-in-place (d27f79b9-1105-4569-81a4-3145014cc6b4)
Successfully created unit clusterrolebinding-vpa-actor (ead0be42-5904-4863-8cbe-f99eaac23dd4)
Successfully created unit clusterrolebinding-vpa-admission-controller (fb47e926-3fc4-48d6-a322-148da9fedd47)
Successfully created unit clusterrolebinding-vpa-checkpoint-actor (c4e91554-e209-4b18-966f-5e4723929857)
Successfully created unit clusterrolebinding-vpa-evictionter-binding (e108468b-f03e-4c3b-a3b4-ce05c5c06a46)
Successfully created unit clusterrolebinding-vpa-metrics-reader (f964b92e-d61e-42ad-90ea-e3d383d0ff37)
Successfully created unit clusterrolebinding-vpa-status-actor (4e27a7f9-8f13-4d5d-b4f2-b19f4d402eff)
Successfully created unit clusterrolebinding-vpa-status-reader-binding (742c284f-59bf-4057-9161-16c97baabbd7)
Successfully created unit clusterrolebinding-vpa-target-reader-binding (69a3ff7c-e4b6-4282-85d0-bd0c4b5eb91f)
Successfully created unit clusterrolebinding-vpa-updater-in-place-binding (86e68042-b8f4-4fc7-802f-f12310693fe5)
Successfully created unit deployment-default-vpa-admission-controller (3b0a7e60-42b1-4799-83b1-4db73dfb803b)
Successfully created unit deployment-default-vpa-recommender (406bc012-e8ad-40d7-baf2-b972688beaff)
Successfully created unit deployment-default-vpa-updater (9d24acab-6f08-4094-b8ab-73fc175a907c)
Successfully created unit mutatingwebhookconfiguration-vpa-webhook-config (3b0d95e6-b617-4384-a50e-3de1fdf04bd6)
Successfully created unit namespace-default (b76de307-5794-4ef6-b46f-f729c7e9199b)
Successfully created unit service-default-vpa-webhook (6400b7ac-d15c-4d2f-b37d-f43df75a5324)
Successfully created unit serviceaccount-default-vpa-admission-controller (48cb69f8-82dc-4c58-88a6-0b729e2f233a)
Successfully created unit serviceaccount-default-vpa-recommender (b1e7a324-e532-4d7a-8121-a3f7fced2ded)
Successfully created unit serviceaccount-default-vpa-updater (22226630-0407-468c-ba66-c1a6a9ca63c6)
Successfully created unit installer-record (9b3e8847-f1cf-488d-990f-77e73375839f)
Linked clusterrolebinding-vpa-actor -> clusterrole-vpa-actor (reference:rbac.authorization.k8s.io/v1/ClusterRole)
Linked clusterrolebinding-vpa-actor -> namespace-default (reference:v1/Namespace)
Linked clusterrolebinding-vpa-actor -> serviceaccount-default-vpa-recommender (reference:v1/ServiceAccount)
Linked clusterrolebinding-vpa-actor -> serviceaccount-default-vpa-updater (reference:v1/ServiceAccount)
Linked clusterrolebinding-vpa-admission-controller -> clusterrole-vpa-admission-controller (reference:rbac.authorization.k8s.io/v1/ClusterRole)
Linked clusterrolebinding-vpa-admission-controller -> namespace-default (reference:v1/Namespace)
Linked clusterrolebinding-vpa-admission-controller -> serviceaccount-default-vpa-admission-controller (reference:v1/ServiceAccount)
Linked clusterrolebinding-vpa-checkpoint-actor -> clusterrole-vpa-checkpoint-actor (reference:rbac.authorization.k8s.io/v1/ClusterRole)
Linked clusterrolebinding-vpa-checkpoint-actor -> namespace-default (reference:v1/Namespace)
Linked clusterrolebinding-vpa-checkpoint-actor -> serviceaccount-default-vpa-recommender (reference:v1/ServiceAccount)
Linked clusterrolebinding-vpa-evictionter-binding -> clusterrole-vpa-evictioner (reference:rbac.authorization.k8s.io/v1/ClusterRole)
Linked clusterrolebinding-vpa-evictionter-binding -> namespace-default (reference:v1/Namespace)
Linked clusterrolebinding-vpa-evictionter-binding -> serviceaccount-default-vpa-updater (reference:v1/ServiceAccount)
Linked clusterrolebinding-vpa-metrics-reader -> clusterrole-vpa-metrics-reader (reference:rbac.authorization.k8s.io/v1/ClusterRole)
Linked clusterrolebinding-vpa-metrics-reader -> namespace-default (reference:v1/Namespace)
Linked clusterrolebinding-vpa-metrics-reader -> serviceaccount-default-vpa-recommender (reference:v1/ServiceAccount)
Linked clusterrolebinding-vpa-status-actor -> clusterrole-vpa-status-actor (reference:rbac.authorization.k8s.io/v1/ClusterRole)
Linked clusterrolebinding-vpa-status-actor -> namespace-default (reference:v1/Namespace)
Linked clusterrolebinding-vpa-status-actor -> serviceaccount-default-vpa-recommender (reference:v1/ServiceAccount)
Linked clusterrolebinding-vpa-status-reader-binding -> clusterrole-vpa-status-reader (reference:rbac.authorization.k8s.io/v1/ClusterRole)
Linked clusterrolebinding-vpa-status-reader-binding -> namespace-default (reference:v1/Namespace)
Linked clusterrolebinding-vpa-status-reader-binding -> serviceaccount-default-vpa-updater (reference:v1/ServiceAccount)
Linked clusterrolebinding-vpa-target-reader-binding -> clusterrole-vpa-target-reader (reference:rbac.authorization.k8s.io/v1/ClusterRole)
Linked clusterrolebinding-vpa-target-reader-binding -> namespace-default (reference:v1/Namespace)
Linked clusterrolebinding-vpa-target-reader-binding -> serviceaccount-default-vpa-admission-controller (reference:v1/ServiceAccount)
Linked clusterrolebinding-vpa-target-reader-binding -> serviceaccount-default-vpa-recommender (reference:v1/ServiceAccount)
Linked clusterrolebinding-vpa-target-reader-binding -> serviceaccount-default-vpa-updater (reference:v1/ServiceAccount)
Linked clusterrolebinding-vpa-updater-in-place-binding -> clusterrole-vpa-updater-in-place (reference:rbac.authorization.k8s.io/v1/ClusterRole)
Linked clusterrolebinding-vpa-updater-in-place-binding -> namespace-default (reference:v1/Namespace)
Linked clusterrolebinding-vpa-updater-in-place-binding -> serviceaccount-default-vpa-updater (reference:v1/ServiceAccount)
Linked deployment-default-vpa-admission-controller -> namespace-default (reference:v1/Namespace)
Linked deployment-default-vpa-admission-controller -> serviceaccount-default-vpa-admission-controller (reference:v1/ServiceAccount)
Linked deployment-default-vpa-recommender -> namespace-default (reference:v1/Namespace)
Linked deployment-default-vpa-recommender -> serviceaccount-default-vpa-recommender (reference:v1/ServiceAccount)
Linked deployment-default-vpa-updater -> namespace-default (reference:v1/Namespace)
Linked deployment-default-vpa-updater -> serviceaccount-default-vpa-updater (reference:v1/ServiceAccount)
Linked mutatingwebhookconfiguration-vpa-webhook-config -> namespace-default (reference:v1/Namespace)
Linked mutatingwebhookconfiguration-vpa-webhook-config -> service-default-vpa-webhook (reference:v1/Service)
Linked service-default-vpa-webhook -> deployment-default-vpa-admission-controller (selector)
Linked service-default-vpa-webhook -> namespace-default (reference:v1/Namespace)
Linked serviceaccount-default-vpa-admission-controller -> namespace-default (reference:v1/Namespace)
Linked serviceaccount-default-vpa-recommender -> namespace-default (reference:v1/Namespace)
Linked serviceaccount-default-vpa-updater -> namespace-default (reference:v1/Namespace)

Note: the following references didn't resolve to any Unit in this Space.
That's expected when the referenced resource lives in the cluster but
isn't managed by ConfigHub (e.g., a Secret created out-of-band, a
Namespace owned by the platform team). Verify each against your cluster
before applying.
  - deployment-default-vpa-admission-controller -> v1/Secret "vpa-tls-secret"
