apiVersion: apps/v1
kind: Deployment
metadata:
  labels:
    app.kubernetes.io/component: admission-controller
    app.kubernetes.io/instance: vpa
    app.kubernetes.io/managed-by: Helm
    app.kubernetes.io/name: vpa
    app.kubernetes.io/version: 1.6.0
    helm.sh/chart: vpa-4.11.0
  name: vpa-admission-controller
  namespace: default
spec:
  replicas: 1
  revisionHistoryLimit: 10
  selector:
    matchLabels:
      app.kubernetes.io/component: admission-controller
      app.kubernetes.io/instance: vpa
      app.kubernetes.io/name: vpa
  template:
    metadata:
      labels:
        app.kubernetes.io/component: admission-controller
        app.kubernetes.io/instance: vpa
        app.kubernetes.io/name: vpa
    spec:
      containers:
      - args:
        - --register-webhook=false
        - --webhook-service=vpa-webhook
        - --client-ca-file=/etc/tls-certs/ca
        - --tls-cert-file=/etc/tls-certs/cert
        - --tls-private-key=/etc/tls-certs/key
        env:
        - name: NAMESPACE
          valueFrom:
            fieldRef:
              fieldPath: metadata.namespace
        image: registry.k8s.io/autoscaling/vpa-admission-controller:1.6.0
        imagePullPolicy: Always
        livenessProbe:
          failureThreshold: 6
          httpGet:
            path: /health-check
            port: metrics
            scheme: HTTP
          periodSeconds: 5
          successThreshold: 1
          timeoutSeconds: 3
        name: vpa
        ports:
        - containerPort: 8000
          name: http
          protocol: TCP
        - containerPort: 8944
          name: metrics
          protocol: TCP
        readinessProbe:
          failureThreshold: 120
          httpGet:
            path: /health-check
            port: metrics
            scheme: HTTP
          periodSeconds: 5
          successThreshold: 1
          timeoutSeconds: 3
        resources:
          limits: {}
          requests:
            cpu: 50m
            memory: 200Mi
        securityContext:
          allowPrivilegeEscalation: false
          capabilities:
            drop:
            - ALL
          readOnlyRootFilesystem: true
        volumeMounts:
        - mountPath: /etc/tls-certs
          name: tls-certs
          readOnly: true
      hostNetwork: false
      securityContext:
        runAsNonRoot: true
        runAsUser: 65534
        seccompProfile:
          type: RuntimeDefault
      serviceAccountName: vpa-admission-controller
      volumes:
      - name: tls-certs
        secret:
          secretName: vpa-tls-secret
