== hashicorp-vault@ → Space helm-vault-default-confighub-proof ==
Successfully created unit clusterrole-vault-agent-injector-clusterrole (2a1aa631-c2b4-4999-aedb-73f45ba27672)
Successfully created unit clusterrolebinding-vault-agent-injector-binding (21e5b742-99d1-44ea-8afc-8f5fa95ea48f)
Successfully created unit clusterrolebinding-vault-server-binding (ecc0be53-bd0c-41e7-a323-df16f3dd7e9f)
Successfully created unit configmap-vault-vault-config (df770b8c-f189-4cb5-a2fa-cd50df8f073d)
Successfully created unit deployment-vault-vault-agent-injector (9137044c-512c-49b9-bdfc-0aebb39a34a2)
Successfully created unit mutatingwebhookconfiguration-vault-agent-injector-cfg (c3dd6dd1-5ba3-442c-acd2-84b389052cf9)
Successfully created unit namespace-vault (bcb7388a-6925-44c0-bb33-fafa36aedda8)
Successfully created unit service-vault-vault-agent-injector-svc (a99e36cf-3c0f-4355-87ff-b952a2d99abd)
Successfully created unit service-vault-vault-internal (798054e0-49a5-4aa0-ba0d-1202bf7033a0)
Successfully created unit service-vault-vault (0730ccec-7f98-4604-b467-fdf88f18e817)
Successfully created unit serviceaccount-vault-vault-agent-injector (3f0b48ce-9f9f-4e34-a78c-a19fb705b21d)
Successfully created unit serviceaccount-vault-vault (f923c23d-6398-450f-85da-33ecf6be8a68)
Successfully created unit statefulset-vault-vault (c7091521-8f69-4b9b-9e3d-4d6fdadc907a)
Successfully created unit installer-record (f2f3906b-8681-4d27-859a-4cd932ef49c1)
Linked clusterrolebinding-vault-agent-injector-binding -> clusterrole-vault-agent-injector-clusterrole (reference:rbac.authorization.k8s.io/v1/ClusterRole)
Linked clusterrolebinding-vault-agent-injector-binding -> namespace-vault (reference:v1/Namespace)
Linked clusterrolebinding-vault-agent-injector-binding -> serviceaccount-vault-vault-agent-injector (reference:v1/ServiceAccount)
Linked clusterrolebinding-vault-server-binding -> namespace-vault (reference:v1/Namespace)
Linked clusterrolebinding-vault-server-binding -> serviceaccount-vault-vault (reference:v1/ServiceAccount)
Linked configmap-vault-vault-config -> namespace-vault (reference:v1/Namespace)
Linked deployment-vault-vault-agent-injector -> namespace-vault (reference:v1/Namespace)
Linked deployment-vault-vault-agent-injector -> serviceaccount-vault-vault-agent-injector (reference:v1/ServiceAccount)
Linked mutatingwebhookconfiguration-vault-agent-injector-cfg -> namespace-vault (reference:v1/Namespace)
Linked mutatingwebhookconfiguration-vault-agent-injector-cfg -> service-vault-vault-agent-injector-svc (reference:v1/Service)
Linked service-vault-vault -> namespace-vault (reference:v1/Namespace)
Linked service-vault-vault -> statefulset-vault-vault (selector)
Linked service-vault-vault-agent-injector-svc -> deployment-vault-vault-agent-injector (selector)
Linked service-vault-vault-agent-injector-svc -> namespace-vault (reference:v1/Namespace)
Linked service-vault-vault-internal -> namespace-vault (reference:v1/Namespace)
Linked service-vault-vault-internal -> statefulset-vault-vault (selector)
Linked serviceaccount-vault-vault -> namespace-vault (reference:v1/Namespace)
Linked serviceaccount-vault-vault-agent-injector -> namespace-vault (reference:v1/Namespace)
Linked statefulset-vault-vault -> configmap-vault-vault-config (reference:v1/ConfigMap)
Linked statefulset-vault-vault -> namespace-vault (reference:v1/Namespace)
Linked statefulset-vault-vault -> service-vault-vault-internal (reference:v1/Service)
Linked statefulset-vault-vault -> serviceaccount-vault-vault (reference:v1/ServiceAccount)
