--- helm-vault-default-confighub-proof/statefulset-vault-vault/1
+++ helm-vault-default-confighub-proof/statefulset-vault-vault/2
@@ -28,96 +32,87 @@
       affinity:
         podAntiAffinity:
           requiredDuringSchedulingIgnoredDuringExecution:
-            - labelSelector:
-                matchLabels:
-                  app.kubernetes.io/instance: vault
-                  app.kubernetes.io/name: vault
-                  component: server
-              topologyKey: kubernetes.io/hostname
+          - labelSelector:
+              matchLabels:
+                app.kubernetes.io/instance: vault
+                app.kubernetes.io/name: vault
+                component: server
+            topologyKey: kubernetes.io/hostname
       containers:
-        - args:
-            - |
-              cp /vault/config/extraconfig-from-values.hcl /tmp/storageconfig.hcl;
-              [ -n "${HOST_IP}" ] && sed -Ei "s|HOST_IP|${HOST_IP?}|g" /tmp/storageconfig.hcl;
-              [ -n "${POD_IP}" ] && sed -Ei "s|POD_IP|${POD_IP?}|g" /tmp/storageconfig.hcl;
-              [ -n "${HOSTNAME}" ] && sed -Ei "s|HOSTNAME|${HOSTNAME?}|g" /tmp/storageconfig.hcl;
-              [ -n "${API_ADDR}" ] && sed -Ei "s|API_ADDR|${API_ADDR?}|g" /tmp/storageconfig.hcl;
-              [ -n "${TRANSIT_ADDR}" ] && sed -Ei "s|TRANSIT_ADDR|${TRANSIT_ADDR?}|g" /tmp/storageconfig.hcl;
-              [ -n "${RAFT_ADDR}" ] && sed -Ei "s|RAFT_ADDR|${RAFT_ADDR?}|g" /tmp/storageconfig.hcl;
-              /usr/local/bin/docker-entrypoint.sh vault server -config=/tmp/storageconfig.hcl
-          command:
-            - /bin/sh
-            - -ec
-          env:
-            - name: HOST_IP
-              valueFrom:
-                fieldRef:
-                  fieldPath: status.hostIP
-            - name: POD_IP
-              valueFrom:
-                fieldRef:
-                  fieldPath: status.podIP
-            - name: VAULT_K8S_POD_NAME
-              valueFrom:
-                fieldRef:
-                  fieldPath: metadata.name
-            - name: VAULT_K8S_NAMESPACE
-              valueFrom:
-                fieldRef:
-                  fieldPath: metadata.namespace
-            - name: VAULT_ADDR
-              value: http://127.0.0.1:8200
-            - name: VAULT_API_ADDR
-              value: http://$(POD_IP):8200
-            - name: SKIP_CHOWN
-              value: "true"
-            - name: SKIP_SETCAP
-              value: "true"
-            - name: HOSTNAME
-              valueFrom:
-                fieldRef:
-                  fieldPath: metadata.name
-            - name: VAULT_CLUSTER_ADDR
-              value: https://$(HOSTNAME).vault-internal:8201
-            - name: HOME
-              value: /home/vault
-          image: hashicorp/vault:1.21.2
-          imagePullPolicy: IfNotPresent
-          lifecycle:
-            preStop:
-              exec:
-                command:
-                  - /bin/sh
-                  - -c
-                  - sleep 5 && kill -SIGTERM $(pidof vault)
-          name: vault
-          ports:
-            - containerPort: 8200
-              name: http
-            - containerPort: 8201
-              name: https-internal
-            - containerPort: 8202
-              name: http-rep
-          readinessProbe:
+      - args:
+        - |
+          cp /vault/config/extraconfig-from-values.hcl /tmp/storageconfig.hcl;
+          [ -n "${HOST_IP}" ] && sed -Ei "s|HOST_IP|${HOST_IP?}|g" /tmp/storageconfig.hcl;
+          [ -n "${POD_IP}" ] && sed -Ei "s|POD_IP|${POD_IP?}|g" /tmp/storageconfig.hcl;
+          [ -n "${HOSTNAME}" ] && sed -Ei "s|HOSTNAME|${HOSTNAME?}|g" /tmp/storageconfig.hcl;
+          [ -n "${API_ADDR}" ] && sed -Ei "s|API_ADDR|${API_ADDR?}|g" /tmp/storageconfig.hcl;
+          [ -n "${TRANSIT_ADDR}" ] && sed -Ei "s|TRANSIT_ADDR|${TRANSIT_ADDR?}|g" /tmp/storageconfig.hcl;
+          [ -n "${RAFT_ADDR}" ] && sed -Ei "s|RAFT_ADDR|${RAFT_ADDR?}|g" /tmp/storageconfig.hcl;
+          /usr/local/bin/docker-entrypoint.sh vault server -config=/tmp/storageconfig.hcl
+        command:
+        - /bin/sh
+        - -ec
+        env:
+        - name: HOST_IP
+          valueFrom:
+            fieldRef:
+              fieldPath: status.hostIP
+        - name: POD_IP
+          valueFrom:
+            fieldRef:
+              fieldPath: status.podIP
+        - name: VAULT_K8S_POD_NAME
+          valueFrom:
+            fieldRef:
+              fieldPath: metadata.name
+        - name: VAULT_K8S_NAMESPACE
+          valueFrom:
+            fieldRef:
+              fieldPath: metadata.namespace
+        - name: VAULT_ADDR
+          value: http://127.0.0.1:8200
+        - name: VAULT_API_ADDR
+          value: http://$(POD_IP):8200
+        - name: SKIP_CHOWN
+          value: "true"
+        - name: SKIP_SETCAP
+          value: "true"
+        - name: HOSTNAME
+          valueFrom:
+            fieldRef:
+              fieldPath: metadata.name
+        - name: VAULT_CLUSTER_ADDR
+          value: https://$(HOSTNAME).vault-internal:8201
+        - name: HOME
+          value: /home/vault
+        image: hashicorp/vault:1.21.2
+        imagePullPolicy: IfNotPresent
+        lifecycle:
+          preStop:
             exec:
               command:
-                - /bin/sh
-                - -ec
-                - vault status -tls-skip-verify
-            failureThreshold: 2
-            initialDelaySeconds: 5
-            periodSeconds: 5
-            successThreshold: 1
-            timeoutSeconds: 3
-          securityContext:
-            allowPrivilegeEscalation: false
-          volumeMounts:
-            - mountPath: /vault/data
-              name: data
-            - mountPath: /vault/config
-              name: config
-            - mountPath: /home/vault
-              name: home
+              - /bin/sh
+              - -c
+              - sleep 5 && kill -SIGTERM $(pidof vault)
+        name: vault
+        ports:
+        - containerPort: 8200
+          name: http
+        - containerPort: 8201
+          name: https-internal
+        - containerPort: 8202
+          name: http-rep
+        readinessProbe:
+          exec:
+            command:
+            - /bin/sh
+            - -ec
+            - vault status -tls-skip-verify
+          failureThreshold: 2
+          initialDelaySeconds: 5
+          periodSeconds: 5
+          successThreshold: 1
+          timeoutSeconds: 3
+        securityContext:
+          allowPrivilegeEscalation: false
+        volumeMounts:
+        - mountPath: /vault/data
+          name: data
+        - mountPath: /vault/config
+          name: config
+        - mountPath: /home/vault
+          name: home
       hostNetwork: false
       securityContext:
         fsGroup: 1000
@@ -133,21 +137,15 @@
       serviceAccountName: vault
       terminationGracePeriodSeconds: 10
       volumes:
-        - configMap:
-            name: vault-config
-          name: config
-        - emptyDir: {}
-          name: home
+      - configMap:
+          name: vault-config
+        name: config
+      - emptyDir: {}
+        name: home
   updateStrategy:
     type: OnDelete
   volumeClaimTemplates:
-    - apiVersion: v1
-      kind: PersistentVolumeClaim
-      metadata:
-        name: data
-      spec:
-        accessModes:
-          - ReadWriteOnce
-        resources:
-          requests:
-            storage: 10Gi
+  - apiVersion: v1
+    kind: PersistentVolumeClaim
+    metadata:
+      name: data
+    spec:
+      accessModes:
+      - ReadWriteOnce
+      resources:
+        requests:
+          storage: 10Gi
