== autoscaler-vertical-pod-autoscaler@ → Space helm-vertical-pod-autoscaler-default-confighub-proof ==
Successfully created unit clusterrole-vertical-pod-autoscaler-admission-controller (5736b138-79f9-4327-bc6d-73ea2c5c254f)
Successfully created unit clusterrole-vertical-pod-autoscaler-recommender-actor (21a995e0-dbb8-4df3-b6f2-a4bb7ed750e8)
Successfully created unit clusterrole-vertical-pod-autoscaler-recommender-checkpoint-actor (a59dd26a-9016-44b3-a445-45ea50dba3ca)
Successfully created unit clusterrole-vertical-pod-autoscaler-recommender-metrics-reader (3c605247-b407-43a0-89d0-36344cc5869e)
Successfully created unit clusterrole-vertical-pod-autoscaler-recommender-status-actor (dcc7f5e6-1a91-4490-befc-157b853fa733)
Successfully created unit clusterrole-vertical-pod-autoscaler-recommender-target-reader (74f71a23-0d36-4fef-a3dd-1017a510f6f2)
Successfully created unit clusterrole-vertical-pod-autoscaler-updater-actor (36d0bd81-8815-4654-b356-8927443fdf5b)
Successfully created unit clusterrole-vertical-pod-autoscaler-updater-evictioner (85444d4f-2d23-4b16-9634-9e7f6ddaa8b8)
Successfully created unit clusterrole-vertical-pod-autoscaler-updater-in-place (7a02555b-f02a-4b80-a509-0d6e884528f9)
Successfully created unit clusterrole-vertical-pod-autoscaler-updater-status-reader (588f56ac-19a4-4e95-bfee-31a9e386e41c)
Successfully created unit clusterrole-vertical-pod-autoscaler-updater-target-reader (75c7afde-1471-4e22-96a5-f04c2394805c)
Successfully created unit clusterrolebinding-vertical-pod-autoscaler-admission-controller (c9062c52-b335-42e1-998a-0d08d04fd86b)
Successfully created unit clusterrolebinding-vertical-pod-autoscaler-recommender-actor (5d40355c-5549-49ad-8656-d5f02418a108)
Successfully created unit clusterrolebinding-vertical-pod-autoscaler-recommender-checkpoint-actor (cf19d787-5bc7-4844-b9a1-dd473a43249b)
Successfully created unit clusterrolebinding-vertical-pod-autoscaler-recommender-metrics-reader (e939feaa-dc95-4de5-897f-dd5cacb176c5)
Successfully created unit clusterrolebinding-vertical-pod-autoscaler-recommender-status-actor (0ee49789-e61d-47a8-8500-90de10e60008)
Successfully created unit clusterrolebinding-vertical-pod-autoscaler-recommender-target-reader (4e69e983-c552-48e4-b0f1-6e6f1c70a640)
Successfully created unit clusterrolebinding-vertical-pod-autoscaler-updater-actor-binding (0049a253-8874-47fb-a9fd-44ef369d5fac)
Successfully created unit clusterrolebinding-vertical-pod-autoscaler-updater-evictioner-binding (886ad659-6882-4d9e-a366-cc805becc42c)
Successfully created unit clusterrolebinding-vertical-pod-autoscaler-updater-in-place-binding (43f0fe56-294f-4a35-afb9-02facf191c9b)
Successfully created unit clusterrolebinding-vertical-pod-autoscaler-updater-status-reader-binding (c5463ffa-683a-4e2f-860a-a48c03e69caf)
Successfully created unit clusterrolebinding-vertical-pod-autoscaler-updater-target-reader-binding (172b5106-5df6-4901-8c70-ec07f4357640)
Successfully created unit customresourcedefinition-verticalpodautoscalercheckpoints-autoscaling-k8s-io (71cc08fd-13e0-4934-b4d4-07afb8065b2c)
Successfully created unit customresourcedefinition-verticalpodautoscalers-autoscaling-k8s-io (188c986a-60b9-4b26-b8af-87b9cd863a5f)
Successfully created unit deployment-default-vertical-pod-autoscaler-admission-controller (8c556861-a7d1-432e-9149-b41e3db56f02)
Successfully created unit deployment-default-vertical-pod-autoscaler-recommender (828a1adf-7bd9-4800-b543-fa4fed83674f)
Successfully created unit deployment-default-vertical-pod-autoscaler-updater (d3d37bf6-e059-44b0-91b2-8d328c1a4418)
Successfully created unit mutatingwebhookconfiguration-vertical-pod-autoscaler-webhook-config (6b2559e0-ba26-4261-bbcb-7cbce4bda325)
Successfully created unit namespace-default (4e30caee-ed73-457a-8ddd-6d5622057d7c)
Successfully created unit poddisruptionbudget-default-vertical-pod-autoscaler-admission-controller (0d2c97c7-4bf0-4918-8cca-cba279f916c1)
Successfully created unit poddisruptionbudget-default-vertical-pod-autoscaler-recommender (6dd11ae9-60f0-4165-babf-706ed08ed089)
Successfully created unit poddisruptionbudget-default-vertical-pod-autoscaler-updater (fa428734-9a41-40d5-95ab-da29c555cb3f)
Successfully created unit role-default-vertical-pod-autoscaler-recommender-leader-locking (bacae83e-fa55-4cde-8723-fddccc950ab2)
Successfully created unit role-default-vertical-pod-autoscaler-updater-leader-locking (ea51411b-1c90-454e-aa43-5bb9e1066816)
Successfully created unit rolebinding-default-vertical-pod-autoscaler-recommender-leader-locking (fbde90a5-3bf2-4395-8083-6ec6578e163e)
Successfully created unit rolebinding-default-vertical-pod-autoscaler-updater-leader-locking-binding (c1c28066-966b-4b96-aaf4-b350b59408ef)
Successfully created unit service-default-vpa-webhook (cde4fe37-6738-46ac-95d7-08df9801da34)
Successfully created unit serviceaccount-default-vertical-pod-autoscaler-admission-controller (c38aad62-65f2-45a0-8109-65493fbbd0be)
Successfully created unit serviceaccount-default-vertical-pod-autoscaler-recommender (0f5445b6-da4c-4842-b4a4-984ea7cab2b6)
Successfully created unit serviceaccount-default-vertical-pod-autoscaler-updater (6e5a5ec5-ec31-4bd6-a774-6621048d8c11)
Successfully created unit installer-record (8fbbc827-666b-421a-8b00-5632f8a905c0)
Linked clusterrolebinding-vertical-pod-autoscaler-admission-controller -> clusterrole-vertical-pod-autoscaler-admission-controller (reference:rbac.authorization.k8s.io/v1/ClusterRole)
Linked clusterrolebinding-vertical-pod-autoscaler-admission-controller -> namespace-default (reference:v1/Namespace)
Linked clusterrolebinding-vertical-pod-autoscaler-admission-controller -> serviceaccount-default-vertical-pod-autoscaler-admission-controller (reference:v1/ServiceAccount)
Linked clusterrolebinding-vertical-pod-autoscaler-recommender-actor -> clusterrole-vertical-pod-autoscaler-recommender-actor (reference:rbac.authorization.k8s.io/v1/ClusterRole)
Linked clusterrolebinding-vertical-pod-autoscaler-recommender-actor -> namespace-default (reference:v1/Namespace)
Linked clusterrolebinding-vertical-pod-autoscaler-recommender-actor -> serviceaccount-default-vertical-pod-autoscaler-recommender (reference:v1/ServiceAccount)
Linked clusterrolebinding-vertical-pod-autoscaler-recommender-checkpoint-actor -> clusterrole-vertical-pod-autoscaler-recommender-checkpoint-actor (reference:rbac.authorization.k8s.io/v1/ClusterRole)
Linked clusterrolebinding-vertical-pod-autoscaler-recommender-checkpoint-actor -> namespace-default (reference:v1/Namespace)
Linked clusterrolebinding-vertical-pod-autoscaler-recommender-checkpoint-actor -> serviceaccount-default-vertical-pod-autoscaler-recommender (reference:v1/ServiceAccount)
Linked clusterrolebinding-vertical-pod-autoscaler-recommender-metrics-reader -> clusterrole-vertical-pod-autoscaler-recommender-metrics-reader (reference:rbac.authorization.k8s.io/v1/ClusterRole)
Linked clusterrolebinding-vertical-pod-autoscaler-recommender-metrics-reader -> namespace-default (reference:v1/Namespace)
Linked clusterrolebinding-vertical-pod-autoscaler-recommender-metrics-reader -> serviceaccount-default-vertical-pod-autoscaler-recommender (reference:v1/ServiceAccount)
Linked clusterrolebinding-vertical-pod-autoscaler-recommender-status-actor -> clusterrole-vertical-pod-autoscaler-recommender-status-actor (reference:rbac.authorization.k8s.io/v1/ClusterRole)
Linked clusterrolebinding-vertical-pod-autoscaler-recommender-status-actor -> namespace-default (reference:v1/Namespace)
Linked clusterrolebinding-vertical-pod-autoscaler-recommender-status-actor -> serviceaccount-default-vertical-pod-autoscaler-recommender (reference:v1/ServiceAccount)
Linked clusterrolebinding-vertical-pod-autoscaler-recommender-target-reader -> clusterrole-vertical-pod-autoscaler-recommender-target-reader (reference:rbac.authorization.k8s.io/v1/ClusterRole)
Linked clusterrolebinding-vertical-pod-autoscaler-recommender-target-reader -> namespace-default (reference:v1/Namespace)
Linked clusterrolebinding-vertical-pod-autoscaler-recommender-target-reader -> serviceaccount-default-vertical-pod-autoscaler-recommender (reference:v1/ServiceAccount)
Linked clusterrolebinding-vertical-pod-autoscaler-updater-actor-binding -> clusterrole-vertical-pod-autoscaler-updater-actor (reference:rbac.authorization.k8s.io/v1/ClusterRole)
Linked clusterrolebinding-vertical-pod-autoscaler-updater-actor-binding -> namespace-default (reference:v1/Namespace)
Linked clusterrolebinding-vertical-pod-autoscaler-updater-actor-binding -> serviceaccount-default-vertical-pod-autoscaler-updater (reference:v1/ServiceAccount)
Linked clusterrolebinding-vertical-pod-autoscaler-updater-evictioner-binding -> clusterrole-vertical-pod-autoscaler-updater-evictioner (reference:rbac.authorization.k8s.io/v1/ClusterRole)
Linked clusterrolebinding-vertical-pod-autoscaler-updater-evictioner-binding -> namespace-default (reference:v1/Namespace)
Linked clusterrolebinding-vertical-pod-autoscaler-updater-evictioner-binding -> serviceaccount-default-vertical-pod-autoscaler-updater (reference:v1/ServiceAccount)
Linked clusterrolebinding-vertical-pod-autoscaler-updater-in-place-binding -> clusterrole-vertical-pod-autoscaler-updater-in-place (reference:rbac.authorization.k8s.io/v1/ClusterRole)
Linked clusterrolebinding-vertical-pod-autoscaler-updater-in-place-binding -> namespace-default (reference:v1/Namespace)
Linked clusterrolebinding-vertical-pod-autoscaler-updater-in-place-binding -> serviceaccount-default-vertical-pod-autoscaler-updater (reference:v1/ServiceAccount)
Linked clusterrolebinding-vertical-pod-autoscaler-updater-status-reader-binding -> clusterrole-vertical-pod-autoscaler-updater-status-reader (reference:rbac.authorization.k8s.io/v1/ClusterRole)
Linked clusterrolebinding-vertical-pod-autoscaler-updater-status-reader-binding -> namespace-default (reference:v1/Namespace)
Linked clusterrolebinding-vertical-pod-autoscaler-updater-status-reader-binding -> serviceaccount-default-vertical-pod-autoscaler-updater (reference:v1/ServiceAccount)
Linked clusterrolebinding-vertical-pod-autoscaler-updater-target-reader-binding -> clusterrole-vertical-pod-autoscaler-updater-target-reader (reference:rbac.authorization.k8s.io/v1/ClusterRole)
Linked clusterrolebinding-vertical-pod-autoscaler-updater-target-reader-binding -> namespace-default (reference:v1/Namespace)
Linked clusterrolebinding-vertical-pod-autoscaler-updater-target-reader-binding -> serviceaccount-default-vertical-pod-autoscaler-updater (reference:v1/ServiceAccount)
Linked deployment-default-vertical-pod-autoscaler-admission-controller -> namespace-default (reference:v1/Namespace)
Linked deployment-default-vertical-pod-autoscaler-admission-controller -> serviceaccount-default-vertical-pod-autoscaler-admission-controller (reference:v1/ServiceAccount)
Linked deployment-default-vertical-pod-autoscaler-recommender -> namespace-default (reference:v1/Namespace)
Linked deployment-default-vertical-pod-autoscaler-recommender -> serviceaccount-default-vertical-pod-autoscaler-recommender (reference:v1/ServiceAccount)
Linked deployment-default-vertical-pod-autoscaler-updater -> namespace-default (reference:v1/Namespace)
Linked deployment-default-vertical-pod-autoscaler-updater -> serviceaccount-default-vertical-pod-autoscaler-updater (reference:v1/ServiceAccount)
Linked mutatingwebhookconfiguration-vertical-pod-autoscaler-webhook-config -> namespace-default (reference:v1/Namespace)
Linked mutatingwebhookconfiguration-vertical-pod-autoscaler-webhook-config -> service-default-vpa-webhook (reference:v1/Service)
Linked poddisruptionbudget-default-vertical-pod-autoscaler-admission-controller -> deployment-default-vertical-pod-autoscaler-admission-controller (selector)
Linked poddisruptionbudget-default-vertical-pod-autoscaler-admission-controller -> namespace-default (reference:v1/Namespace)
Linked poddisruptionbudget-default-vertical-pod-autoscaler-recommender -> deployment-default-vertical-pod-autoscaler-recommender (selector)
Linked poddisruptionbudget-default-vertical-pod-autoscaler-recommender -> namespace-default (reference:v1/Namespace)
Linked poddisruptionbudget-default-vertical-pod-autoscaler-updater -> deployment-default-vertical-pod-autoscaler-updater (selector)
Linked poddisruptionbudget-default-vertical-pod-autoscaler-updater -> namespace-default (reference:v1/Namespace)
Linked role-default-vertical-pod-autoscaler-recommender-leader-locking -> namespace-default (reference:v1/Namespace)
Linked role-default-vertical-pod-autoscaler-updater-leader-locking -> namespace-default (reference:v1/Namespace)
Linked rolebinding-default-vertical-pod-autoscaler-recommender-leader-locking -> namespace-default (reference:v1/Namespace)
Linked rolebinding-default-vertical-pod-autoscaler-recommender-leader-locking -> serviceaccount-default-vertical-pod-autoscaler-recommender (reference:v1/ServiceAccount)
Linked rolebinding-default-vertical-pod-autoscaler-updater-leader-locking-binding -> namespace-default (reference:v1/Namespace)
Linked rolebinding-default-vertical-pod-autoscaler-updater-leader-locking-binding -> serviceaccount-default-vertical-pod-autoscaler-updater (reference:v1/ServiceAccount)
Linked service-default-vpa-webhook -> deployment-default-vertical-pod-autoscaler-admission-controller (selector)
Linked service-default-vpa-webhook -> namespace-default (reference:v1/Namespace)
Linked serviceaccount-default-vertical-pod-autoscaler-admission-controller -> namespace-default (reference:v1/Namespace)
Linked serviceaccount-default-vertical-pod-autoscaler-recommender -> namespace-default (reference:v1/Namespace)
Linked serviceaccount-default-vertical-pod-autoscaler-updater -> namespace-default (reference:v1/Namespace)

Note: the following references didn't resolve to any Unit in this Space.
That's expected when the referenced resource lives in the cluster but
isn't managed by ConfigHub (e.g., a Secret created out-of-band, a
Namespace owned by the platform team). Verify each against your cluster
before applying.
  - deployment-default-vertical-pod-autoscaler-admission-controller -> v1/Secret "vpa-tls-certs"
  - role-default-vertical-pod-autoscaler-recommender-leader-locking -> v1/ConfigMap "vpa-recommender-lease"
  - role-default-vertical-pod-autoscaler-updater-leader-locking -> v1/ConfigMap "vpa-updater-lease"
  - rolebinding-default-vertical-pod-autoscaler-recommender-leader-locking -> rbac.authorization.k8s.io/v1/ClusterRole "vertical-pod-autoscaler-recommender-leader-locking"
  - rolebinding-default-vertical-pod-autoscaler-updater-leader-locking-binding -> rbac.authorization.k8s.io/v1/ClusterRole "vertical-pod-autoscaler-updater-leader-locking"
