[
  {
    "Space": {
      "CreatedAt": "2026-06-12T17:25:33.514171Z",
      "CursorID": 4702,
      "DisplayName": "helm-vertical-pod-autoscaler-default-confighub-proof",
      "EntityType": "Space",
      "Labels": {
        "Component": "VerticalPodAutoscaler",
        "Environment": "Demo",
        "Layer": "App",
        "Owner": "ConfigHubHelm",
        "Variant": "default"
      },
      "OrganizationID": "12c33fa8-00b1-4011-ad3e-19d56458b29c",
      "Permissions": {
        "Manage": {
          "UserIDs": {
            "c5818f81-ae4b-4d17-987f-743f19bdb0ca": true
          }
        },
        "ManageChildren": {
          "UserIDs": {
            "c5818f81-ae4b-4d17-987f-743f19bdb0ca": true
          }
        }
      },
      "Slug": "helm-vertical-pod-autoscaler-default-confighub-proof",
      "SpaceID": "360d1873-c233-465b-83be-8a0c5cfed566",
      "UpdatedAt": "2026-06-12T17:25:34.15256Z",
      "Version": 2,
      "WhereTrigger": "SpaceID = '360d1873-c233-465b-83be-8a0c5cfed566'"
    },
    "Unit": {
      "ApprovedBy": null,
      "CreatedAt": "0001-01-01T00:00:00Z",
      "DataHash": "39d0e598cce3245051a4665c723795b711390b9ab94f6715ef65e4ed7e528b84",
      "EntityType": "Unit",
      "FromLinkID": null,
      "HeadRevisionNum": 2,
      "MutationSources": null,
      "OrganizationID": "12c33fa8-00b1-4011-ad3e-19d56458b29c",
      "Slug": "customresourcedefinition-verticalpodautoscalercheckpoints-autoscaling-k8s-io",
      "SpaceID": "360d1873-c233-465b-83be-8a0c5cfed566",
      "ToolchainType": "Kubernetes/YAML",
      "UnitID": "71cc08fd-13e0-4934-b4d4-07afb8065b2c",
      "UpdatedAt": "0001-01-01T00:00:00Z",
      "Version": 6
    },
    "UnitStatus": {
      "Action": "N/A",
      "ActionResult": "None",
      "ActionStartedAt": "0001-01-01T00:00:00Z",
      "ActionTerminatedAt": "0001-01-01T00:00:00Z",
      "Drift": "N/A",
      "Status": "NotLive",
      "SyncStatus": "NotLive"
    }
  },
  {
    "Space": {
      "CreatedAt": "2026-06-12T17:25:33.514171Z",
      "CursorID": 4702,
      "DisplayName": "helm-vertical-pod-autoscaler-default-confighub-proof",
      "EntityType": "Space",
      "Labels": {
        "Component": "VerticalPodAutoscaler",
        "Environment": "Demo",
        "Layer": "App",
        "Owner": "ConfigHubHelm",
        "Variant": "default"
      },
      "OrganizationID": "12c33fa8-00b1-4011-ad3e-19d56458b29c",
      "Permissions": {
        "Manage": {
          "UserIDs": {
            "c5818f81-ae4b-4d17-987f-743f19bdb0ca": true
          }
        },
        "ManageChildren": {
          "UserIDs": {
            "c5818f81-ae4b-4d17-987f-743f19bdb0ca": true
          }
        }
      },
      "Slug": "helm-vertical-pod-autoscaler-default-confighub-proof",
      "SpaceID": "360d1873-c233-465b-83be-8a0c5cfed566",
      "UpdatedAt": "2026-06-12T17:25:34.15256Z",
      "Version": 2,
      "WhereTrigger": "SpaceID = '360d1873-c233-465b-83be-8a0c5cfed566'"
    },
    "Unit": {
      "ApprovedBy": null,
      "CreatedAt": "0001-01-01T00:00:00Z",
      "DataHash": "dec83ce843a33a16f7b199ff2d650e034e9f9c84c32843d6566d6ed98650a6b6",
      "EntityType": "Unit",
      "FromLinkID": null,
      "HeadRevisionNum": 2,
      "MutationSources": null,
      "OrganizationID": "12c33fa8-00b1-4011-ad3e-19d56458b29c",
      "Slug": "deployment-default-vertical-pod-autoscaler-recommender",
      "SpaceID": "360d1873-c233-465b-83be-8a0c5cfed566",
      "ToolchainType": "Kubernetes/YAML",
      "UnitID": "828a1adf-7bd9-4800-b543-fa4fed83674f",
      "UpdatedAt": "0001-01-01T00:00:00Z",
      "Version": 13
    },
    "UnitStatus": {
      "Action": "N/A",
      "ActionResult": "None",
      "ActionStartedAt": "0001-01-01T00:00:00Z",
      "ActionTerminatedAt": "0001-01-01T00:00:00Z",
      "Drift": "N/A",
      "Status": "NotLive",
      "SyncStatus": "NotLive"
    }
  },
  {
    "Space": {
      "CreatedAt": "2026-06-12T17:25:33.514171Z",
      "CursorID": 4702,
      "DisplayName": "helm-vertical-pod-autoscaler-default-confighub-proof",
      "EntityType": "Space",
      "Labels": {
        "Component": "VerticalPodAutoscaler",
        "Environment": "Demo",
        "Layer": "App",
        "Owner": "ConfigHubHelm",
        "Variant": "default"
      },
      "OrganizationID": "12c33fa8-00b1-4011-ad3e-19d56458b29c",
      "Permissions": {
        "Manage": {
          "UserIDs": {
            "c5818f81-ae4b-4d17-987f-743f19bdb0ca": true
          }
        },
        "ManageChildren": {
          "UserIDs": {
            "c5818f81-ae4b-4d17-987f-743f19bdb0ca": true
          }
        }
      },
      "Slug": "helm-vertical-pod-autoscaler-default-confighub-proof",
      "SpaceID": "360d1873-c233-465b-83be-8a0c5cfed566",
      "UpdatedAt": "2026-06-12T17:25:34.15256Z",
      "Version": 2,
      "WhereTrigger": "SpaceID = '360d1873-c233-465b-83be-8a0c5cfed566'"
    },
    "Unit": {
      "ApprovedBy": null,
      "CreatedAt": "0001-01-01T00:00:00Z",
      "DataHash": "843cfe28b32af93933749c313176b34cef9a975e24f683306c07dcc80c5a4f27",
      "EntityType": "Unit",
      "FromLinkID": null,
      "HeadRevisionNum": 2,
      "MutationSources": null,
      "OrganizationID": "12c33fa8-00b1-4011-ad3e-19d56458b29c",
      "Slug": "deployment-default-vertical-pod-autoscaler-updater",
      "SpaceID": "360d1873-c233-465b-83be-8a0c5cfed566",
      "ToolchainType": "Kubernetes/YAML",
      "UnitID": "d3d37bf6-e059-44b0-91b2-8d328c1a4418",
      "UpdatedAt": "0001-01-01T00:00:00Z",
      "Version": 13
    },
    "UnitStatus": {
      "Action": "N/A",
      "ActionResult": "None",
      "ActionStartedAt": "0001-01-01T00:00:00Z",
      "ActionTerminatedAt": "0001-01-01T00:00:00Z",
      "Drift": "N/A",
      "Status": "NotLive",
      "SyncStatus": "NotLive"
    }
  },
  {
    "Space": {
      "CreatedAt": "2026-06-12T17:25:33.514171Z",
      "CursorID": 4702,
      "DisplayName": "helm-vertical-pod-autoscaler-default-confighub-proof",
      "EntityType": "Space",
      "Labels": {
        "Component": "VerticalPodAutoscaler",
        "Environment": "Demo",
        "Layer": "App",
        "Owner": "ConfigHubHelm",
        "Variant": "default"
      },
      "OrganizationID": "12c33fa8-00b1-4011-ad3e-19d56458b29c",
      "Permissions": {
        "Manage": {
          "UserIDs": {
            "c5818f81-ae4b-4d17-987f-743f19bdb0ca": true
          }
        },
        "ManageChildren": {
          "UserIDs": {
            "c5818f81-ae4b-4d17-987f-743f19bdb0ca": true
          }
        }
      },
      "Slug": "helm-vertical-pod-autoscaler-default-confighub-proof",
      "SpaceID": "360d1873-c233-465b-83be-8a0c5cfed566",
      "UpdatedAt": "2026-06-12T17:25:34.15256Z",
      "Version": 2,
      "WhereTrigger": "SpaceID = '360d1873-c233-465b-83be-8a0c5cfed566'"
    },
    "Unit": {
      "ApprovedBy": null,
      "CreatedAt": "0001-01-01T00:00:00Z",
      "DataHash": "933b135fc165c49bab289ed9fb14eec1492f82344b8cc2354251311fc791289c",
      "EntityType": "Unit",
      "FromLinkID": null,
      "HeadRevisionNum": 1,
      "MutationSources": null,
      "OrganizationID": "12c33fa8-00b1-4011-ad3e-19d56458b29c",
      "Slug": "namespace-default",
      "SpaceID": "360d1873-c233-465b-83be-8a0c5cfed566",
      "ToolchainType": "Kubernetes/YAML",
      "UnitID": "4e30caee-ed73-457a-8ddd-6d5622057d7c",
      "UpdatedAt": "0001-01-01T00:00:00Z",
      "Version": 3
    },
    "UnitStatus": {
      "Action": "N/A",
      "ActionResult": "None",
      "ActionStartedAt": "0001-01-01T00:00:00Z",
      "ActionTerminatedAt": "0001-01-01T00:00:00Z",
      "Drift": "N/A",
      "Status": "NotLive",
      "SyncStatus": "NotLive"
    }
  },
  {
    "Space": {
      "CreatedAt": "2026-06-12T17:25:33.514171Z",
      "CursorID": 4702,
      "DisplayName": "helm-vertical-pod-autoscaler-default-confighub-proof",
      "EntityType": "Space",
      "Labels": {
        "Component": "VerticalPodAutoscaler",
        "Environment": "Demo",
        "Layer": "App",
        "Owner": "ConfigHubHelm",
        "Variant": "default"
      },
      "OrganizationID": "12c33fa8-00b1-4011-ad3e-19d56458b29c",
      "Permissions": {
        "Manage": {
          "UserIDs": {
            "c5818f81-ae4b-4d17-987f-743f19bdb0ca": true
          }
        },
        "ManageChildren": {
          "UserIDs": {
            "c5818f81-ae4b-4d17-987f-743f19bdb0ca": true
          }
        }
      },
      "Slug": "helm-vertical-pod-autoscaler-default-confighub-proof",
      "SpaceID": "360d1873-c233-465b-83be-8a0c5cfed566",
      "UpdatedAt": "2026-06-12T17:25:34.15256Z",
      "Version": 2,
      "WhereTrigger": "SpaceID = '360d1873-c233-465b-83be-8a0c5cfed566'"
    },
    "Unit": {
      "ApprovedBy": null,
      "CreatedAt": "0001-01-01T00:00:00Z",
      "DataHash": "5f023c195d3fb51e16fb94ac31e1000cb743e300bb8823e4f88f6a38e65d7b89",
      "EntityType": "Unit",
      "FromLinkID": null,
      "HeadRevisionNum": 1,
      "MutationSources": null,
      "OrganizationID": "12c33fa8-00b1-4011-ad3e-19d56458b29c",
      "Slug": "serviceaccount-default-vertical-pod-autoscaler-recommender",
      "SpaceID": "360d1873-c233-465b-83be-8a0c5cfed566",
      "ToolchainType": "Kubernetes/YAML",
      "UnitID": "0f5445b6-da4c-4842-b4a4-984ea7cab2b6",
      "UpdatedAt": "0001-01-01T00:00:00Z",
      "Version": 6
    },
    "UnitStatus": {
      "Action": "N/A",
      "ActionResult": "None",
      "ActionStartedAt": "0001-01-01T00:00:00Z",
      "ActionTerminatedAt": "0001-01-01T00:00:00Z",
      "Drift": "N/A",
      "Status": "NotLive",
      "SyncStatus": "NotLive"
    }
  },
  {
    "Space": {
      "CreatedAt": "2026-06-12T17:25:33.514171Z",
      "CursorID": 4702,
      "DisplayName": "helm-vertical-pod-autoscaler-default-confighub-proof",
      "EntityType": "Space",
      "Labels": {
        "Component": "VerticalPodAutoscaler",
        "Environment": "Demo",
        "Layer": "App",
        "Owner": "ConfigHubHelm",
        "Variant": "default"
      },
      "OrganizationID": "12c33fa8-00b1-4011-ad3e-19d56458b29c",
      "Permissions": {
        "Manage": {
          "UserIDs": {
            "c5818f81-ae4b-4d17-987f-743f19bdb0ca": true
          }
        },
        "ManageChildren": {
          "UserIDs": {
            "c5818f81-ae4b-4d17-987f-743f19bdb0ca": true
          }
        }
      },
      "Slug": "helm-vertical-pod-autoscaler-default-confighub-proof",
      "SpaceID": "360d1873-c233-465b-83be-8a0c5cfed566",
      "UpdatedAt": "2026-06-12T17:25:34.15256Z",
      "Version": 2,
      "WhereTrigger": "SpaceID = '360d1873-c233-465b-83be-8a0c5cfed566'"
    },
    "Unit": {
      "ApprovedBy": null,
      "CreatedAt": "0001-01-01T00:00:00Z",
      "DataHash": "98e3735bdee942e98a2ae114e99bc35014b8b1e6419d94e8a9199bdbcff3347d",
      "EntityType": "Unit",
      "FromLinkID": null,
      "HeadRevisionNum": 2,
      "MutationSources": null,
      "OrganizationID": "12c33fa8-00b1-4011-ad3e-19d56458b29c",
      "Slug": "installer-record",
      "SpaceID": "360d1873-c233-465b-83be-8a0c5cfed566",
      "ToolchainType": "Kubernetes/YAML",
      "UnitID": "8fbbc827-666b-421a-8b00-5632f8a905c0",
      "UpdatedAt": "0001-01-01T00:00:00Z",
      "Version": 6
    },
    "UnitStatus": {
      "Action": "N/A",
      "ActionResult": "None",
      "ActionStartedAt": "0001-01-01T00:00:00Z",
      "ActionTerminatedAt": "0001-01-01T00:00:00Z",
      "Drift": "N/A",
      "Status": "NotLive",
      "SyncStatus": "NotLive"
    }
  },
  {
    "Space": {
      "CreatedAt": "2026-06-12T17:25:33.514171Z",
      "CursorID": 4702,
      "DisplayName": "helm-vertical-pod-autoscaler-default-confighub-proof",
      "EntityType": "Space",
      "Labels": {
        "Component": "VerticalPodAutoscaler",
        "Environment": "Demo",
        "Layer": "App",
        "Owner": "ConfigHubHelm",
        "Variant": "default"
      },
      "OrganizationID": "12c33fa8-00b1-4011-ad3e-19d56458b29c",
      "Permissions": {
        "Manage": {
          "UserIDs": {
            "c5818f81-ae4b-4d17-987f-743f19bdb0ca": true
          }
        },
        "ManageChildren": {
          "UserIDs": {
            "c5818f81-ae4b-4d17-987f-743f19bdb0ca": true
          }
        }
      },
      "Slug": "helm-vertical-pod-autoscaler-default-confighub-proof",
      "SpaceID": "360d1873-c233-465b-83be-8a0c5cfed566",
      "UpdatedAt": "2026-06-12T17:25:34.15256Z",
      "Version": 2,
      "WhereTrigger": "SpaceID = '360d1873-c233-465b-83be-8a0c5cfed566'"
    },
    "Unit": {
      "ApprovedBy": null,
      "CreatedAt": "0001-01-01T00:00:00Z",
      "DataHash": "bc6e1276b7be81cbff8ff0cccda72e399b8531dc392b3d5e77a9f0052551ea41",
      "EntityType": "Unit",
      "FromLinkID": null,
      "HeadRevisionNum": 2,
      "MutationSources": null,
      "OrganizationID": "12c33fa8-00b1-4011-ad3e-19d56458b29c",
      "Slug": "customresourcedefinition-verticalpodautoscalers-autoscaling-k8s-io",
      "SpaceID": "360d1873-c233-465b-83be-8a0c5cfed566",
      "ToolchainType": "Kubernetes/YAML",
      "UnitID": "188c986a-60b9-4b26-b8af-87b9cd863a5f",
      "UpdatedAt": "0001-01-01T00:00:00Z",
      "Version": 6
    },
    "UnitStatus": {
      "Action": "N/A",
      "ActionResult": "None",
      "ActionStartedAt": "0001-01-01T00:00:00Z",
      "ActionTerminatedAt": "0001-01-01T00:00:00Z",
      "Drift": "N/A",
      "Status": "NotLive",
      "SyncStatus": "NotLive"
    }
  },
  {
    "Space": {
      "CreatedAt": "2026-06-12T17:25:33.514171Z",
      "CursorID": 4702,
      "DisplayName": "helm-vertical-pod-autoscaler-default-confighub-proof",
      "EntityType": "Space",
      "Labels": {
        "Component": "VerticalPodAutoscaler",
        "Environment": "Demo",
        "Layer": "App",
        "Owner": "ConfigHubHelm",
        "Variant": "default"
      },
      "OrganizationID": "12c33fa8-00b1-4011-ad3e-19d56458b29c",
      "Permissions": {
        "Manage": {
          "UserIDs": {
            "c5818f81-ae4b-4d17-987f-743f19bdb0ca": true
          }
        },
        "ManageChildren": {
          "UserIDs": {
            "c5818f81-ae4b-4d17-987f-743f19bdb0ca": true
          }
        }
      },
      "Slug": "helm-vertical-pod-autoscaler-default-confighub-proof",
      "SpaceID": "360d1873-c233-465b-83be-8a0c5cfed566",
      "UpdatedAt": "2026-06-12T17:25:34.15256Z",
      "Version": 2,
      "WhereTrigger": "SpaceID = '360d1873-c233-465b-83be-8a0c5cfed566'"
    },
    "Unit": {
      "ApprovedBy": null,
      "CreatedAt": "0001-01-01T00:00:00Z",
      "DataHash": "0f3277e29528432f1f3738cf03e16be7db1c970488f625282bcfc678acc2aaad",
      "EntityType": "Unit",
      "FromLinkID": null,
      "HeadRevisionNum": 2,
      "MutationSources": null,
      "OrganizationID": "12c33fa8-00b1-4011-ad3e-19d56458b29c",
      "Slug": "deployment-default-vertical-pod-autoscaler-admission-controller",
      "SpaceID": "360d1873-c233-465b-83be-8a0c5cfed566",
      "ToolchainType": "Kubernetes/YAML",
      "UnitID": "8c556861-a7d1-432e-9149-b41e3db56f02",
      "UpdatedAt": "0001-01-01T00:00:00Z",
      "Version": 13
    },
    "UnitStatus": {
      "Action": "N/A",
      "ActionResult": "None",
      "ActionStartedAt": "0001-01-01T00:00:00Z",
      "ActionTerminatedAt": "0001-01-01T00:00:00Z",
      "Drift": "N/A",
      "Status": "NotLive",
      "SyncStatus": "NotLive"
    }
  },
  {
    "Space": {
      "CreatedAt": "2026-06-12T17:25:33.514171Z",
      "CursorID": 4702,
      "DisplayName": "helm-vertical-pod-autoscaler-default-confighub-proof",
      "EntityType": "Space",
      "Labels": {
        "Component": "VerticalPodAutoscaler",
        "Environment": "Demo",
        "Layer": "App",
        "Owner": "ConfigHubHelm",
        "Variant": "default"
      },
      "OrganizationID": "12c33fa8-00b1-4011-ad3e-19d56458b29c",
      "Permissions": {
        "Manage": {
          "UserIDs": {
            "c5818f81-ae4b-4d17-987f-743f19bdb0ca": true
          }
        },
        "ManageChildren": {
          "UserIDs": {
            "c5818f81-ae4b-4d17-987f-743f19bdb0ca": true
          }
        }
      },
      "Slug": "helm-vertical-pod-autoscaler-default-confighub-proof",
      "SpaceID": "360d1873-c233-465b-83be-8a0c5cfed566",
      "UpdatedAt": "2026-06-12T17:25:34.15256Z",
      "Version": 2,
      "WhereTrigger": "SpaceID = '360d1873-c233-465b-83be-8a0c5cfed566'"
    },
    "Unit": {
      "ApprovedBy": null,
      "CreatedAt": "0001-01-01T00:00:00Z",
      "DataHash": "d5656de48dda3333c4e2552dda8fd6bf77fb6ea50fb19323d12e7cd010cf74c5",
      "EntityType": "Unit",
      "FromLinkID": null,
      "HeadRevisionNum": 2,
      "MutationSources": null,
      "OrganizationID": "12c33fa8-00b1-4011-ad3e-19d56458b29c",
      "Slug": "clusterrole-vertical-pod-autoscaler-admission-controller",
      "SpaceID": "360d1873-c233-465b-83be-8a0c5cfed566",
      "ToolchainType": "Kubernetes/YAML",
      "UnitID": "5736b138-79f9-4327-bc6d-73ea2c5c254f",
      "UpdatedAt": "0001-01-01T00:00:00Z",
      "Version": 7
    },
    "UnitStatus": {
      "Action": "N/A",
      "ActionResult": "None",
      "ActionStartedAt": "0001-01-01T00:00:00Z",
      "ActionTerminatedAt": "0001-01-01T00:00:00Z",
      "Drift": "N/A",
      "Status": "NotLive",
      "SyncStatus": "NotLive"
    }
  },
  {
    "Space": {
      "CreatedAt": "2026-06-12T17:25:33.514171Z",
      "CursorID": 4702,
      "DisplayName": "helm-vertical-pod-autoscaler-default-confighub-proof",
      "EntityType": "Space",
      "Labels": {
        "Component": "VerticalPodAutoscaler",
        "Environment": "Demo",
        "Layer": "App",
        "Owner": "ConfigHubHelm",
        "Variant": "default"
      },
      "OrganizationID": "12c33fa8-00b1-4011-ad3e-19d56458b29c",
      "Permissions": {
        "Manage": {
          "UserIDs": {
            "c5818f81-ae4b-4d17-987f-743f19bdb0ca": true
          }
        },
        "ManageChildren": {
          "UserIDs": {
            "c5818f81-ae4b-4d17-987f-743f19bdb0ca": true
          }
        }
      },
      "Slug": "helm-vertical-pod-autoscaler-default-confighub-proof",
      "SpaceID": "360d1873-c233-465b-83be-8a0c5cfed566",
      "UpdatedAt": "2026-06-12T17:25:34.15256Z",
      "Version": 2,
      "WhereTrigger": "SpaceID = '360d1873-c233-465b-83be-8a0c5cfed566'"
    },
    "Unit": {
      "ApprovedBy": null,
      "CreatedAt": "0001-01-01T00:00:00Z",
      "DataHash": "2ebe968b24f1fc2f3e76d6d526c64cc7702e0ed6bef306f68303c6bdfc542b06",
      "EntityType": "Unit",
      "FromLinkID": null,
      "HeadRevisionNum": 2,
      "MutationSources": null,
      "OrganizationID": "12c33fa8-00b1-4011-ad3e-19d56458b29c",
      "Slug": "clusterrole-vertical-pod-autoscaler-recommender-actor",
      "SpaceID": "360d1873-c233-465b-83be-8a0c5cfed566",
      "ToolchainType": "Kubernetes/YAML",
      "UnitID": "21a995e0-dbb8-4df3-b6f2-a4bb7ed750e8",
      "UpdatedAt": "0001-01-01T00:00:00Z",
      "Version": 7
    },
    "UnitStatus": {
      "Action": "N/A",
      "ActionResult": "None",
      "ActionStartedAt": "0001-01-01T00:00:00Z",
      "ActionTerminatedAt": "0001-01-01T00:00:00Z",
      "Drift": "N/A",
      "Status": "NotLive",
      "SyncStatus": "NotLive"
    }
  },
  {
    "Space": {
      "CreatedAt": "2026-06-12T17:25:33.514171Z",
      "CursorID": 4702,
      "DisplayName": "helm-vertical-pod-autoscaler-default-confighub-proof",
      "EntityType": "Space",
      "Labels": {
        "Component": "VerticalPodAutoscaler",
        "Environment": "Demo",
        "Layer": "App",
        "Owner": "ConfigHubHelm",
        "Variant": "default"
      },
      "OrganizationID": "12c33fa8-00b1-4011-ad3e-19d56458b29c",
      "Permissions": {
        "Manage": {
          "UserIDs": {
            "c5818f81-ae4b-4d17-987f-743f19bdb0ca": true
          }
        },
        "ManageChildren": {
          "UserIDs": {
            "c5818f81-ae4b-4d17-987f-743f19bdb0ca": true
          }
        }
      },
      "Slug": "helm-vertical-pod-autoscaler-default-confighub-proof",
      "SpaceID": "360d1873-c233-465b-83be-8a0c5cfed566",
      "UpdatedAt": "2026-06-12T17:25:34.15256Z",
      "Version": 2,
      "WhereTrigger": "SpaceID = '360d1873-c233-465b-83be-8a0c5cfed566'"
    },
    "Unit": {
      "ApprovedBy": null,
      "CreatedAt": "0001-01-01T00:00:00Z",
      "DataHash": "d46c4b5416e4945177296d12d090045ebdc45a1561f2835159d86c478aadac39",
      "EntityType": "Unit",
      "FromLinkID": null,
      "HeadRevisionNum": 2,
      "MutationSources": null,
      "OrganizationID": "12c33fa8-00b1-4011-ad3e-19d56458b29c",
      "Slug": "clusterrole-vertical-pod-autoscaler-recommender-checkpoint-actor",
      "SpaceID": "360d1873-c233-465b-83be-8a0c5cfed566",
      "ToolchainType": "Kubernetes/YAML",
      "UnitID": "a59dd26a-9016-44b3-a445-45ea50dba3ca",
      "UpdatedAt": "0001-01-01T00:00:00Z",
      "Version": 7
    },
    "UnitStatus": {
      "Action": "N/A",
      "ActionResult": "None",
      "ActionStartedAt": "0001-01-01T00:00:00Z",
      "ActionTerminatedAt": "0001-01-01T00:00:00Z",
      "Drift": "N/A",
      "Status": "NotLive",
      "SyncStatus": "NotLive"
    }
  },
  {
    "Space": {
      "CreatedAt": "2026-06-12T17:25:33.514171Z",
      "CursorID": 4702,
      "DisplayName": "helm-vertical-pod-autoscaler-default-confighub-proof",
      "EntityType": "Space",
      "Labels": {
        "Component": "VerticalPodAutoscaler",
        "Environment": "Demo",
        "Layer": "App",
        "Owner": "ConfigHubHelm",
        "Variant": "default"
      },
      "OrganizationID": "12c33fa8-00b1-4011-ad3e-19d56458b29c",
      "Permissions": {
        "Manage": {
          "UserIDs": {
            "c5818f81-ae4b-4d17-987f-743f19bdb0ca": true
          }
        },
        "ManageChildren": {
          "UserIDs": {
            "c5818f81-ae4b-4d17-987f-743f19bdb0ca": true
          }
        }
      },
      "Slug": "helm-vertical-pod-autoscaler-default-confighub-proof",
      "SpaceID": "360d1873-c233-465b-83be-8a0c5cfed566",
      "UpdatedAt": "2026-06-12T17:25:34.15256Z",
      "Version": 2,
      "WhereTrigger": "SpaceID = '360d1873-c233-465b-83be-8a0c5cfed566'"
    },
    "Unit": {
      "ApprovedBy": null,
      "CreatedAt": "0001-01-01T00:00:00Z",
      "DataHash": "26f3fee98705c59fa39f5c23ca151fed9636d3c083815fd84b88d0430fb7a0d3",
      "EntityType": "Unit",
      "FromLinkID": null,
      "HeadRevisionNum": 2,
      "MutationSources": null,
      "OrganizationID": "12c33fa8-00b1-4011-ad3e-19d56458b29c",
      "Slug": "clusterrole-vertical-pod-autoscaler-recommender-metrics-reader",
      "SpaceID": "360d1873-c233-465b-83be-8a0c5cfed566",
      "ToolchainType": "Kubernetes/YAML",
      "UnitID": "3c605247-b407-43a0-89d0-36344cc5869e",
      "UpdatedAt": "0001-01-01T00:00:00Z",
      "Version": 7
    },
    "UnitStatus": {
      "Action": "N/A",
      "ActionResult": "None",
      "ActionStartedAt": "0001-01-01T00:00:00Z",
      "ActionTerminatedAt": "0001-01-01T00:00:00Z",
      "Drift": "N/A",
      "Status": "NotLive",
      "SyncStatus": "NotLive"
    }
  },
  {
    "Space": {
      "CreatedAt": "2026-06-12T17:25:33.514171Z",
      "CursorID": 4702,
      "DisplayName": "helm-vertical-pod-autoscaler-default-confighub-proof",
      "EntityType": "Space",
      "Labels": {
        "Component": "VerticalPodAutoscaler",
        "Environment": "Demo",
        "Layer": "App",
        "Owner": "ConfigHubHelm",
        "Variant": "default"
      },
      "OrganizationID": "12c33fa8-00b1-4011-ad3e-19d56458b29c",
      "Permissions": {
        "Manage": {
          "UserIDs": {
            "c5818f81-ae4b-4d17-987f-743f19bdb0ca": true
          }
        },
        "ManageChildren": {
          "UserIDs": {
            "c5818f81-ae4b-4d17-987f-743f19bdb0ca": true
          }
        }
      },
      "Slug": "helm-vertical-pod-autoscaler-default-confighub-proof",
      "SpaceID": "360d1873-c233-465b-83be-8a0c5cfed566",
      "UpdatedAt": "2026-06-12T17:25:34.15256Z",
      "Version": 2,
      "WhereTrigger": "SpaceID = '360d1873-c233-465b-83be-8a0c5cfed566'"
    },
    "Unit": {
      "ApprovedBy": null,
      "CreatedAt": "0001-01-01T00:00:00Z",
      "DataHash": "8b355682fefbc160eb50ee3e77828208992ec26027b27bfa42eea185cf781f94",
      "EntityType": "Unit",
      "FromLinkID": null,
      "HeadRevisionNum": 2,
      "MutationSources": null,
      "OrganizationID": "12c33fa8-00b1-4011-ad3e-19d56458b29c",
      "Slug": "clusterrole-vertical-pod-autoscaler-updater-actor",
      "SpaceID": "360d1873-c233-465b-83be-8a0c5cfed566",
      "ToolchainType": "Kubernetes/YAML",
      "UnitID": "36d0bd81-8815-4654-b356-8927443fdf5b",
      "UpdatedAt": "0001-01-01T00:00:00Z",
      "Version": 7
    },
    "UnitStatus": {
      "Action": "N/A",
      "ActionResult": "None",
      "ActionStartedAt": "0001-01-01T00:00:00Z",
      "ActionTerminatedAt": "0001-01-01T00:00:00Z",
      "Drift": "N/A",
      "Status": "NotLive",
      "SyncStatus": "NotLive"
    }
  },
  {
    "Space": {
      "CreatedAt": "2026-06-12T17:25:33.514171Z",
      "CursorID": 4702,
      "DisplayName": "helm-vertical-pod-autoscaler-default-confighub-proof",
      "EntityType": "Space",
      "Labels": {
        "Component": "VerticalPodAutoscaler",
        "Environment": "Demo",
        "Layer": "App",
        "Owner": "ConfigHubHelm",
        "Variant": "default"
      },
      "OrganizationID": "12c33fa8-00b1-4011-ad3e-19d56458b29c",
      "Permissions": {
        "Manage": {
          "UserIDs": {
            "c5818f81-ae4b-4d17-987f-743f19bdb0ca": true
          }
        },
        "ManageChildren": {
          "UserIDs": {
            "c5818f81-ae4b-4d17-987f-743f19bdb0ca": true
          }
        }
      },
      "Slug": "helm-vertical-pod-autoscaler-default-confighub-proof",
      "SpaceID": "360d1873-c233-465b-83be-8a0c5cfed566",
      "UpdatedAt": "2026-06-12T17:25:34.15256Z",
      "Version": 2,
      "WhereTrigger": "SpaceID = '360d1873-c233-465b-83be-8a0c5cfed566'"
    },
    "Unit": {
      "ApprovedBy": null,
      "CreatedAt": "0001-01-01T00:00:00Z",
      "DataHash": "2a59673a6ae56949f9084ded0e5fe88836d570b8af608566de7e67574933f123",
      "EntityType": "Unit",
      "FromLinkID": null,
      "HeadRevisionNum": 2,
      "MutationSources": null,
      "OrganizationID": "12c33fa8-00b1-4011-ad3e-19d56458b29c",
      "Slug": "clusterrole-vertical-pod-autoscaler-recommender-target-reader",
      "SpaceID": "360d1873-c233-465b-83be-8a0c5cfed566",
      "ToolchainType": "Kubernetes/YAML",
      "UnitID": "74f71a23-0d36-4fef-a3dd-1017a510f6f2",
      "UpdatedAt": "0001-01-01T00:00:00Z",
      "Version": 7
    },
    "UnitStatus": {
      "Action": "N/A",
      "ActionResult": "None",
      "ActionStartedAt": "0001-01-01T00:00:00Z",
      "ActionTerminatedAt": "0001-01-01T00:00:00Z",
      "Drift": "N/A",
      "Status": "NotLive",
      "SyncStatus": "NotLive"
    }
  },
  {
    "Space": {
      "CreatedAt": "2026-06-12T17:25:33.514171Z",
      "CursorID": 4702,
      "DisplayName": "helm-vertical-pod-autoscaler-default-confighub-proof",
      "EntityType": "Space",
      "Labels": {
        "Component": "VerticalPodAutoscaler",
        "Environment": "Demo",
        "Layer": "App",
        "Owner": "ConfigHubHelm",
        "Variant": "default"
      },
      "OrganizationID": "12c33fa8-00b1-4011-ad3e-19d56458b29c",
      "Permissions": {
        "Manage": {
          "UserIDs": {
            "c5818f81-ae4b-4d17-987f-743f19bdb0ca": true
          }
        },
        "ManageChildren": {
          "UserIDs": {
            "c5818f81-ae4b-4d17-987f-743f19bdb0ca": true
          }
        }
      },
      "Slug": "helm-vertical-pod-autoscaler-default-confighub-proof",
      "SpaceID": "360d1873-c233-465b-83be-8a0c5cfed566",
      "UpdatedAt": "2026-06-12T17:25:34.15256Z",
      "Version": 2,
      "WhereTrigger": "SpaceID = '360d1873-c233-465b-83be-8a0c5cfed566'"
    },
    "Unit": {
      "ApprovedBy": null,
      "CreatedAt": "0001-01-01T00:00:00Z",
      "DataHash": "a768d1b14633a804f87c8c0211e10deed50e058f421ee8d5a4ea70e52c494949",
      "EntityType": "Unit",
      "FromLinkID": null,
      "HeadRevisionNum": 2,
      "MutationSources": null,
      "OrganizationID": "12c33fa8-00b1-4011-ad3e-19d56458b29c",
      "Slug": "clusterrole-vertical-pod-autoscaler-recommender-status-actor",
      "SpaceID": "360d1873-c233-465b-83be-8a0c5cfed566",
      "ToolchainType": "Kubernetes/YAML",
      "UnitID": "dcc7f5e6-1a91-4490-befc-157b853fa733",
      "UpdatedAt": "0001-01-01T00:00:00Z",
      "Version": 7
    },
    "UnitStatus": {
      "Action": "N/A",
      "ActionResult": "None",
      "ActionStartedAt": "0001-01-01T00:00:00Z",
      "ActionTerminatedAt": "0001-01-01T00:00:00Z",
      "Drift": "N/A",
      "Status": "NotLive",
      "SyncStatus": "NotLive"
    }
  },
  {
    "Space": {
      "CreatedAt": "2026-06-12T17:25:33.514171Z",
      "CursorID": 4702,
      "DisplayName": "helm-vertical-pod-autoscaler-default-confighub-proof",
      "EntityType": "Space",
      "Labels": {
        "Component": "VerticalPodAutoscaler",
        "Environment": "Demo",
        "Layer": "App",
        "Owner": "ConfigHubHelm",
        "Variant": "default"
      },
      "OrganizationID": "12c33fa8-00b1-4011-ad3e-19d56458b29c",
      "Permissions": {
        "Manage": {
          "UserIDs": {
            "c5818f81-ae4b-4d17-987f-743f19bdb0ca": true
          }
        },
        "ManageChildren": {
          "UserIDs": {
            "c5818f81-ae4b-4d17-987f-743f19bdb0ca": true
          }
        }
      },
      "Slug": "helm-vertical-pod-autoscaler-default-confighub-proof",
      "SpaceID": "360d1873-c233-465b-83be-8a0c5cfed566",
      "UpdatedAt": "2026-06-12T17:25:34.15256Z",
      "Version": 2,
      "WhereTrigger": "SpaceID = '360d1873-c233-465b-83be-8a0c5cfed566'"
    },
    "Unit": {
      "ApprovedBy": null,
      "CreatedAt": "0001-01-01T00:00:00Z",
      "DataHash": "98a944543fae6daeab6c491955351afc17960592657f185069b5c9d14669dcb7",
      "EntityType": "Unit",
      "FromLinkID": null,
      "HeadRevisionNum": 2,
      "MutationSources": null,
      "OrganizationID": "12c33fa8-00b1-4011-ad3e-19d56458b29c",
      "Slug": "clusterrolebinding-vertical-pod-autoscaler-recommender-checkpoint-actor",
      "SpaceID": "360d1873-c233-465b-83be-8a0c5cfed566",
      "ToolchainType": "Kubernetes/YAML",
      "UnitID": "cf19d787-5bc7-4844-b9a1-dd473a43249b",
      "UpdatedAt": "0001-01-01T00:00:00Z",
      "Version": 15
    },
    "UnitStatus": {
      "Action": "N/A",
      "ActionResult": "None",
      "ActionStartedAt": "0001-01-01T00:00:00Z",
      "ActionTerminatedAt": "0001-01-01T00:00:00Z",
      "Drift": "N/A",
      "Status": "NotLive",
      "SyncStatus": "NotLive"
    }
  },
  {
    "Space": {
      "CreatedAt": "2026-06-12T17:25:33.514171Z",
      "CursorID": 4702,
      "DisplayName": "helm-vertical-pod-autoscaler-default-confighub-proof",
      "EntityType": "Space",
      "Labels": {
        "Component": "VerticalPodAutoscaler",
        "Environment": "Demo",
        "Layer": "App",
        "Owner": "ConfigHubHelm",
        "Variant": "default"
      },
      "OrganizationID": "12c33fa8-00b1-4011-ad3e-19d56458b29c",
      "Permissions": {
        "Manage": {
          "UserIDs": {
            "c5818f81-ae4b-4d17-987f-743f19bdb0ca": true
          }
        },
        "ManageChildren": {
          "UserIDs": {
            "c5818f81-ae4b-4d17-987f-743f19bdb0ca": true
          }
        }
      },
      "Slug": "helm-vertical-pod-autoscaler-default-confighub-proof",
      "SpaceID": "360d1873-c233-465b-83be-8a0c5cfed566",
      "UpdatedAt": "2026-06-12T17:25:34.15256Z",
      "Version": 2,
      "WhereTrigger": "SpaceID = '360d1873-c233-465b-83be-8a0c5cfed566'"
    },
    "Unit": {
      "ApprovedBy": null,
      "CreatedAt": "0001-01-01T00:00:00Z",
      "DataHash": "5327a959db04ca5f2a38a20f19f98888ddc9f92939ef0feb4c57665c364b3c4c",
      "EntityType": "Unit",
      "FromLinkID": null,
      "HeadRevisionNum": 2,
      "MutationSources": null,
      "OrganizationID": "12c33fa8-00b1-4011-ad3e-19d56458b29c",
      "Slug": "clusterrolebinding-vertical-pod-autoscaler-recommender-metrics-reader",
      "SpaceID": "360d1873-c233-465b-83be-8a0c5cfed566",
      "ToolchainType": "Kubernetes/YAML",
      "UnitID": "e939feaa-dc95-4de5-897f-dd5cacb176c5",
      "UpdatedAt": "0001-01-01T00:00:00Z",
      "Version": 15
    },
    "UnitStatus": {
      "Action": "N/A",
      "ActionResult": "None",
      "ActionStartedAt": "0001-01-01T00:00:00Z",
      "ActionTerminatedAt": "0001-01-01T00:00:00Z",
      "Drift": "N/A",
      "Status": "NotLive",
      "SyncStatus": "NotLive"
    }
  },
  {
    "Space": {
      "CreatedAt": "2026-06-12T17:25:33.514171Z",
      "CursorID": 4702,
      "DisplayName": "helm-vertical-pod-autoscaler-default-confighub-proof",
      "EntityType": "Space",
      "Labels": {
        "Component": "VerticalPodAutoscaler",
        "Environment": "Demo",
        "Layer": "App",
        "Owner": "ConfigHubHelm",
        "Variant": "default"
      },
      "OrganizationID": "12c33fa8-00b1-4011-ad3e-19d56458b29c",
      "Permissions": {
        "Manage": {
          "UserIDs": {
            "c5818f81-ae4b-4d17-987f-743f19bdb0ca": true
          }
        },
        "ManageChildren": {
          "UserIDs": {
            "c5818f81-ae4b-4d17-987f-743f19bdb0ca": true
          }
        }
      },
      "Slug": "helm-vertical-pod-autoscaler-default-confighub-proof",
      "SpaceID": "360d1873-c233-465b-83be-8a0c5cfed566",
      "UpdatedAt": "2026-06-12T17:25:34.15256Z",
      "Version": 2,
      "WhereTrigger": "SpaceID = '360d1873-c233-465b-83be-8a0c5cfed566'"
    },
    "Unit": {
      "ApprovedBy": null,
      "CreatedAt": "0001-01-01T00:00:00Z",
      "DataHash": "8563db2a05e421dbf974b3413dadd820da3911447c565ac78fb8150371b1562f",
      "EntityType": "Unit",
      "FromLinkID": null,
      "HeadRevisionNum": 2,
      "MutationSources": null,
      "OrganizationID": "12c33fa8-00b1-4011-ad3e-19d56458b29c",
      "Slug": "clusterrolebinding-vertical-pod-autoscaler-recommender-status-actor",
      "SpaceID": "360d1873-c233-465b-83be-8a0c5cfed566",
      "ToolchainType": "Kubernetes/YAML",
      "UnitID": "0ee49789-e61d-47a8-8500-90de10e60008",
      "UpdatedAt": "0001-01-01T00:00:00Z",
      "Version": 15
    },
    "UnitStatus": {
      "Action": "N/A",
      "ActionResult": "None",
      "ActionStartedAt": "0001-01-01T00:00:00Z",
      "ActionTerminatedAt": "0001-01-01T00:00:00Z",
      "Drift": "N/A",
      "Status": "NotLive",
      "SyncStatus": "NotLive"
    }
  },
  {
    "Space": {
      "CreatedAt": "2026-06-12T17:25:33.514171Z",
      "CursorID": 4702,
      "DisplayName": "helm-vertical-pod-autoscaler-default-confighub-proof",
      "EntityType": "Space",
      "Labels": {
        "Component": "VerticalPodAutoscaler",
        "Environment": "Demo",
        "Layer": "App",
        "Owner": "ConfigHubHelm",
        "Variant": "default"
      },
      "OrganizationID": "12c33fa8-00b1-4011-ad3e-19d56458b29c",
      "Permissions": {
        "Manage": {
          "UserIDs": {
            "c5818f81-ae4b-4d17-987f-743f19bdb0ca": true
          }
        },
        "ManageChildren": {
          "UserIDs": {
            "c5818f81-ae4b-4d17-987f-743f19bdb0ca": true
          }
        }
      },
      "Slug": "helm-vertical-pod-autoscaler-default-confighub-proof",
      "SpaceID": "360d1873-c233-465b-83be-8a0c5cfed566",
      "UpdatedAt": "2026-06-12T17:25:34.15256Z",
      "Version": 2,
      "WhereTrigger": "SpaceID = '360d1873-c233-465b-83be-8a0c5cfed566'"
    },
    "Unit": {
      "ApprovedBy": null,
      "CreatedAt": "0001-01-01T00:00:00Z",
      "DataHash": "50846343c2c73d5f74db7af5ae20688a5d6ed7139371951094d1de98823115c3",
      "EntityType": "Unit",
      "FromLinkID": null,
      "HeadRevisionNum": 2,
      "MutationSources": null,
      "OrganizationID": "12c33fa8-00b1-4011-ad3e-19d56458b29c",
      "Slug": "clusterrolebinding-vertical-pod-autoscaler-recommender-target-reader",
      "SpaceID": "360d1873-c233-465b-83be-8a0c5cfed566",
      "ToolchainType": "Kubernetes/YAML",
      "UnitID": "4e69e983-c552-48e4-b0f1-6e6f1c70a640",
      "UpdatedAt": "0001-01-01T00:00:00Z",
      "Version": 15
    },
    "UnitStatus": {
      "Action": "N/A",
      "ActionResult": "None",
      "ActionStartedAt": "0001-01-01T00:00:00Z",
      "ActionTerminatedAt": "0001-01-01T00:00:00Z",
      "Drift": "N/A",
      "Status": "NotLive",
      "SyncStatus": "NotLive"
    }
  },
  {
    "Space": {
      "CreatedAt": "2026-06-12T17:25:33.514171Z",
      "CursorID": 4702,
      "DisplayName": "helm-vertical-pod-autoscaler-default-confighub-proof",
      "EntityType": "Space",
      "Labels": {
        "Component": "VerticalPodAutoscaler",
        "Environment": "Demo",
        "Layer": "App",
        "Owner": "ConfigHubHelm",
        "Variant": "default"
      },
      "OrganizationID": "12c33fa8-00b1-4011-ad3e-19d56458b29c",
      "Permissions": {
        "Manage": {
          "UserIDs": {
            "c5818f81-ae4b-4d17-987f-743f19bdb0ca": true
          }
        },
        "ManageChildren": {
          "UserIDs": {
            "c5818f81-ae4b-4d17-987f-743f19bdb0ca": true
          }
        }
      },
      "Slug": "helm-vertical-pod-autoscaler-default-confighub-proof",
      "SpaceID": "360d1873-c233-465b-83be-8a0c5cfed566",
      "UpdatedAt": "2026-06-12T17:25:34.15256Z",
      "Version": 2,
      "WhereTrigger": "SpaceID = '360d1873-c233-465b-83be-8a0c5cfed566'"
    },
    "Unit": {
      "ApprovedBy": null,
      "CreatedAt": "0001-01-01T00:00:00Z",
      "DataHash": "611c1487610e3e108dd392104e08aaf7856ec78766b014f249b8cfd7385b9839",
      "EntityType": "Unit",
      "FromLinkID": null,
      "HeadRevisionNum": 2,
      "MutationSources": null,
      "OrganizationID": "12c33fa8-00b1-4011-ad3e-19d56458b29c",
      "Slug": "clusterrolebinding-vertical-pod-autoscaler-updater-actor-binding",
      "SpaceID": "360d1873-c233-465b-83be-8a0c5cfed566",
      "ToolchainType": "Kubernetes/YAML",
      "UnitID": "0049a253-8874-47fb-a9fd-44ef369d5fac",
      "UpdatedAt": "0001-01-01T00:00:00Z",
      "Version": 15
    },
    "UnitStatus": {
      "Action": "N/A",
      "ActionResult": "None",
      "ActionStartedAt": "0001-01-01T00:00:00Z",
      "ActionTerminatedAt": "0001-01-01T00:00:00Z",
      "Drift": "N/A",
      "Status": "NotLive",
      "SyncStatus": "NotLive"
    }
  },
  {
    "Space": {
      "CreatedAt": "2026-06-12T17:25:33.514171Z",
      "CursorID": 4702,
      "DisplayName": "helm-vertical-pod-autoscaler-default-confighub-proof",
      "EntityType": "Space",
      "Labels": {
        "Component": "VerticalPodAutoscaler",
        "Environment": "Demo",
        "Layer": "App",
        "Owner": "ConfigHubHelm",
        "Variant": "default"
      },
      "OrganizationID": "12c33fa8-00b1-4011-ad3e-19d56458b29c",
      "Permissions": {
        "Manage": {
          "UserIDs": {
            "c5818f81-ae4b-4d17-987f-743f19bdb0ca": true
          }
        },
        "ManageChildren": {
          "UserIDs": {
            "c5818f81-ae4b-4d17-987f-743f19bdb0ca": true
          }
        }
      },
      "Slug": "helm-vertical-pod-autoscaler-default-confighub-proof",
      "SpaceID": "360d1873-c233-465b-83be-8a0c5cfed566",
      "UpdatedAt": "2026-06-12T17:25:34.15256Z",
      "Version": 2,
      "WhereTrigger": "SpaceID = '360d1873-c233-465b-83be-8a0c5cfed566'"
    },
    "Unit": {
      "ApprovedBy": null,
      "CreatedAt": "0001-01-01T00:00:00Z",
      "DataHash": "1b85b98c7c3a8c3e3e0518229ef4650132eff43727b6fba3dce481b1dd148915",
      "EntityType": "Unit",
      "FromLinkID": null,
      "HeadRevisionNum": 2,
      "MutationSources": null,
      "OrganizationID": "12c33fa8-00b1-4011-ad3e-19d56458b29c",
      "Slug": "clusterrolebinding-vertical-pod-autoscaler-updater-evictioner-binding",
      "SpaceID": "360d1873-c233-465b-83be-8a0c5cfed566",
      "ToolchainType": "Kubernetes/YAML",
      "UnitID": "886ad659-6882-4d9e-a366-cc805becc42c",
      "UpdatedAt": "0001-01-01T00:00:00Z",
      "Version": 15
    },
    "UnitStatus": {
      "Action": "N/A",
      "ActionResult": "None",
      "ActionStartedAt": "0001-01-01T00:00:00Z",
      "ActionTerminatedAt": "0001-01-01T00:00:00Z",
      "Drift": "N/A",
      "Status": "NotLive",
      "SyncStatus": "NotLive"
    }
  },
  {
    "Space": {
      "CreatedAt": "2026-06-12T17:25:33.514171Z",
      "CursorID": 4702,
      "DisplayName": "helm-vertical-pod-autoscaler-default-confighub-proof",
      "EntityType": "Space",
      "Labels": {
        "Component": "VerticalPodAutoscaler",
        "Environment": "Demo",
        "Layer": "App",
        "Owner": "ConfigHubHelm",
        "Variant": "default"
      },
      "OrganizationID": "12c33fa8-00b1-4011-ad3e-19d56458b29c",
      "Permissions": {
        "Manage": {
          "UserIDs": {
            "c5818f81-ae4b-4d17-987f-743f19bdb0ca": true
          }
        },
        "ManageChildren": {
          "UserIDs": {
            "c5818f81-ae4b-4d17-987f-743f19bdb0ca": true
          }
        }
      },
      "Slug": "helm-vertical-pod-autoscaler-default-confighub-proof",
      "SpaceID": "360d1873-c233-465b-83be-8a0c5cfed566",
      "UpdatedAt": "2026-06-12T17:25:34.15256Z",
      "Version": 2,
      "WhereTrigger": "SpaceID = '360d1873-c233-465b-83be-8a0c5cfed566'"
    },
    "Unit": {
      "ApprovedBy": null,
      "CreatedAt": "0001-01-01T00:00:00Z",
      "DataHash": "6e34dd2a9fc254a14c5fd068e737863301d73807c50323d3384e39e92e7ed9e0",
      "EntityType": "Unit",
      "FromLinkID": null,
      "HeadRevisionNum": 2,
      "MutationSources": null,
      "OrganizationID": "12c33fa8-00b1-4011-ad3e-19d56458b29c",
      "Slug": "clusterrolebinding-vertical-pod-autoscaler-updater-in-place-binding",
      "SpaceID": "360d1873-c233-465b-83be-8a0c5cfed566",
      "ToolchainType": "Kubernetes/YAML",
      "UnitID": "43f0fe56-294f-4a35-afb9-02facf191c9b",
      "UpdatedAt": "0001-01-01T00:00:00Z",
      "Version": 15
    },
    "UnitStatus": {
      "Action": "N/A",
      "ActionResult": "None",
      "ActionStartedAt": "0001-01-01T00:00:00Z",
      "ActionTerminatedAt": "0001-01-01T00:00:00Z",
      "Drift": "N/A",
      "Status": "NotLive",
      "SyncStatus": "NotLive"
    }
  },
  {
    "Space": {
      "CreatedAt": "2026-06-12T17:25:33.514171Z",
      "CursorID": 4702,
      "DisplayName": "helm-vertical-pod-autoscaler-default-confighub-proof",
      "EntityType": "Space",
      "Labels": {
        "Component": "VerticalPodAutoscaler",
        "Environment": "Demo",
        "Layer": "App",
        "Owner": "ConfigHubHelm",
        "Variant": "default"
      },
      "OrganizationID": "12c33fa8-00b1-4011-ad3e-19d56458b29c",
      "Permissions": {
        "Manage": {
          "UserIDs": {
            "c5818f81-ae4b-4d17-987f-743f19bdb0ca": true
          }
        },
        "ManageChildren": {
          "UserIDs": {
            "c5818f81-ae4b-4d17-987f-743f19bdb0ca": true
          }
        }
      },
      "Slug": "helm-vertical-pod-autoscaler-default-confighub-proof",
      "SpaceID": "360d1873-c233-465b-83be-8a0c5cfed566",
      "UpdatedAt": "2026-06-12T17:25:34.15256Z",
      "Version": 2,
      "WhereTrigger": "SpaceID = '360d1873-c233-465b-83be-8a0c5cfed566'"
    },
    "Unit": {
      "ApprovedBy": null,
      "CreatedAt": "0001-01-01T00:00:00Z",
      "DataHash": "3e22dbb6558279332cfa063414c0f26e2911ef01bdeff35b8cd703793288fa99",
      "EntityType": "Unit",
      "FromLinkID": null,
      "HeadRevisionNum": 2,
      "MutationSources": null,
      "OrganizationID": "12c33fa8-00b1-4011-ad3e-19d56458b29c",
      "Slug": "clusterrolebinding-vertical-pod-autoscaler-updater-status-reader-binding",
      "SpaceID": "360d1873-c233-465b-83be-8a0c5cfed566",
      "ToolchainType": "Kubernetes/YAML",
      "UnitID": "c5463ffa-683a-4e2f-860a-a48c03e69caf",
      "UpdatedAt": "0001-01-01T00:00:00Z",
      "Version": 15
    },
    "UnitStatus": {
      "Action": "N/A",
      "ActionResult": "None",
      "ActionStartedAt": "0001-01-01T00:00:00Z",
      "ActionTerminatedAt": "0001-01-01T00:00:00Z",
      "Drift": "N/A",
      "Status": "NotLive",
      "SyncStatus": "NotLive"
    }
  },
  {
    "Space": {
      "CreatedAt": "2026-06-12T17:25:33.514171Z",
      "CursorID": 4702,
      "DisplayName": "helm-vertical-pod-autoscaler-default-confighub-proof",
      "EntityType": "Space",
      "Labels": {
        "Component": "VerticalPodAutoscaler",
        "Environment": "Demo",
        "Layer": "App",
        "Owner": "ConfigHubHelm",
        "Variant": "default"
      },
      "OrganizationID": "12c33fa8-00b1-4011-ad3e-19d56458b29c",
      "Permissions": {
        "Manage": {
          "UserIDs": {
            "c5818f81-ae4b-4d17-987f-743f19bdb0ca": true
          }
        },
        "ManageChildren": {
          "UserIDs": {
            "c5818f81-ae4b-4d17-987f-743f19bdb0ca": true
          }
        }
      },
      "Slug": "helm-vertical-pod-autoscaler-default-confighub-proof",
      "SpaceID": "360d1873-c233-465b-83be-8a0c5cfed566",
      "UpdatedAt": "2026-06-12T17:25:34.15256Z",
      "Version": 2,
      "WhereTrigger": "SpaceID = '360d1873-c233-465b-83be-8a0c5cfed566'"
    },
    "Unit": {
      "ApprovedBy": null,
      "CreatedAt": "0001-01-01T00:00:00Z",
      "DataHash": "d60e65c4015ff50f89a400c3e01f47bc58a15644e43063120eedb8781f1141ed",
      "EntityType": "Unit",
      "FromLinkID": null,
      "HeadRevisionNum": 2,
      "MutationSources": null,
      "OrganizationID": "12c33fa8-00b1-4011-ad3e-19d56458b29c",
      "Slug": "clusterrolebinding-vertical-pod-autoscaler-updater-target-reader-binding",
      "SpaceID": "360d1873-c233-465b-83be-8a0c5cfed566",
      "ToolchainType": "Kubernetes/YAML",
      "UnitID": "172b5106-5df6-4901-8c70-ec07f4357640",
      "UpdatedAt": "0001-01-01T00:00:00Z",
      "Version": 15
    },
    "UnitStatus": {
      "Action": "N/A",
      "ActionResult": "None",
      "ActionStartedAt": "0001-01-01T00:00:00Z",
      "ActionTerminatedAt": "0001-01-01T00:00:00Z",
      "Drift": "N/A",
      "Status": "NotLive",
      "SyncStatus": "NotLive"
    }
  },
  {
    "Space": {
      "CreatedAt": "2026-06-12T17:25:33.514171Z",
      "CursorID": 4702,
      "DisplayName": "helm-vertical-pod-autoscaler-default-confighub-proof",
      "EntityType": "Space",
      "Labels": {
        "Component": "VerticalPodAutoscaler",
        "Environment": "Demo",
        "Layer": "App",
        "Owner": "ConfigHubHelm",
        "Variant": "default"
      },
      "OrganizationID": "12c33fa8-00b1-4011-ad3e-19d56458b29c",
      "Permissions": {
        "Manage": {
          "UserIDs": {
            "c5818f81-ae4b-4d17-987f-743f19bdb0ca": true
          }
        },
        "ManageChildren": {
          "UserIDs": {
            "c5818f81-ae4b-4d17-987f-743f19bdb0ca": true
          }
        }
      },
      "Slug": "helm-vertical-pod-autoscaler-default-confighub-proof",
      "SpaceID": "360d1873-c233-465b-83be-8a0c5cfed566",
      "UpdatedAt": "2026-06-12T17:25:34.15256Z",
      "Version": 2,
      "WhereTrigger": "SpaceID = '360d1873-c233-465b-83be-8a0c5cfed566'"
    },
    "Unit": {
      "ApprovedBy": null,
      "CreatedAt": "0001-01-01T00:00:00Z",
      "DataHash": "5a1e4e9e2091cf3af07d28006c66356428ccd0f2badac2876ed7ca25fe0abe4e",
      "EntityType": "Unit",
      "FromLinkID": null,
      "HeadRevisionNum": 2,
      "MutationSources": null,
      "OrganizationID": "12c33fa8-00b1-4011-ad3e-19d56458b29c",
      "Slug": "mutatingwebhookconfiguration-vertical-pod-autoscaler-webhook-config",
      "SpaceID": "360d1873-c233-465b-83be-8a0c5cfed566",
      "ToolchainType": "Kubernetes/YAML",
      "UnitID": "6b2559e0-ba26-4261-bbcb-7cbce4bda325",
      "UpdatedAt": "0001-01-01T00:00:00Z",
      "Version": 12
    },
    "UnitStatus": {
      "Action": "N/A",
      "ActionResult": "None",
      "ActionStartedAt": "0001-01-01T00:00:00Z",
      "ActionTerminatedAt": "0001-01-01T00:00:00Z",
      "Drift": "N/A",
      "Status": "NotLive",
      "SyncStatus": "NotLive"
    }
  },
  {
    "Space": {
      "CreatedAt": "2026-06-12T17:25:33.514171Z",
      "CursorID": 4702,
      "DisplayName": "helm-vertical-pod-autoscaler-default-confighub-proof",
      "EntityType": "Space",
      "Labels": {
        "Component": "VerticalPodAutoscaler",
        "Environment": "Demo",
        "Layer": "App",
        "Owner": "ConfigHubHelm",
        "Variant": "default"
      },
      "OrganizationID": "12c33fa8-00b1-4011-ad3e-19d56458b29c",
      "Permissions": {
        "Manage": {
          "UserIDs": {
            "c5818f81-ae4b-4d17-987f-743f19bdb0ca": true
          }
        },
        "ManageChildren": {
          "UserIDs": {
            "c5818f81-ae4b-4d17-987f-743f19bdb0ca": true
          }
        }
      },
      "Slug": "helm-vertical-pod-autoscaler-default-confighub-proof",
      "SpaceID": "360d1873-c233-465b-83be-8a0c5cfed566",
      "UpdatedAt": "2026-06-12T17:25:34.15256Z",
      "Version": 2,
      "WhereTrigger": "SpaceID = '360d1873-c233-465b-83be-8a0c5cfed566'"
    },
    "Unit": {
      "ApprovedBy": null,
      "CreatedAt": "0001-01-01T00:00:00Z",
      "DataHash": "af343bdd188634bfde24909a89a3d332cc759ef40de24f547564801f58c8dc34",
      "EntityType": "Unit",
      "FromLinkID": null,
      "HeadRevisionNum": 1,
      "MutationSources": null,
      "OrganizationID": "12c33fa8-00b1-4011-ad3e-19d56458b29c",
      "Slug": "poddisruptionbudget-default-vertical-pod-autoscaler-admission-controller",
      "SpaceID": "360d1873-c233-465b-83be-8a0c5cfed566",
      "ToolchainType": "Kubernetes/YAML",
      "UnitID": "0d2c97c7-4bf0-4918-8cca-cba279f916c1",
      "UpdatedAt": "0001-01-01T00:00:00Z",
      "Version": 8
    },
    "UnitStatus": {
      "Action": "N/A",
      "ActionResult": "None",
      "ActionStartedAt": "0001-01-01T00:00:00Z",
      "ActionTerminatedAt": "0001-01-01T00:00:00Z",
      "Drift": "N/A",
      "Status": "NotLive",
      "SyncStatus": "NotLive"
    }
  },
  {
    "Space": {
      "CreatedAt": "2026-06-12T17:25:33.514171Z",
      "CursorID": 4702,
      "DisplayName": "helm-vertical-pod-autoscaler-default-confighub-proof",
      "EntityType": "Space",
      "Labels": {
        "Component": "VerticalPodAutoscaler",
        "Environment": "Demo",
        "Layer": "App",
        "Owner": "ConfigHubHelm",
        "Variant": "default"
      },
      "OrganizationID": "12c33fa8-00b1-4011-ad3e-19d56458b29c",
      "Permissions": {
        "Manage": {
          "UserIDs": {
            "c5818f81-ae4b-4d17-987f-743f19bdb0ca": true
          }
        },
        "ManageChildren": {
          "UserIDs": {
            "c5818f81-ae4b-4d17-987f-743f19bdb0ca": true
          }
        }
      },
      "Slug": "helm-vertical-pod-autoscaler-default-confighub-proof",
      "SpaceID": "360d1873-c233-465b-83be-8a0c5cfed566",
      "UpdatedAt": "2026-06-12T17:25:34.15256Z",
      "Version": 2,
      "WhereTrigger": "SpaceID = '360d1873-c233-465b-83be-8a0c5cfed566'"
    },
    "Unit": {
      "ApprovedBy": null,
      "CreatedAt": "0001-01-01T00:00:00Z",
      "DataHash": "9776a737d12b58e4576d4abe28f4394613870b5f718ec80a29bb1a97d93562c8",
      "EntityType": "Unit",
      "FromLinkID": null,
      "HeadRevisionNum": 1,
      "MutationSources": null,
      "OrganizationID": "12c33fa8-00b1-4011-ad3e-19d56458b29c",
      "Slug": "poddisruptionbudget-default-vertical-pod-autoscaler-recommender",
      "SpaceID": "360d1873-c233-465b-83be-8a0c5cfed566",
      "ToolchainType": "Kubernetes/YAML",
      "UnitID": "6dd11ae9-60f0-4165-babf-706ed08ed089",
      "UpdatedAt": "0001-01-01T00:00:00Z",
      "Version": 8
    },
    "UnitStatus": {
      "Action": "N/A",
      "ActionResult": "None",
      "ActionStartedAt": "0001-01-01T00:00:00Z",
      "ActionTerminatedAt": "0001-01-01T00:00:00Z",
      "Drift": "N/A",
      "Status": "NotLive",
      "SyncStatus": "NotLive"
    }
  },
  {
    "Space": {
      "CreatedAt": "2026-06-12T17:25:33.514171Z",
      "CursorID": 4702,
      "DisplayName": "helm-vertical-pod-autoscaler-default-confighub-proof",
      "EntityType": "Space",
      "Labels": {
        "Component": "VerticalPodAutoscaler",
        "Environment": "Demo",
        "Layer": "App",
        "Owner": "ConfigHubHelm",
        "Variant": "default"
      },
      "OrganizationID": "12c33fa8-00b1-4011-ad3e-19d56458b29c",
      "Permissions": {
        "Manage": {
          "UserIDs": {
            "c5818f81-ae4b-4d17-987f-743f19bdb0ca": true
          }
        },
        "ManageChildren": {
          "UserIDs": {
            "c5818f81-ae4b-4d17-987f-743f19bdb0ca": true
          }
        }
      },
      "Slug": "helm-vertical-pod-autoscaler-default-confighub-proof",
      "SpaceID": "360d1873-c233-465b-83be-8a0c5cfed566",
      "UpdatedAt": "2026-06-12T17:25:34.15256Z",
      "Version": 2,
      "WhereTrigger": "SpaceID = '360d1873-c233-465b-83be-8a0c5cfed566'"
    },
    "Unit": {
      "ApprovedBy": null,
      "CreatedAt": "0001-01-01T00:00:00Z",
      "DataHash": "b27adacbbdd44bf996e6330c7c31e8b72b59ec24d81260c82ae5c857261b9dc3",
      "EntityType": "Unit",
      "FromLinkID": null,
      "HeadRevisionNum": 1,
      "MutationSources": null,
      "OrganizationID": "12c33fa8-00b1-4011-ad3e-19d56458b29c",
      "Slug": "poddisruptionbudget-default-vertical-pod-autoscaler-updater",
      "SpaceID": "360d1873-c233-465b-83be-8a0c5cfed566",
      "ToolchainType": "Kubernetes/YAML",
      "UnitID": "fa428734-9a41-40d5-95ab-da29c555cb3f",
      "UpdatedAt": "0001-01-01T00:00:00Z",
      "Version": 8
    },
    "UnitStatus": {
      "Action": "N/A",
      "ActionResult": "None",
      "ActionStartedAt": "0001-01-01T00:00:00Z",
      "ActionTerminatedAt": "0001-01-01T00:00:00Z",
      "Drift": "N/A",
      "Status": "NotLive",
      "SyncStatus": "NotLive"
    }
  },
  {
    "Space": {
      "CreatedAt": "2026-06-12T17:25:33.514171Z",
      "CursorID": 4702,
      "DisplayName": "helm-vertical-pod-autoscaler-default-confighub-proof",
      "EntityType": "Space",
      "Labels": {
        "Component": "VerticalPodAutoscaler",
        "Environment": "Demo",
        "Layer": "App",
        "Owner": "ConfigHubHelm",
        "Variant": "default"
      },
      "OrganizationID": "12c33fa8-00b1-4011-ad3e-19d56458b29c",
      "Permissions": {
        "Manage": {
          "UserIDs": {
            "c5818f81-ae4b-4d17-987f-743f19bdb0ca": true
          }
        },
        "ManageChildren": {
          "UserIDs": {
            "c5818f81-ae4b-4d17-987f-743f19bdb0ca": true
          }
        }
      },
      "Slug": "helm-vertical-pod-autoscaler-default-confighub-proof",
      "SpaceID": "360d1873-c233-465b-83be-8a0c5cfed566",
      "UpdatedAt": "2026-06-12T17:25:34.15256Z",
      "Version": 2,
      "WhereTrigger": "SpaceID = '360d1873-c233-465b-83be-8a0c5cfed566'"
    },
    "Unit": {
      "ApprovedBy": null,
      "CreatedAt": "0001-01-01T00:00:00Z",
      "DataHash": "cc89743054b0d4e816b10236b98811742699380139de5486e1314a94c1adb34b",
      "EntityType": "Unit",
      "FromLinkID": null,
      "HeadRevisionNum": 2,
      "MutationSources": null,
      "OrganizationID": "12c33fa8-00b1-4011-ad3e-19d56458b29c",
      "Slug": "role-default-vertical-pod-autoscaler-recommender-leader-locking",
      "SpaceID": "360d1873-c233-465b-83be-8a0c5cfed566",
      "ToolchainType": "Kubernetes/YAML",
      "UnitID": "bacae83e-fa55-4cde-8723-fddccc950ab2",
      "UpdatedAt": "0001-01-01T00:00:00Z",
      "Version": 10
    },
    "UnitStatus": {
      "Action": "N/A",
      "ActionResult": "None",
      "ActionStartedAt": "0001-01-01T00:00:00Z",
      "ActionTerminatedAt": "0001-01-01T00:00:00Z",
      "Drift": "N/A",
      "Status": "NotLive",
      "SyncStatus": "NotLive"
    }
  },
  {
    "Space": {
      "CreatedAt": "2026-06-12T17:25:33.514171Z",
      "CursorID": 4702,
      "DisplayName": "helm-vertical-pod-autoscaler-default-confighub-proof",
      "EntityType": "Space",
      "Labels": {
        "Component": "VerticalPodAutoscaler",
        "Environment": "Demo",
        "Layer": "App",
        "Owner": "ConfigHubHelm",
        "Variant": "default"
      },
      "OrganizationID": "12c33fa8-00b1-4011-ad3e-19d56458b29c",
      "Permissions": {
        "Manage": {
          "UserIDs": {
            "c5818f81-ae4b-4d17-987f-743f19bdb0ca": true
          }
        },
        "ManageChildren": {
          "UserIDs": {
            "c5818f81-ae4b-4d17-987f-743f19bdb0ca": true
          }
        }
      },
      "Slug": "helm-vertical-pod-autoscaler-default-confighub-proof",
      "SpaceID": "360d1873-c233-465b-83be-8a0c5cfed566",
      "UpdatedAt": "2026-06-12T17:25:34.15256Z",
      "Version": 2,
      "WhereTrigger": "SpaceID = '360d1873-c233-465b-83be-8a0c5cfed566'"
    },
    "Unit": {
      "ApprovedBy": null,
      "CreatedAt": "0001-01-01T00:00:00Z",
      "DataHash": "cec7119c00838cdbd695fa8098a091ef11454c0b0b6987c5e8c988fcf3182874",
      "EntityType": "Unit",
      "FromLinkID": null,
      "HeadRevisionNum": 2,
      "MutationSources": null,
      "OrganizationID": "12c33fa8-00b1-4011-ad3e-19d56458b29c",
      "Slug": "role-default-vertical-pod-autoscaler-updater-leader-locking",
      "SpaceID": "360d1873-c233-465b-83be-8a0c5cfed566",
      "ToolchainType": "Kubernetes/YAML",
      "UnitID": "ea51411b-1c90-454e-aa43-5bb9e1066816",
      "UpdatedAt": "0001-01-01T00:00:00Z",
      "Version": 10
    },
    "UnitStatus": {
      "Action": "N/A",
      "ActionResult": "None",
      "ActionStartedAt": "0001-01-01T00:00:00Z",
      "ActionTerminatedAt": "0001-01-01T00:00:00Z",
      "Drift": "N/A",
      "Status": "NotLive",
      "SyncStatus": "NotLive"
    }
  },
  {
    "Space": {
      "CreatedAt": "2026-06-12T17:25:33.514171Z",
      "CursorID": 4702,
      "DisplayName": "helm-vertical-pod-autoscaler-default-confighub-proof",
      "EntityType": "Space",
      "Labels": {
        "Component": "VerticalPodAutoscaler",
        "Environment": "Demo",
        "Layer": "App",
        "Owner": "ConfigHubHelm",
        "Variant": "default"
      },
      "OrganizationID": "12c33fa8-00b1-4011-ad3e-19d56458b29c",
      "Permissions": {
        "Manage": {
          "UserIDs": {
            "c5818f81-ae4b-4d17-987f-743f19bdb0ca": true
          }
        },
        "ManageChildren": {
          "UserIDs": {
            "c5818f81-ae4b-4d17-987f-743f19bdb0ca": true
          }
        }
      },
      "Slug": "helm-vertical-pod-autoscaler-default-confighub-proof",
      "SpaceID": "360d1873-c233-465b-83be-8a0c5cfed566",
      "UpdatedAt": "2026-06-12T17:25:34.15256Z",
      "Version": 2,
      "WhereTrigger": "SpaceID = '360d1873-c233-465b-83be-8a0c5cfed566'"
    },
    "Unit": {
      "ApprovedBy": null,
      "CreatedAt": "0001-01-01T00:00:00Z",
      "DataHash": "c9442a6e1f27a92f69a842f3e1287cd1e3e340a6843b5d93982f00a7168d1008",
      "EntityType": "Unit",
      "FromLinkID": null,
      "HeadRevisionNum": 2,
      "MutationSources": null,
      "OrganizationID": "12c33fa8-00b1-4011-ad3e-19d56458b29c",
      "Slug": "rolebinding-default-vertical-pod-autoscaler-recommender-leader-locking",
      "SpaceID": "360d1873-c233-465b-83be-8a0c5cfed566",
      "ToolchainType": "Kubernetes/YAML",
      "UnitID": "fbde90a5-3bf2-4395-8083-6ec6578e163e",
      "UpdatedAt": "0001-01-01T00:00:00Z",
      "Version": 12
    },
    "UnitStatus": {
      "Action": "N/A",
      "ActionResult": "None",
      "ActionStartedAt": "0001-01-01T00:00:00Z",
      "ActionTerminatedAt": "0001-01-01T00:00:00Z",
      "Drift": "N/A",
      "Status": "NotLive",
      "SyncStatus": "NotLive"
    }
  },
  {
    "Space": {
      "CreatedAt": "2026-06-12T17:25:33.514171Z",
      "CursorID": 4702,
      "DisplayName": "helm-vertical-pod-autoscaler-default-confighub-proof",
      "EntityType": "Space",
      "Labels": {
        "Component": "VerticalPodAutoscaler",
        "Environment": "Demo",
        "Layer": "App",
        "Owner": "ConfigHubHelm",
        "Variant": "default"
      },
      "OrganizationID": "12c33fa8-00b1-4011-ad3e-19d56458b29c",
      "Permissions": {
        "Manage": {
          "UserIDs": {
            "c5818f81-ae4b-4d17-987f-743f19bdb0ca": true
          }
        },
        "ManageChildren": {
          "UserIDs": {
            "c5818f81-ae4b-4d17-987f-743f19bdb0ca": true
          }
        }
      },
      "Slug": "helm-vertical-pod-autoscaler-default-confighub-proof",
      "SpaceID": "360d1873-c233-465b-83be-8a0c5cfed566",
      "UpdatedAt": "2026-06-12T17:25:34.15256Z",
      "Version": 2,
      "WhereTrigger": "SpaceID = '360d1873-c233-465b-83be-8a0c5cfed566'"
    },
    "Unit": {
      "ApprovedBy": null,
      "CreatedAt": "0001-01-01T00:00:00Z",
      "DataHash": "7ef8cea3a6fa153aa9ddbe3482dd23207c1b79aefbd5cd26186513775da3848d",
      "EntityType": "Unit",
      "FromLinkID": null,
      "HeadRevisionNum": 2,
      "MutationSources": null,
      "OrganizationID": "12c33fa8-00b1-4011-ad3e-19d56458b29c",
      "Slug": "rolebinding-default-vertical-pod-autoscaler-updater-leader-locking-binding",
      "SpaceID": "360d1873-c233-465b-83be-8a0c5cfed566",
      "ToolchainType": "Kubernetes/YAML",
      "UnitID": "c1c28066-966b-4b96-aaf4-b350b59408ef",
      "UpdatedAt": "0001-01-01T00:00:00Z",
      "Version": 12
    },
    "UnitStatus": {
      "Action": "N/A",
      "ActionResult": "None",
      "ActionStartedAt": "0001-01-01T00:00:00Z",
      "ActionTerminatedAt": "0001-01-01T00:00:00Z",
      "Drift": "N/A",
      "Status": "NotLive",
      "SyncStatus": "NotLive"
    }
  },
  {
    "Space": {
      "CreatedAt": "2026-06-12T17:25:33.514171Z",
      "CursorID": 4702,
      "DisplayName": "helm-vertical-pod-autoscaler-default-confighub-proof",
      "EntityType": "Space",
      "Labels": {
        "Component": "VerticalPodAutoscaler",
        "Environment": "Demo",
        "Layer": "App",
        "Owner": "ConfigHubHelm",
        "Variant": "default"
      },
      "OrganizationID": "12c33fa8-00b1-4011-ad3e-19d56458b29c",
      "Permissions": {
        "Manage": {
          "UserIDs": {
            "c5818f81-ae4b-4d17-987f-743f19bdb0ca": true
          }
        },
        "ManageChildren": {
          "UserIDs": {
            "c5818f81-ae4b-4d17-987f-743f19bdb0ca": true
          }
        }
      },
      "Slug": "helm-vertical-pod-autoscaler-default-confighub-proof",
      "SpaceID": "360d1873-c233-465b-83be-8a0c5cfed566",
      "UpdatedAt": "2026-06-12T17:25:34.15256Z",
      "Version": 2,
      "WhereTrigger": "SpaceID = '360d1873-c233-465b-83be-8a0c5cfed566'"
    },
    "Unit": {
      "ApprovedBy": null,
      "CreatedAt": "0001-01-01T00:00:00Z",
      "DataHash": "fd2049a637d26374c4730e25057852a7523e31dc008deb9f661ef74ce5e8b2a8",
      "EntityType": "Unit",
      "FromLinkID": null,
      "HeadRevisionNum": 2,
      "MutationSources": null,
      "OrganizationID": "12c33fa8-00b1-4011-ad3e-19d56458b29c",
      "Slug": "clusterrole-vertical-pod-autoscaler-updater-in-place",
      "SpaceID": "360d1873-c233-465b-83be-8a0c5cfed566",
      "ToolchainType": "Kubernetes/YAML",
      "UnitID": "7a02555b-f02a-4b80-a509-0d6e884528f9",
      "UpdatedAt": "0001-01-01T00:00:00Z",
      "Version": 7
    },
    "UnitStatus": {
      "Action": "N/A",
      "ActionResult": "None",
      "ActionStartedAt": "0001-01-01T00:00:00Z",
      "ActionTerminatedAt": "0001-01-01T00:00:00Z",
      "Drift": "N/A",
      "Status": "NotLive",
      "SyncStatus": "NotLive"
    }
  },
  {
    "Space": {
      "CreatedAt": "2026-06-12T17:25:33.514171Z",
      "CursorID": 4702,
      "DisplayName": "helm-vertical-pod-autoscaler-default-confighub-proof",
      "EntityType": "Space",
      "Labels": {
        "Component": "VerticalPodAutoscaler",
        "Environment": "Demo",
        "Layer": "App",
        "Owner": "ConfigHubHelm",
        "Variant": "default"
      },
      "OrganizationID": "12c33fa8-00b1-4011-ad3e-19d56458b29c",
      "Permissions": {
        "Manage": {
          "UserIDs": {
            "c5818f81-ae4b-4d17-987f-743f19bdb0ca": true
          }
        },
        "ManageChildren": {
          "UserIDs": {
            "c5818f81-ae4b-4d17-987f-743f19bdb0ca": true
          }
        }
      },
      "Slug": "helm-vertical-pod-autoscaler-default-confighub-proof",
      "SpaceID": "360d1873-c233-465b-83be-8a0c5cfed566",
      "UpdatedAt": "2026-06-12T17:25:34.15256Z",
      "Version": 2,
      "WhereTrigger": "SpaceID = '360d1873-c233-465b-83be-8a0c5cfed566'"
    },
    "Unit": {
      "ApprovedBy": null,
      "CreatedAt": "0001-01-01T00:00:00Z",
      "DataHash": "1d3bb4f70beecdb12700830f27455fdc1c6ca366357906295fb1ca41efc60c48",
      "EntityType": "Unit",
      "FromLinkID": null,
      "HeadRevisionNum": 2,
      "MutationSources": null,
      "OrganizationID": "12c33fa8-00b1-4011-ad3e-19d56458b29c",
      "Slug": "service-default-vpa-webhook",
      "SpaceID": "360d1873-c233-465b-83be-8a0c5cfed566",
      "ToolchainType": "Kubernetes/YAML",
      "UnitID": "cde4fe37-6738-46ac-95d7-08df9801da34",
      "UpdatedAt": "0001-01-01T00:00:00Z",
      "Version": 13
    },
    "UnitStatus": {
      "Action": "N/A",
      "ActionResult": "None",
      "ActionStartedAt": "0001-01-01T00:00:00Z",
      "ActionTerminatedAt": "0001-01-01T00:00:00Z",
      "Drift": "N/A",
      "Status": "NotLive",
      "SyncStatus": "NotLive"
    }
  },
  {
    "Space": {
      "CreatedAt": "2026-06-12T17:25:33.514171Z",
      "CursorID": 4702,
      "DisplayName": "helm-vertical-pod-autoscaler-default-confighub-proof",
      "EntityType": "Space",
      "Labels": {
        "Component": "VerticalPodAutoscaler",
        "Environment": "Demo",
        "Layer": "App",
        "Owner": "ConfigHubHelm",
        "Variant": "default"
      },
      "OrganizationID": "12c33fa8-00b1-4011-ad3e-19d56458b29c",
      "Permissions": {
        "Manage": {
          "UserIDs": {
            "c5818f81-ae4b-4d17-987f-743f19bdb0ca": true
          }
        },
        "ManageChildren": {
          "UserIDs": {
            "c5818f81-ae4b-4d17-987f-743f19bdb0ca": true
          }
        }
      },
      "Slug": "helm-vertical-pod-autoscaler-default-confighub-proof",
      "SpaceID": "360d1873-c233-465b-83be-8a0c5cfed566",
      "UpdatedAt": "2026-06-12T17:25:34.15256Z",
      "Version": 2,
      "WhereTrigger": "SpaceID = '360d1873-c233-465b-83be-8a0c5cfed566'"
    },
    "Unit": {
      "ApprovedBy": null,
      "CreatedAt": "0001-01-01T00:00:00Z",
      "DataHash": "33a72bbf21cb9d91aaaa40328d33f1119261ede5e85d02feff12cb71e2702c15",
      "EntityType": "Unit",
      "FromLinkID": null,
      "HeadRevisionNum": 1,
      "MutationSources": null,
      "OrganizationID": "12c33fa8-00b1-4011-ad3e-19d56458b29c",
      "Slug": "serviceaccount-default-vertical-pod-autoscaler-admission-controller",
      "SpaceID": "360d1873-c233-465b-83be-8a0c5cfed566",
      "ToolchainType": "Kubernetes/YAML",
      "UnitID": "c38aad62-65f2-45a0-8109-65493fbbd0be",
      "UpdatedAt": "0001-01-01T00:00:00Z",
      "Version": 6
    },
    "UnitStatus": {
      "Action": "N/A",
      "ActionResult": "None",
      "ActionStartedAt": "0001-01-01T00:00:00Z",
      "ActionTerminatedAt": "0001-01-01T00:00:00Z",
      "Drift": "N/A",
      "Status": "NotLive",
      "SyncStatus": "NotLive"
    }
  },
  {
    "Space": {
      "CreatedAt": "2026-06-12T17:25:33.514171Z",
      "CursorID": 4702,
      "DisplayName": "helm-vertical-pod-autoscaler-default-confighub-proof",
      "EntityType": "Space",
      "Labels": {
        "Component": "VerticalPodAutoscaler",
        "Environment": "Demo",
        "Layer": "App",
        "Owner": "ConfigHubHelm",
        "Variant": "default"
      },
      "OrganizationID": "12c33fa8-00b1-4011-ad3e-19d56458b29c",
      "Permissions": {
        "Manage": {
          "UserIDs": {
            "c5818f81-ae4b-4d17-987f-743f19bdb0ca": true
          }
        },
        "ManageChildren": {
          "UserIDs": {
            "c5818f81-ae4b-4d17-987f-743f19bdb0ca": true
          }
        }
      },
      "Slug": "helm-vertical-pod-autoscaler-default-confighub-proof",
      "SpaceID": "360d1873-c233-465b-83be-8a0c5cfed566",
      "UpdatedAt": "2026-06-12T17:25:34.15256Z",
      "Version": 2,
      "WhereTrigger": "SpaceID = '360d1873-c233-465b-83be-8a0c5cfed566'"
    },
    "Unit": {
      "ApprovedBy": null,
      "CreatedAt": "0001-01-01T00:00:00Z",
      "DataHash": "e91ad5f3d6616f06907ef9f2a214308bdb977fe811869c24ef448818e3dd4f90",
      "EntityType": "Unit",
      "FromLinkID": null,
      "HeadRevisionNum": 1,
      "MutationSources": null,
      "OrganizationID": "12c33fa8-00b1-4011-ad3e-19d56458b29c",
      "Slug": "serviceaccount-default-vertical-pod-autoscaler-updater",
      "SpaceID": "360d1873-c233-465b-83be-8a0c5cfed566",
      "ToolchainType": "Kubernetes/YAML",
      "UnitID": "6e5a5ec5-ec31-4bd6-a774-6621048d8c11",
      "UpdatedAt": "0001-01-01T00:00:00Z",
      "Version": 6
    },
    "UnitStatus": {
      "Action": "N/A",
      "ActionResult": "None",
      "ActionStartedAt": "0001-01-01T00:00:00Z",
      "ActionTerminatedAt": "0001-01-01T00:00:00Z",
      "Drift": "N/A",
      "Status": "NotLive",
      "SyncStatus": "NotLive"
    }
  },
  {
    "Space": {
      "CreatedAt": "2026-06-12T17:25:33.514171Z",
      "CursorID": 4702,
      "DisplayName": "helm-vertical-pod-autoscaler-default-confighub-proof",
      "EntityType": "Space",
      "Labels": {
        "Component": "VerticalPodAutoscaler",
        "Environment": "Demo",
        "Layer": "App",
        "Owner": "ConfigHubHelm",
        "Variant": "default"
      },
      "OrganizationID": "12c33fa8-00b1-4011-ad3e-19d56458b29c",
      "Permissions": {
        "Manage": {
          "UserIDs": {
            "c5818f81-ae4b-4d17-987f-743f19bdb0ca": true
          }
        },
        "ManageChildren": {
          "UserIDs": {
            "c5818f81-ae4b-4d17-987f-743f19bdb0ca": true
          }
        }
      },
      "Slug": "helm-vertical-pod-autoscaler-default-confighub-proof",
      "SpaceID": "360d1873-c233-465b-83be-8a0c5cfed566",
      "UpdatedAt": "2026-06-12T17:25:34.15256Z",
      "Version": 2,
      "WhereTrigger": "SpaceID = '360d1873-c233-465b-83be-8a0c5cfed566'"
    },
    "Unit": {
      "ApprovedBy": null,
      "CreatedAt": "0001-01-01T00:00:00Z",
      "DataHash": "95687dad8548ecb0e0266461d62ef3851c6a9e04af64ba486b95236985064611",
      "EntityType": "Unit",
      "FromLinkID": null,
      "HeadRevisionNum": 2,
      "MutationSources": null,
      "OrganizationID": "12c33fa8-00b1-4011-ad3e-19d56458b29c",
      "Slug": "clusterrole-vertical-pod-autoscaler-updater-evictioner",
      "SpaceID": "360d1873-c233-465b-83be-8a0c5cfed566",
      "ToolchainType": "Kubernetes/YAML",
      "UnitID": "85444d4f-2d23-4b16-9634-9e7f6ddaa8b8",
      "UpdatedAt": "0001-01-01T00:00:00Z",
      "Version": 7
    },
    "UnitStatus": {
      "Action": "N/A",
      "ActionResult": "None",
      "ActionStartedAt": "0001-01-01T00:00:00Z",
      "ActionTerminatedAt": "0001-01-01T00:00:00Z",
      "Drift": "N/A",
      "Status": "NotLive",
      "SyncStatus": "NotLive"
    }
  },
  {
    "Space": {
      "CreatedAt": "2026-06-12T17:25:33.514171Z",
      "CursorID": 4702,
      "DisplayName": "helm-vertical-pod-autoscaler-default-confighub-proof",
      "EntityType": "Space",
      "Labels": {
        "Component": "VerticalPodAutoscaler",
        "Environment": "Demo",
        "Layer": "App",
        "Owner": "ConfigHubHelm",
        "Variant": "default"
      },
      "OrganizationID": "12c33fa8-00b1-4011-ad3e-19d56458b29c",
      "Permissions": {
        "Manage": {
          "UserIDs": {
            "c5818f81-ae4b-4d17-987f-743f19bdb0ca": true
          }
        },
        "ManageChildren": {
          "UserIDs": {
            "c5818f81-ae4b-4d17-987f-743f19bdb0ca": true
          }
        }
      },
      "Slug": "helm-vertical-pod-autoscaler-default-confighub-proof",
      "SpaceID": "360d1873-c233-465b-83be-8a0c5cfed566",
      "UpdatedAt": "2026-06-12T17:25:34.15256Z",
      "Version": 2,
      "WhereTrigger": "SpaceID = '360d1873-c233-465b-83be-8a0c5cfed566'"
    },
    "Unit": {
      "ApprovedBy": null,
      "CreatedAt": "0001-01-01T00:00:00Z",
      "DataHash": "1a053b70c7ed8a1e433f239d22a0f0f85a383af7c5a704847bbea38ae7a5f353",
      "EntityType": "Unit",
      "FromLinkID": null,
      "HeadRevisionNum": 2,
      "MutationSources": null,
      "OrganizationID": "12c33fa8-00b1-4011-ad3e-19d56458b29c",
      "Slug": "clusterrole-vertical-pod-autoscaler-updater-status-reader",
      "SpaceID": "360d1873-c233-465b-83be-8a0c5cfed566",
      "ToolchainType": "Kubernetes/YAML",
      "UnitID": "588f56ac-19a4-4e95-bfee-31a9e386e41c",
      "UpdatedAt": "0001-01-01T00:00:00Z",
      "Version": 7
    },
    "UnitStatus": {
      "Action": "N/A",
      "ActionResult": "None",
      "ActionStartedAt": "0001-01-01T00:00:00Z",
      "ActionTerminatedAt": "0001-01-01T00:00:00Z",
      "Drift": "N/A",
      "Status": "NotLive",
      "SyncStatus": "NotLive"
    }
  },
  {
    "Space": {
      "CreatedAt": "2026-06-12T17:25:33.514171Z",
      "CursorID": 4702,
      "DisplayName": "helm-vertical-pod-autoscaler-default-confighub-proof",
      "EntityType": "Space",
      "Labels": {
        "Component": "VerticalPodAutoscaler",
        "Environment": "Demo",
        "Layer": "App",
        "Owner": "ConfigHubHelm",
        "Variant": "default"
      },
      "OrganizationID": "12c33fa8-00b1-4011-ad3e-19d56458b29c",
      "Permissions": {
        "Manage": {
          "UserIDs": {
            "c5818f81-ae4b-4d17-987f-743f19bdb0ca": true
          }
        },
        "ManageChildren": {
          "UserIDs": {
            "c5818f81-ae4b-4d17-987f-743f19bdb0ca": true
          }
        }
      },
      "Slug": "helm-vertical-pod-autoscaler-default-confighub-proof",
      "SpaceID": "360d1873-c233-465b-83be-8a0c5cfed566",
      "UpdatedAt": "2026-06-12T17:25:34.15256Z",
      "Version": 2,
      "WhereTrigger": "SpaceID = '360d1873-c233-465b-83be-8a0c5cfed566'"
    },
    "Unit": {
      "ApprovedBy": null,
      "CreatedAt": "0001-01-01T00:00:00Z",
      "DataHash": "a8b924aba89c0a3482def95a181a9d0beb0c31ff0b1026791e2ec7031f5f3e93",
      "EntityType": "Unit",
      "FromLinkID": null,
      "HeadRevisionNum": 2,
      "MutationSources": null,
      "OrganizationID": "12c33fa8-00b1-4011-ad3e-19d56458b29c",
      "Slug": "clusterrole-vertical-pod-autoscaler-updater-target-reader",
      "SpaceID": "360d1873-c233-465b-83be-8a0c5cfed566",
      "ToolchainType": "Kubernetes/YAML",
      "UnitID": "75c7afde-1471-4e22-96a5-f04c2394805c",
      "UpdatedAt": "0001-01-01T00:00:00Z",
      "Version": 7
    },
    "UnitStatus": {
      "Action": "N/A",
      "ActionResult": "None",
      "ActionStartedAt": "0001-01-01T00:00:00Z",
      "ActionTerminatedAt": "0001-01-01T00:00:00Z",
      "Drift": "N/A",
      "Status": "NotLive",
      "SyncStatus": "NotLive"
    }
  },
  {
    "Space": {
      "CreatedAt": "2026-06-12T17:25:33.514171Z",
      "CursorID": 4702,
      "DisplayName": "helm-vertical-pod-autoscaler-default-confighub-proof",
      "EntityType": "Space",
      "Labels": {
        "Component": "VerticalPodAutoscaler",
        "Environment": "Demo",
        "Layer": "App",
        "Owner": "ConfigHubHelm",
        "Variant": "default"
      },
      "OrganizationID": "12c33fa8-00b1-4011-ad3e-19d56458b29c",
      "Permissions": {
        "Manage": {
          "UserIDs": {
            "c5818f81-ae4b-4d17-987f-743f19bdb0ca": true
          }
        },
        "ManageChildren": {
          "UserIDs": {
            "c5818f81-ae4b-4d17-987f-743f19bdb0ca": true
          }
        }
      },
      "Slug": "helm-vertical-pod-autoscaler-default-confighub-proof",
      "SpaceID": "360d1873-c233-465b-83be-8a0c5cfed566",
      "UpdatedAt": "2026-06-12T17:25:34.15256Z",
      "Version": 2,
      "WhereTrigger": "SpaceID = '360d1873-c233-465b-83be-8a0c5cfed566'"
    },
    "Unit": {
      "ApprovedBy": null,
      "CreatedAt": "0001-01-01T00:00:00Z",
      "DataHash": "44f44ade865ca71bbb2a8b7c10be2c358e20dfec8a970cbc9d2b7ae0e92bc740",
      "EntityType": "Unit",
      "FromLinkID": null,
      "HeadRevisionNum": 2,
      "MutationSources": null,
      "OrganizationID": "12c33fa8-00b1-4011-ad3e-19d56458b29c",
      "Slug": "clusterrolebinding-vertical-pod-autoscaler-admission-controller",
      "SpaceID": "360d1873-c233-465b-83be-8a0c5cfed566",
      "ToolchainType": "Kubernetes/YAML",
      "UnitID": "c9062c52-b335-42e1-998a-0d08d04fd86b",
      "UpdatedAt": "0001-01-01T00:00:00Z",
      "Version": 15
    },
    "UnitStatus": {
      "Action": "N/A",
      "ActionResult": "None",
      "ActionStartedAt": "0001-01-01T00:00:00Z",
      "ActionTerminatedAt": "0001-01-01T00:00:00Z",
      "Drift": "N/A",
      "Status": "NotLive",
      "SyncStatus": "NotLive"
    }
  },
  {
    "Space": {
      "CreatedAt": "2026-06-12T17:25:33.514171Z",
      "CursorID": 4702,
      "DisplayName": "helm-vertical-pod-autoscaler-default-confighub-proof",
      "EntityType": "Space",
      "Labels": {
        "Component": "VerticalPodAutoscaler",
        "Environment": "Demo",
        "Layer": "App",
        "Owner": "ConfigHubHelm",
        "Variant": "default"
      },
      "OrganizationID": "12c33fa8-00b1-4011-ad3e-19d56458b29c",
      "Permissions": {
        "Manage": {
          "UserIDs": {
            "c5818f81-ae4b-4d17-987f-743f19bdb0ca": true
          }
        },
        "ManageChildren": {
          "UserIDs": {
            "c5818f81-ae4b-4d17-987f-743f19bdb0ca": true
          }
        }
      },
      "Slug": "helm-vertical-pod-autoscaler-default-confighub-proof",
      "SpaceID": "360d1873-c233-465b-83be-8a0c5cfed566",
      "UpdatedAt": "2026-06-12T17:25:34.15256Z",
      "Version": 2,
      "WhereTrigger": "SpaceID = '360d1873-c233-465b-83be-8a0c5cfed566'"
    },
    "Unit": {
      "ApprovedBy": null,
      "CreatedAt": "0001-01-01T00:00:00Z",
      "DataHash": "2478f4edc9fc10b0a11c745b542763a52a1bedbf67d58c0aba3525b26f0a1965",
      "EntityType": "Unit",
      "FromLinkID": null,
      "HeadRevisionNum": 2,
      "MutationSources": null,
      "OrganizationID": "12c33fa8-00b1-4011-ad3e-19d56458b29c",
      "Slug": "clusterrolebinding-vertical-pod-autoscaler-recommender-actor",
      "SpaceID": "360d1873-c233-465b-83be-8a0c5cfed566",
      "ToolchainType": "Kubernetes/YAML",
      "UnitID": "5d40355c-5549-49ad-8656-d5f02418a108",
      "UpdatedAt": "0001-01-01T00:00:00Z",
      "Version": 15
    },
    "UnitStatus": {
      "Action": "N/A",
      "ActionResult": "None",
      "ActionStartedAt": "0001-01-01T00:00:00Z",
      "ActionTerminatedAt": "0001-01-01T00:00:00Z",
      "Drift": "N/A",
      "Status": "NotLive",
      "SyncStatus": "NotLive"
    }
  }
]
