== traefik-traefik@ → Space helm-traefik-default-confighub-proof ==
Successfully created unit clusterrole-traefik-default (b90a8e0e-0faa-40d8-852a-eb73ca40393b)
Successfully created unit clusterrolebinding-traefik-default (5d4f7c55-4ef5-40f2-9b27-dc3d982402d6)
Successfully created unit customresourcedefinition-accesscontrolpolicies-hub-traefik-io (2879e5f5-9667-4ffa-ba8e-0fbddc22c8d3)
Successfully created unit customresourcedefinition-aiservices-hub-traefik-io (5db8b85d-a700-4cef-9d5d-057171e82c2b)
Successfully created unit customresourcedefinition-apiauths-hub-traefik-io (bcc8205e-81f4-414e-812c-b92bdf22a274)
Successfully created unit customresourcedefinition-apibundles-hub-traefik-io (ac444a3d-ab94-4d33-a7e7-86724817dfed)
Successfully created unit customresourcedefinition-apicatalogitems-hub-traefik-io (521af274-b92b-473e-85d3-b0164f798803)
Successfully created unit customresourcedefinition-apiplans-hub-traefik-io (4ca79c3d-6c78-4a04-b397-9b015d3d9aa1)
Successfully created unit customresourcedefinition-apiportalauths-hub-traefik-io (cd97ba2f-cfbb-403e-9a9f-3131eda15897)
Successfully created unit customresourcedefinition-apiportals-hub-traefik-io (f0fbb0fe-8e51-4469-a382-762b8c52dcbc)
Successfully created unit customresourcedefinition-apiratelimits-hub-traefik-io (9cd426e0-ab44-4f3d-a05e-cbb439d29a51)
Successfully created unit customresourcedefinition-apis-hub-traefik-io (64b2159f-037b-4972-813e-b2b52c8d1020)
Successfully created unit customresourcedefinition-apiversions-hub-traefik-io (b85b7b91-58de-4df9-8efb-b3473f288d4c)
Successfully created unit customresourcedefinition-contentitems-hub-traefik-io (50770384-47f9-4a65-9f65-74556b7f6170)
Successfully created unit customresourcedefinition-ingressroutes-traefik-io (76162dfd-ccc6-4d80-9c93-cbf65ce71484)
Successfully created unit customresourcedefinition-ingressroutetcps-traefik-io (c1d96e8b-083d-4b79-bc04-b8925fe1b59d)
Successfully created unit customresourcedefinition-ingressrouteudps-traefik-io (1c617184-8f7f-4fcd-ad9c-f8e2b3c94605)
Successfully created unit customresourcedefinition-managedapplications-hub-traefik-io (bb74a9db-c049-4539-a8e2-8063e0b492af)
Successfully created unit customresourcedefinition-managedsubscriptions-hub-traefik-io (37394285-1619-4f66-83df-e517b3e1ccd8)
Successfully created unit customresourcedefinition-middlewares-traefik-io (846dc881-5b45-439b-857a-a228bd7348d6)
Successfully created unit customresourcedefinition-middlewaretcps-traefik-io (33060255-c07d-4631-ac74-f519c43a9d92)
Successfully created unit customresourcedefinition-serverstransports-traefik-io (6ed25e44-e67a-461e-aa66-181661189ac6)
Successfully created unit customresourcedefinition-serverstransporttcps-traefik-io (5b66191b-7ede-456a-8f8a-171522dd748e)
Successfully created unit customresourcedefinition-tlsoptions-traefik-io (c1d8a469-3e26-47c3-b38d-ec5a98fccbe2)
Successfully created unit customresourcedefinition-tlsstores-traefik-io (28771757-f7c0-425c-855d-425595e983bc)
Successfully created unit customresourcedefinition-traefikservices-traefik-io (068d9456-ea9c-4c10-8332-dfb015fd91c7)
Successfully created unit customresourcedefinition-uplinks-hub-traefik-io (4a8181ec-2aee-4b1d-8fed-67d61ea4185e)
Successfully created unit deployment-default-traefik (5fd5511b-91ae-416d-9f68-e5b088005a58)
Successfully created unit ingressclass-traefik (2ce1a9fb-6ac4-4d5d-ab09-028f38f58697)
Successfully created unit namespace-default (00ede98e-3ea2-4573-9932-ba20b8646ea6)
Successfully created unit service-default-traefik (1f3cd112-d5a7-4230-ad21-48ee1a3436f7)
Successfully created unit serviceaccount-default-traefik (dc24b643-3f09-41ad-8b4d-e24dc31c4941)
Successfully created unit installer-record (86cc5706-6fb3-4dca-bdcd-71c20c503dbf)
Linked clusterrolebinding-traefik-default -> clusterrole-traefik-default (reference:rbac.authorization.k8s.io/v1/ClusterRole)
Linked clusterrolebinding-traefik-default -> namespace-default (reference:v1/Namespace)
Linked clusterrolebinding-traefik-default -> serviceaccount-default-traefik (reference:v1/ServiceAccount)
Linked deployment-default-traefik -> namespace-default (reference:v1/Namespace)
Linked deployment-default-traefik -> serviceaccount-default-traefik (reference:v1/ServiceAccount)
Linked service-default-traefik -> deployment-default-traefik (selector)
Linked service-default-traefik -> namespace-default (reference:v1/Namespace)
Linked serviceaccount-default-traefik -> namespace-default (reference:v1/Namespace)
