--- helm-traefik-default-confighub-proof/deployment-default-traefik/1
+++ helm-traefik-default-confighub-proof/deployment-default-traefik/2
@@ -34,82 +38,75 @@
     spec:
       automountServiceAccountToken: true
       containers:
-        - args:
-            - --entryPoints.metrics.address=:9100/tcp
-            - --entryPoints.traefik.address=:8080/tcp
-            - --entryPoints.web.address=:8000/tcp
-            - --entryPoints.websecure.address=:8443/tcp
-            - --api.dashboard=true
-            - --ping=true
-            - --metrics.prometheus=true
-            - --metrics.prometheus.entrypoint=metrics
-            - --providers.kubernetescrd
-            - --providers.kubernetescrd.allowEmptyServices=true
-            - --providers.kubernetesingress
-            - --providers.kubernetesingress.allowEmptyServices=true
-            - --providers.kubernetesingress.ingressendpoint.publishedservice=default/traefik
-            - --entryPoints.websecure.http.tls=true
-            - --log.level=INFO
-          env:
-            - name: POD_NAME
-              valueFrom:
-                fieldRef:
-                  fieldPath: metadata.name
-            - name: POD_NAMESPACE
-              valueFrom:
-                fieldRef:
-                  fieldPath: metadata.namespace
-            - name: USER
-              value: traefik
-          image: docker.io/traefik:v3.7.1
-          imagePullPolicy: IfNotPresent
-          lifecycle: null
-          livenessProbe:
-            failureThreshold: 3
-            httpGet:
-              path: /ping
-              port: 8080
-              scheme: HTTP
-            initialDelaySeconds: 2
-            periodSeconds: 10
-            successThreshold: 1
-            timeoutSeconds: 2
+      - args:
+        - --entryPoints.metrics.address=:9100/tcp
+        - --entryPoints.traefik.address=:8080/tcp
+        - --entryPoints.web.address=:8000/tcp
+        - --entryPoints.websecure.address=:8443/tcp
+        - --api.dashboard=true
+        - --ping=true
+        - --metrics.prometheus=true
+        - --metrics.prometheus.entrypoint=metrics
+        - --providers.kubernetescrd
+        - --providers.kubernetescrd.allowEmptyServices=true
+        - --providers.kubernetesingress
+        - --providers.kubernetesingress.allowEmptyServices=true
+        - --providers.kubernetesingress.ingressendpoint.publishedservice=default/traefik
+        - --entryPoints.websecure.http.tls=true
+        - --log.level=INFO
+        env:
+        - name: POD_NAME
+          valueFrom:
+            fieldRef:
+              fieldPath: metadata.name
+        - name: POD_NAMESPACE
+          valueFrom:
+            fieldRef:
+              fieldPath: metadata.namespace
+        - name: USER
+          value: traefik
+        image: docker.io/traefik:v3.7.1
+        imagePullPolicy: IfNotPresent
+        lifecycle: null
+        livenessProbe:
+          failureThreshold: 3
+          httpGet:
+            path: /ping
+            port: 8080
+            scheme: HTTP
+          initialDelaySeconds: 2
+          periodSeconds: 10
+          successThreshold: 1
+          timeoutSeconds: 2
+        name: traefik
+        ports:
+        - containerPort: 9100
+          name: metrics
+          protocol: TCP
+        - containerPort: 8080
           name: traefik
-          ports:
-            - containerPort: 9100
-              name: metrics
-              protocol: TCP
-            - containerPort: 8080
-              name: traefik
-              protocol: TCP
-            - containerPort: 8000
-              name: web
-              protocol: TCP
-            - containerPort: 8443
-              name: websecure
-              protocol: TCP
-          readinessProbe:
-            failureThreshold: 1
-            httpGet:
-              path: /ping
-              port: 8080
-              scheme: HTTP
-            initialDelaySeconds: 2
-            periodSeconds: 10
-            successThreshold: 1
-            timeoutSeconds: 2
-          resources: null
-          securityContext:
-            allowPrivilegeEscalation: false
-            capabilities:
-              drop:
-                - ALL
-            readOnlyRootFilesystem: true
-          volumeMounts:
-            - mountPath: /data
-              name: data
-            - mountPath: /tmp
-              name: tmp
+          protocol: TCP
+        - containerPort: 8000
+          name: web
+          protocol: TCP
+        - containerPort: 8443
+          name: websecure
+          protocol: TCP
+        readinessProbe:
+          failureThreshold: 1
+          httpGet:
+            path: /ping
+            port: 8080
+            scheme: HTTP
+          initialDelaySeconds: 2
+          periodSeconds: 10
+          successThreshold: 1
+          timeoutSeconds: 2
+        resources: null
+        securityContext:
+          allowPrivilegeEscalation: false
+          capabilities:
+            drop:
+            - ALL
+          readOnlyRootFilesystem: true
+        volumeMounts:
+        - mountPath: /data
+          name: data
+        - mountPath: /tmp
+          name: tmp
       hostNetwork: false
       securityContext:
         runAsGroup: 65532
@@ -124,7 +128,4 @@
       serviceAccountName: traefik
       terminationGracePeriodSeconds: 60
       volumes:
-        - emptyDir: {}
-          name: data
-        - emptyDir: {}
-          name: tmp
+      - emptyDir: {}
+        name: data
+      - emptyDir: {}
+        name: tmp
