--- helm-reloader-default-confighub-proof/deployment-default-reloader-reloader/1
+++ helm-reloader-default-confighub-proof/deployment-default-reloader-reloader/2
@@ -43,50 +47,44 @@
         version: v1.4.14
     spec:
       containers:
-        - args:
-            - --log-level=info
-          env:
-            - name: GOMAXPROCS
-              valueFrom:
-                resourceFieldRef:
-                  divisor: "1"
-                  resource: limits.cpu
-            - name: GOMEMLIMIT
-              valueFrom:
-                resourceFieldRef:
-                  divisor: "1"
-                  resource: limits.memory
-            - name: RELOADER_NAMESPACE
-              valueFrom:
-                fieldRef:
-                  fieldPath: metadata.namespace
-            - name: RELOADER_DEPLOYMENT_NAME
-              value: reloader-reloader
-          image: ghcr.io/stakater/reloader:v1.4.17
-          imagePullPolicy: IfNotPresent
-          livenessProbe:
-            failureThreshold: 5
-            httpGet:
-              path: /live
-              port: http
-            initialDelaySeconds: 10
-            periodSeconds: 10
-            successThreshold: 1
-            timeoutSeconds: 5
-          name: reloader-reloader
-          ports:
-            - containerPort: 9090
-              name: http
-          readinessProbe:
-            failureThreshold: 5
-            httpGet:
-              path: /metrics
-              port: http
-            initialDelaySeconds: 10
-            periodSeconds: 10
-            successThreshold: 1
-            timeoutSeconds: 5
-          securityContext: {}
+      - args:
+        - --log-level=info
+        env:
+        - name: GOMAXPROCS
+          valueFrom:
+            resourceFieldRef:
+              divisor: "1"
+              resource: limits.cpu
+        - name: GOMEMLIMIT
+          valueFrom:
+            resourceFieldRef:
+              divisor: "1"
+              resource: limits.memory
+        - name: RELOADER_NAMESPACE
+          valueFrom:
+            fieldRef:
+              fieldPath: metadata.namespace
+        - name: RELOADER_DEPLOYMENT_NAME
+          value: reloader-reloader
+        image: ghcr.io/stakater/reloader:v1.4.17
+        imagePullPolicy: IfNotPresent
+        livenessProbe:
+          failureThreshold: 5
+          httpGet:
+            path: /live
+            port: http
+          initialDelaySeconds: 10
+          periodSeconds: 10
+          successThreshold: 1
+          timeoutSeconds: 5
+        name: reloader-reloader
+        ports:
+        - containerPort: 9090
+          name: http
+        readinessProbe:
+          failureThreshold: 5
+          httpGet:
+            path: /metrics
+            port: http
+          initialDelaySeconds: 10
+          periodSeconds: 10
+          successThreshold: 1
+          timeoutSeconds: 5
+        securityContext: {}
       securityContext:
         runAsNonRoot: true
         runAsUser: 65534
