[
  {
    "Space": {
      "CreatedAt": "2026-06-12T17:14:20.011856Z",
      "CursorID": 4680,
      "DisplayName": "helm-pgadmin4-default-confighub-proof",
      "EntityType": "Space",
      "Labels": {
        "Component": "Pgadmin4",
        "Environment": "Demo",
        "Layer": "App",
        "Owner": "ConfigHubHelm",
        "Variant": "default"
      },
      "OrganizationID": "12c33fa8-00b1-4011-ad3e-19d56458b29c",
      "Permissions": {
        "Manage": {
          "UserIDs": {
            "c5818f81-ae4b-4d17-987f-743f19bdb0ca": true
          }
        },
        "ManageChildren": {
          "UserIDs": {
            "c5818f81-ae4b-4d17-987f-743f19bdb0ca": true
          }
        }
      },
      "Slug": "helm-pgadmin4-default-confighub-proof",
      "SpaceID": "ded36428-1495-4470-b9b6-42dfd254ddad",
      "UpdatedAt": "2026-06-12T17:14:20.508405Z",
      "Version": 2,
      "WhereTrigger": "SpaceID = 'ded36428-1495-4470-b9b6-42dfd254ddad'"
    },
    "Unit": {
      "ApprovedBy": null,
      "CreatedAt": "0001-01-01T00:00:00Z",
      "DataHash": "622c5f72e46ba67a063a39a5a6a1901e7e7bf1282fb77d6ef80dce2430c11448",
      "EntityType": "Unit",
      "FromLinkID": null,
      "HeadRevisionNum": 2,
      "Labels": {
        "Component": "Pgadmin4",
        "HelmChart": "runix-pgadmin4",
        "HelmChartVersion": "1.62.0",
        "Package": "runix-pgadmin4",
        "Proof": "pgadmin4-default-confighub-proof",
        "Variant": "default"
      },
      "MutationSources": null,
      "OrganizationID": "12c33fa8-00b1-4011-ad3e-19d56458b29c",
      "Slug": "deployment-default-pgadmin4",
      "SpaceID": "ded36428-1495-4470-b9b6-42dfd254ddad",
      "ToolchainType": "Kubernetes/YAML",
      "UnitID": "052a0954-d74a-4b91-b1b8-7f69968b9f83",
      "UpdatedAt": "0001-01-01T00:00:00Z",
      "Version": 13
    },
    "UnitStatus": {
      "Action": "N/A",
      "ActionResult": "None",
      "ActionStartedAt": "0001-01-01T00:00:00Z",
      "ActionTerminatedAt": "0001-01-01T00:00:00Z",
      "Drift": "N/A",
      "Status": "NotLive",
      "SyncStatus": "NotLive"
    }
  },
  {
    "Space": {
      "CreatedAt": "2026-06-12T17:14:20.011856Z",
      "CursorID": 4680,
      "DisplayName": "helm-pgadmin4-default-confighub-proof",
      "EntityType": "Space",
      "Labels": {
        "Component": "Pgadmin4",
        "Environment": "Demo",
        "Layer": "App",
        "Owner": "ConfigHubHelm",
        "Variant": "default"
      },
      "OrganizationID": "12c33fa8-00b1-4011-ad3e-19d56458b29c",
      "Permissions": {
        "Manage": {
          "UserIDs": {
            "c5818f81-ae4b-4d17-987f-743f19bdb0ca": true
          }
        },
        "ManageChildren": {
          "UserIDs": {
            "c5818f81-ae4b-4d17-987f-743f19bdb0ca": true
          }
        }
      },
      "Slug": "helm-pgadmin4-default-confighub-proof",
      "SpaceID": "ded36428-1495-4470-b9b6-42dfd254ddad",
      "UpdatedAt": "2026-06-12T17:14:20.508405Z",
      "Version": 2,
      "WhereTrigger": "SpaceID = 'ded36428-1495-4470-b9b6-42dfd254ddad'"
    },
    "Unit": {
      "ApprovedBy": null,
      "CreatedAt": "0001-01-01T00:00:00Z",
      "DataHash": "933b135fc165c49bab289ed9fb14eec1492f82344b8cc2354251311fc791289c",
      "EntityType": "Unit",
      "FromLinkID": null,
      "HeadRevisionNum": 1,
      "Labels": {
        "Component": "Pgadmin4",
        "HelmChart": "runix-pgadmin4",
        "HelmChartVersion": "1.62.0",
        "Package": "runix-pgadmin4",
        "Proof": "pgadmin4-default-confighub-proof",
        "Variant": "default"
      },
      "MutationSources": null,
      "OrganizationID": "12c33fa8-00b1-4011-ad3e-19d56458b29c",
      "Slug": "namespace-default",
      "SpaceID": "ded36428-1495-4470-b9b6-42dfd254ddad",
      "ToolchainType": "Kubernetes/YAML",
      "UnitID": "179dc0f3-43f2-47d6-a7d5-75be6e8cecd3",
      "UpdatedAt": "0001-01-01T00:00:00Z",
      "Version": 3
    },
    "UnitStatus": {
      "Action": "N/A",
      "ActionResult": "None",
      "ActionStartedAt": "0001-01-01T00:00:00Z",
      "ActionTerminatedAt": "0001-01-01T00:00:00Z",
      "Drift": "N/A",
      "Status": "NotLive",
      "SyncStatus": "NotLive"
    }
  },
  {
    "Space": {
      "CreatedAt": "2026-06-12T17:14:20.011856Z",
      "CursorID": 4680,
      "DisplayName": "helm-pgadmin4-default-confighub-proof",
      "EntityType": "Space",
      "Labels": {
        "Component": "Pgadmin4",
        "Environment": "Demo",
        "Layer": "App",
        "Owner": "ConfigHubHelm",
        "Variant": "default"
      },
      "OrganizationID": "12c33fa8-00b1-4011-ad3e-19d56458b29c",
      "Permissions": {
        "Manage": {
          "UserIDs": {
            "c5818f81-ae4b-4d17-987f-743f19bdb0ca": true
          }
        },
        "ManageChildren": {
          "UserIDs": {
            "c5818f81-ae4b-4d17-987f-743f19bdb0ca": true
          }
        }
      },
      "Slug": "helm-pgadmin4-default-confighub-proof",
      "SpaceID": "ded36428-1495-4470-b9b6-42dfd254ddad",
      "UpdatedAt": "2026-06-12T17:14:20.508405Z",
      "Version": 2,
      "WhereTrigger": "SpaceID = 'ded36428-1495-4470-b9b6-42dfd254ddad'"
    },
    "Unit": {
      "ApprovedBy": null,
      "CreatedAt": "0001-01-01T00:00:00Z",
      "DataHash": "20facc096b5ad7284a850a19259cd7e8969879cb5a4843e304db2684aa13f9f0",
      "EntityType": "Unit",
      "FromLinkID": null,
      "HeadRevisionNum": 2,
      "Labels": {
        "Component": "Pgadmin4",
        "HelmChart": "runix-pgadmin4",
        "HelmChartVersion": "1.62.0",
        "Package": "runix-pgadmin4",
        "Proof": "pgadmin4-default-confighub-proof",
        "Variant": "default"
      },
      "MutationSources": null,
      "OrganizationID": "12c33fa8-00b1-4011-ad3e-19d56458b29c",
      "Slug": "networkpolicy-default-pgadmin4",
      "SpaceID": "ded36428-1495-4470-b9b6-42dfd254ddad",
      "ToolchainType": "Kubernetes/YAML",
      "UnitID": "4353c6c5-9a31-4cfd-9a08-e1eca2aafe0d",
      "UpdatedAt": "0001-01-01T00:00:00Z",
      "Version": 12
    },
    "UnitStatus": {
      "Action": "N/A",
      "ActionResult": "None",
      "ActionStartedAt": "0001-01-01T00:00:00Z",
      "ActionTerminatedAt": "0001-01-01T00:00:00Z",
      "Drift": "N/A",
      "Status": "NotLive",
      "SyncStatus": "NotLive"
    }
  },
  {
    "Space": {
      "CreatedAt": "2026-06-12T17:14:20.011856Z",
      "CursorID": 4680,
      "DisplayName": "helm-pgadmin4-default-confighub-proof",
      "EntityType": "Space",
      "Labels": {
        "Component": "Pgadmin4",
        "Environment": "Demo",
        "Layer": "App",
        "Owner": "ConfigHubHelm",
        "Variant": "default"
      },
      "OrganizationID": "12c33fa8-00b1-4011-ad3e-19d56458b29c",
      "Permissions": {
        "Manage": {
          "UserIDs": {
            "c5818f81-ae4b-4d17-987f-743f19bdb0ca": true
          }
        },
        "ManageChildren": {
          "UserIDs": {
            "c5818f81-ae4b-4d17-987f-743f19bdb0ca": true
          }
        }
      },
      "Slug": "helm-pgadmin4-default-confighub-proof",
      "SpaceID": "ded36428-1495-4470-b9b6-42dfd254ddad",
      "UpdatedAt": "2026-06-12T17:14:20.508405Z",
      "Version": 2,
      "WhereTrigger": "SpaceID = 'ded36428-1495-4470-b9b6-42dfd254ddad'"
    },
    "Unit": {
      "ApprovedBy": null,
      "CreatedAt": "0001-01-01T00:00:00Z",
      "DataHash": "89aa570bda0343a37f39e424d1e0284dfc57dfe241325d64294c3b22c3cee078",
      "EntityType": "Unit",
      "FromLinkID": null,
      "HeadRevisionNum": 2,
      "Labels": {
        "Component": "Pgadmin4",
        "HelmChart": "runix-pgadmin4",
        "HelmChartVersion": "1.62.0",
        "Package": "runix-pgadmin4",
        "Proof": "pgadmin4-default-confighub-proof",
        "Variant": "default"
      },
      "MutationSources": null,
      "OrganizationID": "12c33fa8-00b1-4011-ad3e-19d56458b29c",
      "Slug": "persistentvolumeclaim-default-pgadmin4",
      "SpaceID": "ded36428-1495-4470-b9b6-42dfd254ddad",
      "ToolchainType": "Kubernetes/YAML",
      "UnitID": "ca0cfccd-193f-4442-a53d-c6a5a2b4b720",
      "UpdatedAt": "0001-01-01T00:00:00Z",
      "Version": 10
    },
    "UnitStatus": {
      "Action": "N/A",
      "ActionResult": "None",
      "ActionStartedAt": "0001-01-01T00:00:00Z",
      "ActionTerminatedAt": "0001-01-01T00:00:00Z",
      "Drift": "N/A",
      "Status": "NotLive",
      "SyncStatus": "NotLive"
    }
  },
  {
    "Space": {
      "CreatedAt": "2026-06-12T17:14:20.011856Z",
      "CursorID": 4680,
      "DisplayName": "helm-pgadmin4-default-confighub-proof",
      "EntityType": "Space",
      "Labels": {
        "Component": "Pgadmin4",
        "Environment": "Demo",
        "Layer": "App",
        "Owner": "ConfigHubHelm",
        "Variant": "default"
      },
      "OrganizationID": "12c33fa8-00b1-4011-ad3e-19d56458b29c",
      "Permissions": {
        "Manage": {
          "UserIDs": {
            "c5818f81-ae4b-4d17-987f-743f19bdb0ca": true
          }
        },
        "ManageChildren": {
          "UserIDs": {
            "c5818f81-ae4b-4d17-987f-743f19bdb0ca": true
          }
        }
      },
      "Slug": "helm-pgadmin4-default-confighub-proof",
      "SpaceID": "ded36428-1495-4470-b9b6-42dfd254ddad",
      "UpdatedAt": "2026-06-12T17:14:20.508405Z",
      "Version": 2,
      "WhereTrigger": "SpaceID = 'ded36428-1495-4470-b9b6-42dfd254ddad'"
    },
    "Unit": {
      "ApprovedBy": null,
      "CreatedAt": "0001-01-01T00:00:00Z",
      "DataHash": "44e93f6e59620b9f1f6e2f129a5cccfe191eb5296113c6adc2c601e9644e2b53",
      "EntityType": "Unit",
      "FromLinkID": null,
      "HeadRevisionNum": 2,
      "Labels": {
        "Component": "Pgadmin4",
        "HelmChart": "runix-pgadmin4",
        "HelmChartVersion": "1.62.0",
        "Package": "runix-pgadmin4",
        "Proof": "pgadmin4-default-confighub-proof",
        "Variant": "default"
      },
      "MutationSources": null,
      "OrganizationID": "12c33fa8-00b1-4011-ad3e-19d56458b29c",
      "Slug": "service-default-pgadmin4",
      "SpaceID": "ded36428-1495-4470-b9b6-42dfd254ddad",
      "ToolchainType": "Kubernetes/YAML",
      "UnitID": "99e9004e-56da-4f8a-8eb3-4608b88d991a",
      "UpdatedAt": "0001-01-01T00:00:00Z",
      "Version": 13
    },
    "UnitStatus": {
      "Action": "N/A",
      "ActionResult": "None",
      "ActionStartedAt": "0001-01-01T00:00:00Z",
      "ActionTerminatedAt": "0001-01-01T00:00:00Z",
      "Drift": "N/A",
      "Status": "NotLive",
      "SyncStatus": "NotLive"
    }
  }
]
