{
  "apiVersion": "installer.confighub.com/v1alpha1",
  "kind": "Package",
  "metadata": {
    "name": "hashicorp-terraform"
  },
  "installerMetadata": {},
  "spec": {
    "bases": [
      {
        "name": "default",
        "path": "bases/default",
        "default": true,
        "description": "hashicorp/terraform default variant rendered from hashicorp/terraform@1.1.2"
      },
      {
        "name": "no-crds",
        "path": "bases/no-crds",
        "description": "hashicorp/terraform no-crds variant rendered from hashicorp/terraform@1.1.2"
      }
    ]
  }
}
