[
  {
    "Space": {
      "CreatedAt": "2026-06-12T16:53:19.032375Z",
      "CursorID": 4612,
      "DisplayName": "helm-psmdb-operator-no-crds-confighub-proof",
      "EntityType": "Space",
      "Labels": {
        "Component": "PerconaPSMDBOperator",
        "Environment": "Demo",
        "Layer": "App",
        "Owner": "ConfigHubHelm",
        "Variant": "no-crds"
      },
      "OrganizationID": "12c33fa8-00b1-4011-ad3e-19d56458b29c",
      "Permissions": {
        "Manage": {
          "UserIDs": {
            "c5818f81-ae4b-4d17-987f-743f19bdb0ca": true
          }
        },
        "ManageChildren": {
          "UserIDs": {
            "c5818f81-ae4b-4d17-987f-743f19bdb0ca": true
          }
        }
      },
      "Slug": "helm-psmdb-operator-no-crds-confighub-proof",
      "SpaceID": "a9a92595-f451-4e19-a0af-db872c156291",
      "UpdatedAt": "2026-06-12T16:53:19.755028Z",
      "Version": 2,
      "WhereTrigger": "SpaceID = 'a9a92595-f451-4e19-a0af-db872c156291'"
    },
    "Unit": {
      "ApprovedBy": null,
      "CreatedAt": "0001-01-01T00:00:00Z",
      "DataHash": "23e08976f1af6e0bbe299d19c3cdc9f5caaa5e59ca05ee639bf62cf13d8d3455",
      "EntityType": "Unit",
      "FromLinkID": null,
      "HeadRevisionNum": 2,
      "MutationSources": null,
      "OrganizationID": "12c33fa8-00b1-4011-ad3e-19d56458b29c",
      "Slug": "deployment-default-psmdb-operator",
      "SpaceID": "a9a92595-f451-4e19-a0af-db872c156291",
      "ToolchainType": "Kubernetes/YAML",
      "UnitID": "cd26a779-90d0-4304-8191-7f8455543b39",
      "UpdatedAt": "0001-01-01T00:00:00Z",
      "Version": 13
    },
    "UnitStatus": {
      "Action": "N/A",
      "ActionResult": "None",
      "ActionStartedAt": "0001-01-01T00:00:00Z",
      "ActionTerminatedAt": "0001-01-01T00:00:00Z",
      "Drift": "N/A",
      "Status": "NotLive",
      "SyncStatus": "NotLive"
    }
  },
  {
    "Space": {
      "CreatedAt": "2026-06-12T16:53:19.032375Z",
      "CursorID": 4612,
      "DisplayName": "helm-psmdb-operator-no-crds-confighub-proof",
      "EntityType": "Space",
      "Labels": {
        "Component": "PerconaPSMDBOperator",
        "Environment": "Demo",
        "Layer": "App",
        "Owner": "ConfigHubHelm",
        "Variant": "no-crds"
      },
      "OrganizationID": "12c33fa8-00b1-4011-ad3e-19d56458b29c",
      "Permissions": {
        "Manage": {
          "UserIDs": {
            "c5818f81-ae4b-4d17-987f-743f19bdb0ca": true
          }
        },
        "ManageChildren": {
          "UserIDs": {
            "c5818f81-ae4b-4d17-987f-743f19bdb0ca": true
          }
        }
      },
      "Slug": "helm-psmdb-operator-no-crds-confighub-proof",
      "SpaceID": "a9a92595-f451-4e19-a0af-db872c156291",
      "UpdatedAt": "2026-06-12T16:53:19.755028Z",
      "Version": 2,
      "WhereTrigger": "SpaceID = 'a9a92595-f451-4e19-a0af-db872c156291'"
    },
    "Unit": {
      "ApprovedBy": null,
      "CreatedAt": "0001-01-01T00:00:00Z",
      "DataHash": "c79167e21b071cc59ca07cdecb2a51e485cc1118673d4ac5b33f9e302b5d9ecf",
      "EntityType": "Unit",
      "FromLinkID": null,
      "HeadRevisionNum": 2,
      "MutationSources": null,
      "OrganizationID": "12c33fa8-00b1-4011-ad3e-19d56458b29c",
      "Slug": "installer-record",
      "SpaceID": "a9a92595-f451-4e19-a0af-db872c156291",
      "ToolchainType": "Kubernetes/YAML",
      "UnitID": "73503a08-9dd4-48a7-820a-c85711aba5c9",
      "UpdatedAt": "0001-01-01T00:00:00Z",
      "Version": 6
    },
    "UnitStatus": {
      "Action": "N/A",
      "ActionResult": "None",
      "ActionStartedAt": "0001-01-01T00:00:00Z",
      "ActionTerminatedAt": "0001-01-01T00:00:00Z",
      "Drift": "N/A",
      "Status": "NotLive",
      "SyncStatus": "NotLive"
    }
  },
  {
    "Space": {
      "CreatedAt": "2026-06-12T16:53:19.032375Z",
      "CursorID": 4612,
      "DisplayName": "helm-psmdb-operator-no-crds-confighub-proof",
      "EntityType": "Space",
      "Labels": {
        "Component": "PerconaPSMDBOperator",
        "Environment": "Demo",
        "Layer": "App",
        "Owner": "ConfigHubHelm",
        "Variant": "no-crds"
      },
      "OrganizationID": "12c33fa8-00b1-4011-ad3e-19d56458b29c",
      "Permissions": {
        "Manage": {
          "UserIDs": {
            "c5818f81-ae4b-4d17-987f-743f19bdb0ca": true
          }
        },
        "ManageChildren": {
          "UserIDs": {
            "c5818f81-ae4b-4d17-987f-743f19bdb0ca": true
          }
        }
      },
      "Slug": "helm-psmdb-operator-no-crds-confighub-proof",
      "SpaceID": "a9a92595-f451-4e19-a0af-db872c156291",
      "UpdatedAt": "2026-06-12T16:53:19.755028Z",
      "Version": 2,
      "WhereTrigger": "SpaceID = 'a9a92595-f451-4e19-a0af-db872c156291'"
    },
    "Unit": {
      "ApprovedBy": null,
      "CreatedAt": "0001-01-01T00:00:00Z",
      "DataHash": "933b135fc165c49bab289ed9fb14eec1492f82344b8cc2354251311fc791289c",
      "EntityType": "Unit",
      "FromLinkID": null,
      "HeadRevisionNum": 1,
      "MutationSources": null,
      "OrganizationID": "12c33fa8-00b1-4011-ad3e-19d56458b29c",
      "Slug": "namespace-default",
      "SpaceID": "a9a92595-f451-4e19-a0af-db872c156291",
      "ToolchainType": "Kubernetes/YAML",
      "UnitID": "5de7d6d7-e21a-4456-9656-8cf718f589ab",
      "UpdatedAt": "0001-01-01T00:00:00Z",
      "Version": 3
    },
    "UnitStatus": {
      "Action": "N/A",
      "ActionResult": "None",
      "ActionStartedAt": "0001-01-01T00:00:00Z",
      "ActionTerminatedAt": "0001-01-01T00:00:00Z",
      "Drift": "N/A",
      "Status": "NotLive",
      "SyncStatus": "NotLive"
    }
  },
  {
    "Space": {
      "CreatedAt": "2026-06-12T16:53:19.032375Z",
      "CursorID": 4612,
      "DisplayName": "helm-psmdb-operator-no-crds-confighub-proof",
      "EntityType": "Space",
      "Labels": {
        "Component": "PerconaPSMDBOperator",
        "Environment": "Demo",
        "Layer": "App",
        "Owner": "ConfigHubHelm",
        "Variant": "no-crds"
      },
      "OrganizationID": "12c33fa8-00b1-4011-ad3e-19d56458b29c",
      "Permissions": {
        "Manage": {
          "UserIDs": {
            "c5818f81-ae4b-4d17-987f-743f19bdb0ca": true
          }
        },
        "ManageChildren": {
          "UserIDs": {
            "c5818f81-ae4b-4d17-987f-743f19bdb0ca": true
          }
        }
      },
      "Slug": "helm-psmdb-operator-no-crds-confighub-proof",
      "SpaceID": "a9a92595-f451-4e19-a0af-db872c156291",
      "UpdatedAt": "2026-06-12T16:53:19.755028Z",
      "Version": 2,
      "WhereTrigger": "SpaceID = 'a9a92595-f451-4e19-a0af-db872c156291'"
    },
    "Unit": {
      "ApprovedBy": null,
      "CreatedAt": "0001-01-01T00:00:00Z",
      "DataHash": "d4848f8084c2804e39e34ad406512858f18d59f3930ac947ca230fc2e55af76b",
      "EntityType": "Unit",
      "FromLinkID": null,
      "HeadRevisionNum": 2,
      "MutationSources": null,
      "OrganizationID": "12c33fa8-00b1-4011-ad3e-19d56458b29c",
      "Slug": "rolebinding-default-service-account-psmdb-operator",
      "SpaceID": "a9a92595-f451-4e19-a0af-db872c156291",
      "ToolchainType": "Kubernetes/YAML",
      "UnitID": "a35b145a-7416-4214-9344-9b9707aa02e2",
      "UpdatedAt": "0001-01-01T00:00:00Z",
      "Version": 12
    },
    "UnitStatus": {
      "Action": "N/A",
      "ActionResult": "None",
      "ActionStartedAt": "0001-01-01T00:00:00Z",
      "ActionTerminatedAt": "0001-01-01T00:00:00Z",
      "Drift": "N/A",
      "Status": "NotLive",
      "SyncStatus": "NotLive"
    }
  },
  {
    "Space": {
      "CreatedAt": "2026-06-12T16:53:19.032375Z",
      "CursorID": 4612,
      "DisplayName": "helm-psmdb-operator-no-crds-confighub-proof",
      "EntityType": "Space",
      "Labels": {
        "Component": "PerconaPSMDBOperator",
        "Environment": "Demo",
        "Layer": "App",
        "Owner": "ConfigHubHelm",
        "Variant": "no-crds"
      },
      "OrganizationID": "12c33fa8-00b1-4011-ad3e-19d56458b29c",
      "Permissions": {
        "Manage": {
          "UserIDs": {
            "c5818f81-ae4b-4d17-987f-743f19bdb0ca": true
          }
        },
        "ManageChildren": {
          "UserIDs": {
            "c5818f81-ae4b-4d17-987f-743f19bdb0ca": true
          }
        }
      },
      "Slug": "helm-psmdb-operator-no-crds-confighub-proof",
      "SpaceID": "a9a92595-f451-4e19-a0af-db872c156291",
      "UpdatedAt": "2026-06-12T16:53:19.755028Z",
      "Version": 2,
      "WhereTrigger": "SpaceID = 'a9a92595-f451-4e19-a0af-db872c156291'"
    },
    "Unit": {
      "ApprovedBy": null,
      "CreatedAt": "0001-01-01T00:00:00Z",
      "DataHash": "dac5d430cecbae73168fe4ee349eaa641b19a12481803ea1c0f9f9bdb09abeee",
      "EntityType": "Unit",
      "FromLinkID": null,
      "HeadRevisionNum": 2,
      "MutationSources": null,
      "OrganizationID": "12c33fa8-00b1-4011-ad3e-19d56458b29c",
      "Slug": "role-default-psmdb-operator",
      "SpaceID": "a9a92595-f451-4e19-a0af-db872c156291",
      "ToolchainType": "Kubernetes/YAML",
      "UnitID": "5fc4bad9-e5ef-4a89-84e1-06e8538882d7",
      "UpdatedAt": "0001-01-01T00:00:00Z",
      "Version": 10
    },
    "UnitStatus": {
      "Action": "N/A",
      "ActionResult": "None",
      "ActionStartedAt": "0001-01-01T00:00:00Z",
      "ActionTerminatedAt": "0001-01-01T00:00:00Z",
      "Drift": "N/A",
      "Status": "NotLive",
      "SyncStatus": "NotLive"
    }
  },
  {
    "Space": {
      "CreatedAt": "2026-06-12T16:53:19.032375Z",
      "CursorID": 4612,
      "DisplayName": "helm-psmdb-operator-no-crds-confighub-proof",
      "EntityType": "Space",
      "Labels": {
        "Component": "PerconaPSMDBOperator",
        "Environment": "Demo",
        "Layer": "App",
        "Owner": "ConfigHubHelm",
        "Variant": "no-crds"
      },
      "OrganizationID": "12c33fa8-00b1-4011-ad3e-19d56458b29c",
      "Permissions": {
        "Manage": {
          "UserIDs": {
            "c5818f81-ae4b-4d17-987f-743f19bdb0ca": true
          }
        },
        "ManageChildren": {
          "UserIDs": {
            "c5818f81-ae4b-4d17-987f-743f19bdb0ca": true
          }
        }
      },
      "Slug": "helm-psmdb-operator-no-crds-confighub-proof",
      "SpaceID": "a9a92595-f451-4e19-a0af-db872c156291",
      "UpdatedAt": "2026-06-12T16:53:19.755028Z",
      "Version": 2,
      "WhereTrigger": "SpaceID = 'a9a92595-f451-4e19-a0af-db872c156291'"
    },
    "Unit": {
      "ApprovedBy": null,
      "CreatedAt": "0001-01-01T00:00:00Z",
      "DataHash": "ed3fa2efc5e9b1ee9b0074c262a5eefefb341f437baf546b8c6d5f38b7d35ba1",
      "EntityType": "Unit",
      "FromLinkID": null,
      "HeadRevisionNum": 1,
      "MutationSources": null,
      "OrganizationID": "12c33fa8-00b1-4011-ad3e-19d56458b29c",
      "Slug": "serviceaccount-default-psmdb-operator",
      "SpaceID": "a9a92595-f451-4e19-a0af-db872c156291",
      "ToolchainType": "Kubernetes/YAML",
      "UnitID": "af8eedb4-7b12-4cae-91be-425a75a0f0b4",
      "UpdatedAt": "0001-01-01T00:00:00Z",
      "Version": 6
    },
    "UnitStatus": {
      "Action": "N/A",
      "ActionResult": "None",
      "ActionStartedAt": "0001-01-01T00:00:00Z",
      "ActionTerminatedAt": "0001-01-01T00:00:00Z",
      "Drift": "N/A",
      "Status": "NotLive",
      "SyncStatus": "NotLive"
    }
  }
]
