apiVersion: apps/v1
kind: Deployment
metadata:
  labels:
    app.kubernetes.io/instance: psmdb-operator
    app.kubernetes.io/managed-by: Helm
    app.kubernetes.io/name: psmdb-operator
    app.kubernetes.io/version: 1.22.0
    helm.sh/chart: psmdb-operator-1.22.0
  name: psmdb-operator
  namespace: default
spec:
  replicas: 1
  selector:
    matchLabels:
      app.kubernetes.io/instance: psmdb-operator
      app.kubernetes.io/name: psmdb-operator
  template:
    metadata:
      labels:
        app.kubernetes.io/instance: psmdb-operator
        app.kubernetes.io/name: psmdb-operator
    spec:
      containers:
      - command:
        - percona-server-mongodb-operator
        env:
        - name: LOG_STRUCTURED
          value: "false"
        - name: LOG_LEVEL
          value: INFO
        - name: WATCH_NAMESPACE
          value: default
        - name: POD_NAME
          valueFrom:
            fieldRef:
              fieldPath: metadata.name
        - name: OPERATOR_NAME
          value: percona-server-mongodb-operator
        - name: RESYNC_PERIOD
          value: 5s
        - name: DISABLE_TELEMETRY
          value: "false"
        - name: MAX_CONCURRENT_RECONCILES
          value: "1"
        image: percona/percona-server-mongodb-operator:1.22.0
        imagePullPolicy: IfNotPresent
        livenessProbe:
          httpGet:
            path: /healthz
            port: health
        name: psmdb-operator
        ports:
        - containerPort: 8080
          name: metrics
          protocol: TCP
        - containerPort: 8081
          name: health
          protocol: TCP
        readinessProbe:
          httpGet:
            path: /healthz
            port: health
        resources: {}
        securityContext: {}
      securityContext: {}
      serviceAccountName: psmdb-operator
