--- helm-psmdb-operator-no-crds-confighub-proof/deployment-default-psmdb-operator/1
+++ helm-psmdb-operator-no-crds-confighub-proof/deployment-default-psmdb-operator/2
@@ -22,46 +26,41 @@
         app.kubernetes.io/name: psmdb-operator
     spec:
       containers:
-        - command:
-            - percona-server-mongodb-operator
-          env:
-            - name: LOG_STRUCTURED
-              value: "false"
-            - name: LOG_LEVEL
-              value: INFO
-            - name: WATCH_NAMESPACE
-              value: default
-            - name: POD_NAME
-              valueFrom:
-                fieldRef:
-                  fieldPath: metadata.name
-            - name: OPERATOR_NAME
-              value: percona-server-mongodb-operator
-            - name: RESYNC_PERIOD
-              value: 5s
-            - name: DISABLE_TELEMETRY
-              value: "false"
-            - name: MAX_CONCURRENT_RECONCILES
-              value: "1"
-          image: percona/percona-server-mongodb-operator:1.22.0
-          imagePullPolicy: IfNotPresent
-          livenessProbe:
-            httpGet:
-              path: /healthz
-              port: health
-          name: psmdb-operator
-          ports:
-            - containerPort: 8080
-              name: metrics
-              protocol: TCP
-            - containerPort: 8081
-              name: health
-              protocol: TCP
-          readinessProbe:
-            httpGet:
-              path: /healthz
-              port: health
-          resources: {}
-          securityContext: {}
+      - command:
+        - percona-server-mongodb-operator
+        env:
+        - name: LOG_STRUCTURED
+          value: "false"
+        - name: LOG_LEVEL
+          value: INFO
+        - name: WATCH_NAMESPACE
+          value: default
+        - name: POD_NAME
+          valueFrom:
+            fieldRef:
+              fieldPath: metadata.name
+        - name: OPERATOR_NAME
+          value: percona-server-mongodb-operator
+        - name: RESYNC_PERIOD
+          value: 5s
+        - name: DISABLE_TELEMETRY
+          value: "false"
+        - name: MAX_CONCURRENT_RECONCILES
+          value: "1"
+        image: percona/percona-server-mongodb-operator:1.22.0
+        imagePullPolicy: IfNotPresent
+        livenessProbe:
+          httpGet:
+            path: /healthz
+            port: health
+        name: psmdb-operator
+        ports:
+        - containerPort: 8080
+          name: metrics
+          protocol: TCP
+        - containerPort: 8081
+          name: health
+          protocol: TCP
+        readinessProbe:
+          httpGet:
+            path: /healthz
+            port: health
+        resources: {}
+        securityContext: {}
       securityContext: {}
       serviceAccountName: psmdb-operator
