--- helm-metrics-server-external-tls-ca-confighub-proof/deployment-kube-system-metrics-server/1
+++ helm-metrics-server-external-tls-ca-confighub-proof/deployment-kube-system-metrics-server/2
@@ -22,63 +26,57 @@
         app.kubernetes.io/name: metrics-server
     spec:
       containers:
-        - args:
-            - --secure-port=10250
-            - --cert-dir=/tmp
-            - --kubelet-preferred-address-types=InternalIP,ExternalIP,Hostname
-            - --kubelet-use-node-status-port
-            - --metric-resolution=15s
-            - --tls-cert-file=/tmp/tls-certs/tls.crt
-            - --tls-private-key-file=/tmp/tls-certs/tls.key
-            - --kubelet-insecure-tls
-          image: registry.k8s.io/metrics-server/metrics-server:v0.8.0
-          imagePullPolicy: IfNotPresent
-          livenessProbe:
-            failureThreshold: 3
-            httpGet:
-              path: /livez
-              port: https
-              scheme: HTTPS
-            initialDelaySeconds: 0
-            periodSeconds: 10
-          name: metrics-server
-          ports:
-            - containerPort: 10250
-              name: https
-              protocol: TCP
-          readinessProbe:
-            failureThreshold: 3
-            httpGet:
-              path: /readyz
-              port: https
-              scheme: HTTPS
-            initialDelaySeconds: 20
-            periodSeconds: 10
-          resources:
-            requests:
-              cpu: 100m
-              memory: 200Mi
-          securityContext:
-            allowPrivilegeEscalation: false
-            capabilities:
-              drop:
-                - ALL
-            readOnlyRootFilesystem: true
-            runAsNonRoot: true
-            runAsUser: 1000
-            seccompProfile:
-              type: RuntimeDefault
-          volumeMounts:
-            - mountPath: /tmp
-              name: tmp
-            - mountPath: /tmp/tls-certs
-              name: certs
-              readOnly: true
+      - args:
+        - --secure-port=10250
+        - --cert-dir=/tmp
+        - --kubelet-preferred-address-types=InternalIP,ExternalIP,Hostname
+        - --kubelet-use-node-status-port
+        - --metric-resolution=15s
+        - --tls-cert-file=/tmp/tls-certs/tls.crt
+        - --tls-private-key-file=/tmp/tls-certs/tls.key
+        - --kubelet-insecure-tls
+        image: registry.k8s.io/metrics-server/metrics-server:v0.8.0
+        imagePullPolicy: IfNotPresent
+        livenessProbe:
+          failureThreshold: 3
+          httpGet:
+            path: /livez
+            port: https
+            scheme: HTTPS
+          initialDelaySeconds: 0
+          periodSeconds: 10
+        name: metrics-server
+        ports:
+        - containerPort: 10250
+          name: https
+          protocol: TCP
+        readinessProbe:
+          failureThreshold: 3
+          httpGet:
+            path: /readyz
+            port: https
+            scheme: HTTPS
+          initialDelaySeconds: 20
+          periodSeconds: 10
+        resources:
+          requests:
+            cpu: 100m
+            memory: 200Mi
+        securityContext:
+          allowPrivilegeEscalation: false
+          capabilities:
+            drop:
+            - ALL
+          readOnlyRootFilesystem: true
+          runAsNonRoot: true
+          runAsUser: 1000
+          seccompProfile:
+            type: RuntimeDefault
+        volumeMounts:
+        - mountPath: /tmp
+          name: tmp
+        - mountPath: /tmp/tls-certs
+          name: certs
+          readOnly: true
       priorityClassName: system-cluster-critical
       serviceAccountName: metrics-server
       volumes:
-        - emptyDir: {}
-          name: tmp
-        - name: certs
-          secret:
-            secretName: metrics-server-tls
+      - emptyDir: {}
+        name: tmp
+      - name: certs
+        secret:
+          secretName: metrics-server-tls
