{
  "apiVersion": "installer.confighub.com/v1alpha1",
  "kind": "Package",
  "metadata": {
    "name": "longhorn-longhorn"
  },
  "installerMetadata": {},
  "spec": {
    "bases": [
      {
        "name": "default",
        "path": "bases/default",
        "default": true,
        "description": "Longhorn default storage control plane variant rendered from longhorn/longhorn@1.11.2"
      },
      {
        "name": "ui-ingress",
        "path": "bases/ui-ingress",
        "description": "Longhorn UI ingress enabled variant rendered from longhorn/longhorn@1.11.2"
      }
    ]
  }
}
