== longhorn-longhorn@ → Space helm-longhorn-ui-ingress-confighub-proof ==
Successfully created unit clusterrole-longhorn-role (97ef058d-2284-4951-a597-57b58ddd5620)
Successfully created unit clusterrolebinding-longhorn-bind (001dc6ab-be11-46ae-8356-06210bbebb4f)
Successfully created unit clusterrolebinding-longhorn-support-bundle (d69e5e82-0030-462c-8235-caaf546987a1)
Successfully created unit configmap-longhorn-system-longhorn-default-resource (2875f9ce-adc1-4f07-ba7e-08e4f97460d0)
Successfully created unit configmap-longhorn-system-longhorn-default-setting (6fa552d5-2a78-478d-ab8b-b2556dd3e8fc)
Successfully created unit configmap-longhorn-system-longhorn-storageclass (6e357d20-b42a-4129-9be6-a9e3effc2fc6)
Successfully created unit customresourcedefinition-backingimagedatasources-longhorn-io (edd069a1-8832-4231-9eb5-0d38fb6e29f8)
Successfully created unit customresourcedefinition-backingimagemanagers-longhorn-io (b63b312e-d466-4410-9f7a-39b6211e5f73)
Successfully created unit customresourcedefinition-backingimages-longhorn-io (9407f730-ab46-428b-8ed4-8673712fa451)
Successfully created unit customresourcedefinition-backupbackingimages-longhorn-io (03bec4fb-f4fc-4894-b8cb-074664298b7a)
Successfully created unit customresourcedefinition-backups-longhorn-io (c13e4730-318e-4287-b17b-f77bde0d176c)
Successfully created unit customresourcedefinition-backuptargets-longhorn-io (62cd93cc-f342-4d6a-a4d6-d2cfe04ce32b)
Successfully created unit customresourcedefinition-backupvolumes-longhorn-io (982da4d7-8d94-43cf-96f7-4878728eca6e)
Successfully created unit customresourcedefinition-engineimages-longhorn-io (6b40139c-3ced-4ed5-935c-4b6eb31f0e05)
Successfully created unit customresourcedefinition-engines-longhorn-io (f0c6e26f-3fbb-41d6-baf3-b6c47b1eb696)
Successfully created unit customresourcedefinition-instancemanagers-longhorn-io (3708b620-90d7-4cc5-ad3e-4761d7c2085f)
Successfully created unit customresourcedefinition-nodes-longhorn-io (867d6f4e-5d4c-412f-99ff-bd546047fd02)
Successfully created unit customresourcedefinition-orphans-longhorn-io (d98fc141-7579-48ff-8af4-4db68a6aebc6)
Successfully created unit customresourcedefinition-recurringjobs-longhorn-io (0a74a209-037e-47e1-8421-b9f2ac787628)
Successfully created unit customresourcedefinition-replicas-longhorn-io (889da618-8a9f-49af-b6df-16c648dca4a9)
Successfully created unit customresourcedefinition-settings-longhorn-io (dec2c028-6edb-4594-a1a1-c9b88be2f6d5)
Successfully created unit customresourcedefinition-sharemanagers-longhorn-io (93bb021c-de91-4fa1-872e-f889390f05ed)
Successfully created unit customresourcedefinition-snapshots-longhorn-io (42aaa698-72b8-4fc2-9f5b-06a17104191d)
Successfully created unit customresourcedefinition-supportbundles-longhorn-io (67867592-bacd-4a80-915e-bd4c1b793e4a)
Successfully created unit customresourcedefinition-systembackups-longhorn-io (fe6b310a-e19f-477d-a846-9bbd3522c8e5)
Successfully created unit customresourcedefinition-systemrestores-longhorn-io (1d2098cc-2f9e-476f-b4cf-f1b344cb107e)
Successfully created unit customresourcedefinition-volumeattachments-longhorn-io (07e24cdd-bc11-4a4d-b39f-e98e796fa16a)
Successfully created unit customresourcedefinition-volumes-longhorn-io (997f3870-1397-4fd2-9d72-ce3e72950ea6)
Successfully created unit daemonset-longhorn-system-longhorn-manager (27c101a1-ae3a-457f-96d8-ee50c9256f1b)
Successfully created unit deployment-longhorn-system-longhorn-driver-deployer (1fb65f39-c12f-4296-8482-07eefa291779)
Successfully created unit deployment-longhorn-system-longhorn-ui (244a04a7-6db5-4bc3-b84e-b2fc1c9acd29)
Successfully created unit ingress-longhorn-system-longhorn-ingress (0daf7eda-0df1-48ea-a89f-e2634d1fd916)
Successfully created unit namespace-longhorn-system (b64c6708-12d0-4cdd-abd3-53dd2162a2ef)
Successfully created unit priorityclass-longhorn-critical (601b245f-9992-43a6-b694-52d6e44ae59c)
Successfully created unit role-longhorn-system-longhorn (1f414e50-eb8a-4551-8eaa-56e37e13eba5)
Successfully created unit rolebinding-longhorn-system-longhorn (b926d95c-53c6-4ce0-ae61-81c4fa2f50b0)
Successfully created unit service-longhorn-system-longhorn-admission-webhook (0e5d86da-5f56-48f6-ae8f-d2e9a7306bf8)
Successfully created unit service-longhorn-system-longhorn-backend (b3c5e29d-c73d-4a2b-9b04-a59995250f47)
Successfully created unit service-longhorn-system-longhorn-frontend (5797fa01-0503-45b5-ac6c-c382022b911e)
Successfully created unit service-longhorn-system-longhorn-recovery-backend (4585192e-ed0c-4fe5-ade4-f810803c06e3)
Successfully created unit serviceaccount-longhorn-system-longhorn-service-account (b9da4522-1f57-4f99-8c01-48beac9f311b)
Successfully created unit serviceaccount-longhorn-system-longhorn-support-bundle (9846b182-c98a-418c-88fd-ad7da10e7a00)
Successfully created unit serviceaccount-longhorn-system-longhorn-ui-service-account (06c402e8-3a48-4dcd-8fb5-1c871019c69d)
Successfully created unit installer-record (35b7a6a8-e4fa-4613-a740-b2f4a44015cc)
Linked clusterrolebinding-longhorn-bind -> clusterrole-longhorn-role (reference:rbac.authorization.k8s.io/v1/ClusterRole)
Linked clusterrolebinding-longhorn-bind -> namespace-longhorn-system (reference:v1/Namespace)
Linked clusterrolebinding-longhorn-bind -> serviceaccount-longhorn-system-longhorn-service-account (reference:v1/ServiceAccount)
Linked clusterrolebinding-longhorn-support-bundle -> namespace-longhorn-system (reference:v1/Namespace)
Linked clusterrolebinding-longhorn-support-bundle -> serviceaccount-longhorn-system-longhorn-support-bundle (reference:v1/ServiceAccount)
Linked configmap-longhorn-system-longhorn-default-resource -> namespace-longhorn-system (reference:v1/Namespace)
Linked configmap-longhorn-system-longhorn-default-setting -> namespace-longhorn-system (reference:v1/Namespace)
Linked configmap-longhorn-system-longhorn-storageclass -> namespace-longhorn-system (reference:v1/Namespace)
Linked daemonset-longhorn-system-longhorn-manager -> namespace-longhorn-system (reference:v1/Namespace)
Linked daemonset-longhorn-system-longhorn-manager -> priorityclass-longhorn-critical (reference:scheduling.k8s.io/v1/PriorityClass)
Linked daemonset-longhorn-system-longhorn-manager -> serviceaccount-longhorn-system-longhorn-service-account (reference:v1/ServiceAccount)
Linked deployment-longhorn-system-longhorn-driver-deployer -> namespace-longhorn-system (reference:v1/Namespace)
Linked deployment-longhorn-system-longhorn-driver-deployer -> priorityclass-longhorn-critical (reference:scheduling.k8s.io/v1/PriorityClass)
Linked deployment-longhorn-system-longhorn-driver-deployer -> serviceaccount-longhorn-system-longhorn-service-account (reference:v1/ServiceAccount)
Linked deployment-longhorn-system-longhorn-ui -> namespace-longhorn-system (reference:v1/Namespace)
Linked deployment-longhorn-system-longhorn-ui -> priorityclass-longhorn-critical (reference:scheduling.k8s.io/v1/PriorityClass)
Linked deployment-longhorn-system-longhorn-ui -> serviceaccount-longhorn-system-longhorn-ui-service-account (reference:v1/ServiceAccount)
Linked ingress-longhorn-system-longhorn-ingress -> namespace-longhorn-system (reference:v1/Namespace)
Linked ingress-longhorn-system-longhorn-ingress -> service-longhorn-system-longhorn-frontend (reference:v1/Service)
Linked role-longhorn-system-longhorn -> namespace-longhorn-system (reference:v1/Namespace)
Linked rolebinding-longhorn-system-longhorn -> namespace-longhorn-system (reference:v1/Namespace)
Linked rolebinding-longhorn-system-longhorn -> serviceaccount-longhorn-system-longhorn-service-account (reference:v1/ServiceAccount)
Linked service-longhorn-system-longhorn-admission-webhook -> namespace-longhorn-system (reference:v1/Namespace)
Linked service-longhorn-system-longhorn-backend -> daemonset-longhorn-system-longhorn-manager (selector)
Linked service-longhorn-system-longhorn-backend -> namespace-longhorn-system (reference:v1/Namespace)
Linked service-longhorn-system-longhorn-frontend -> deployment-longhorn-system-longhorn-ui (selector)
Linked service-longhorn-system-longhorn-frontend -> namespace-longhorn-system (reference:v1/Namespace)
Linked service-longhorn-system-longhorn-recovery-backend -> namespace-longhorn-system (reference:v1/Namespace)
Linked serviceaccount-longhorn-system-longhorn-service-account -> namespace-longhorn-system (reference:v1/Namespace)
Linked serviceaccount-longhorn-system-longhorn-support-bundle -> namespace-longhorn-system (reference:v1/Namespace)
Linked serviceaccount-longhorn-system-longhorn-ui-service-account -> namespace-longhorn-system (reference:v1/Namespace)

Note: the following references didn't resolve to any Unit in this Space.
That's expected when the referenced resource lives in the cluster but
isn't managed by ConfigHub (e.g., a Secret created out-of-band, a
Namespace owned by the platform team). Verify each against your cluster
before applying.
  - daemonset-longhorn-system-longhorn-manager -> v1/Secret "longhorn-grpc-tls"
  - ingress-longhorn-system-longhorn-ingress -> networking.k8s.io/v1/v1/IngressClass "nginx"
  - rolebinding-longhorn-system-longhorn -> rbac.authorization.k8s.io/v1/ClusterRole "longhorn"
