[
  {
    "Space": {
      "CreatedAt": "2026-06-12T16:43:56.770878Z",
      "CursorID": 4575,
      "DisplayName": "helm-longhorn-ui-ingress-confighub-proof",
      "EntityType": "Space",
      "Labels": {
        "Component": "Longhorn",
        "Environment": "Demo",
        "Layer": "App",
        "Owner": "ConfigHubHelm",
        "Variant": "ui-ingress"
      },
      "OrganizationID": "12c33fa8-00b1-4011-ad3e-19d56458b29c",
      "Permissions": {
        "Manage": {
          "UserIDs": {
            "c5818f81-ae4b-4d17-987f-743f19bdb0ca": true
          }
        },
        "ManageChildren": {
          "UserIDs": {
            "c5818f81-ae4b-4d17-987f-743f19bdb0ca": true
          }
        }
      },
      "Slug": "helm-longhorn-ui-ingress-confighub-proof",
      "SpaceID": "cdd7b000-08d5-4062-915f-ca214e79877e",
      "UpdatedAt": "2026-06-12T16:43:57.291602Z",
      "Version": 2,
      "WhereTrigger": "SpaceID = 'cdd7b000-08d5-4062-915f-ca214e79877e'"
    },
    "Unit": {
      "ApprovedBy": null,
      "CreatedAt": "0001-01-01T00:00:00Z",
      "DataHash": "a78fab2e98fb6a64d417b90195e58f8e009763698d6feef48398e4632ffa5852",
      "EntityType": "Unit",
      "FromLinkID": null,
      "HeadRevisionNum": 2,
      "Labels": {
        "Component": "Longhorn",
        "HelmChart": "longhorn-longhorn",
        "HelmChartVersion": "1.11.2",
        "Package": "longhorn-longhorn",
        "Proof": "longhorn-ui-ingress-confighub-proof",
        "Variant": "ui-ingress"
      },
      "MutationSources": null,
      "OrganizationID": "12c33fa8-00b1-4011-ad3e-19d56458b29c",
      "Slug": "clusterrolebinding-longhorn-support-bundle",
      "SpaceID": "cdd7b000-08d5-4062-915f-ca214e79877e",
      "ToolchainType": "Kubernetes/YAML",
      "UnitID": "d69e5e82-0030-462c-8235-caaf546987a1",
      "UpdatedAt": "0001-01-01T00:00:00Z",
      "Version": 12
    },
    "UnitStatus": {
      "Action": "N/A",
      "ActionResult": "None",
      "ActionStartedAt": "0001-01-01T00:00:00Z",
      "ActionTerminatedAt": "0001-01-01T00:00:00Z",
      "Drift": "N/A",
      "Status": "NotLive",
      "SyncStatus": "NotLive"
    }
  },
  {
    "Space": {
      "CreatedAt": "2026-06-12T16:43:56.770878Z",
      "CursorID": 4575,
      "DisplayName": "helm-longhorn-ui-ingress-confighub-proof",
      "EntityType": "Space",
      "Labels": {
        "Component": "Longhorn",
        "Environment": "Demo",
        "Layer": "App",
        "Owner": "ConfigHubHelm",
        "Variant": "ui-ingress"
      },
      "OrganizationID": "12c33fa8-00b1-4011-ad3e-19d56458b29c",
      "Permissions": {
        "Manage": {
          "UserIDs": {
            "c5818f81-ae4b-4d17-987f-743f19bdb0ca": true
          }
        },
        "ManageChildren": {
          "UserIDs": {
            "c5818f81-ae4b-4d17-987f-743f19bdb0ca": true
          }
        }
      },
      "Slug": "helm-longhorn-ui-ingress-confighub-proof",
      "SpaceID": "cdd7b000-08d5-4062-915f-ca214e79877e",
      "UpdatedAt": "2026-06-12T16:43:57.291602Z",
      "Version": 2,
      "WhereTrigger": "SpaceID = 'cdd7b000-08d5-4062-915f-ca214e79877e'"
    },
    "Unit": {
      "ApprovedBy": null,
      "CreatedAt": "0001-01-01T00:00:00Z",
      "DataHash": "879e199bc96411c850f490691d55e6881bbf92b8d7aa1ac3f91f51a90eb74e4e",
      "EntityType": "Unit",
      "FromLinkID": null,
      "HeadRevisionNum": 1,
      "Labels": {
        "Component": "Longhorn",
        "HelmChart": "longhorn-longhorn",
        "HelmChartVersion": "1.11.2",
        "Package": "longhorn-longhorn",
        "Proof": "longhorn-ui-ingress-confighub-proof",
        "Variant": "ui-ingress"
      },
      "MutationSources": null,
      "OrganizationID": "12c33fa8-00b1-4011-ad3e-19d56458b29c",
      "Slug": "configmap-longhorn-system-longhorn-default-resource",
      "SpaceID": "cdd7b000-08d5-4062-915f-ca214e79877e",
      "ToolchainType": "Kubernetes/YAML",
      "UnitID": "2875f9ce-adc1-4f07-ba7e-08e4f97460d0",
      "UpdatedAt": "0001-01-01T00:00:00Z",
      "Version": 6
    },
    "UnitStatus": {
      "Action": "N/A",
      "ActionResult": "None",
      "ActionStartedAt": "0001-01-01T00:00:00Z",
      "ActionTerminatedAt": "0001-01-01T00:00:00Z",
      "Drift": "N/A",
      "Status": "NotLive",
      "SyncStatus": "NotLive"
    }
  },
  {
    "Space": {
      "CreatedAt": "2026-06-12T16:43:56.770878Z",
      "CursorID": 4575,
      "DisplayName": "helm-longhorn-ui-ingress-confighub-proof",
      "EntityType": "Space",
      "Labels": {
        "Component": "Longhorn",
        "Environment": "Demo",
        "Layer": "App",
        "Owner": "ConfigHubHelm",
        "Variant": "ui-ingress"
      },
      "OrganizationID": "12c33fa8-00b1-4011-ad3e-19d56458b29c",
      "Permissions": {
        "Manage": {
          "UserIDs": {
            "c5818f81-ae4b-4d17-987f-743f19bdb0ca": true
          }
        },
        "ManageChildren": {
          "UserIDs": {
            "c5818f81-ae4b-4d17-987f-743f19bdb0ca": true
          }
        }
      },
      "Slug": "helm-longhorn-ui-ingress-confighub-proof",
      "SpaceID": "cdd7b000-08d5-4062-915f-ca214e79877e",
      "UpdatedAt": "2026-06-12T16:43:57.291602Z",
      "Version": 2,
      "WhereTrigger": "SpaceID = 'cdd7b000-08d5-4062-915f-ca214e79877e'"
    },
    "Unit": {
      "ApprovedBy": null,
      "CreatedAt": "0001-01-01T00:00:00Z",
      "DataHash": "756400f71cf4d91de2058eeb3027550c869853b20a3ea57c46b5dc9877a9fc03",
      "EntityType": "Unit",
      "FromLinkID": null,
      "HeadRevisionNum": 1,
      "Labels": {
        "Component": "Longhorn",
        "HelmChart": "longhorn-longhorn",
        "HelmChartVersion": "1.11.2",
        "Package": "longhorn-longhorn",
        "Proof": "longhorn-ui-ingress-confighub-proof",
        "Variant": "ui-ingress"
      },
      "MutationSources": null,
      "OrganizationID": "12c33fa8-00b1-4011-ad3e-19d56458b29c",
      "Slug": "configmap-longhorn-system-longhorn-default-setting",
      "SpaceID": "cdd7b000-08d5-4062-915f-ca214e79877e",
      "ToolchainType": "Kubernetes/YAML",
      "UnitID": "6fa552d5-2a78-478d-ab8b-b2556dd3e8fc",
      "UpdatedAt": "0001-01-01T00:00:00Z",
      "Version": 6
    },
    "UnitStatus": {
      "Action": "N/A",
      "ActionResult": "None",
      "ActionStartedAt": "0001-01-01T00:00:00Z",
      "ActionTerminatedAt": "0001-01-01T00:00:00Z",
      "Drift": "N/A",
      "Status": "NotLive",
      "SyncStatus": "NotLive"
    }
  },
  {
    "Space": {
      "CreatedAt": "2026-06-12T16:43:56.770878Z",
      "CursorID": 4575,
      "DisplayName": "helm-longhorn-ui-ingress-confighub-proof",
      "EntityType": "Space",
      "Labels": {
        "Component": "Longhorn",
        "Environment": "Demo",
        "Layer": "App",
        "Owner": "ConfigHubHelm",
        "Variant": "ui-ingress"
      },
      "OrganizationID": "12c33fa8-00b1-4011-ad3e-19d56458b29c",
      "Permissions": {
        "Manage": {
          "UserIDs": {
            "c5818f81-ae4b-4d17-987f-743f19bdb0ca": true
          }
        },
        "ManageChildren": {
          "UserIDs": {
            "c5818f81-ae4b-4d17-987f-743f19bdb0ca": true
          }
        }
      },
      "Slug": "helm-longhorn-ui-ingress-confighub-proof",
      "SpaceID": "cdd7b000-08d5-4062-915f-ca214e79877e",
      "UpdatedAt": "2026-06-12T16:43:57.291602Z",
      "Version": 2,
      "WhereTrigger": "SpaceID = 'cdd7b000-08d5-4062-915f-ca214e79877e'"
    },
    "Unit": {
      "ApprovedBy": null,
      "CreatedAt": "0001-01-01T00:00:00Z",
      "DataHash": "874dad6e3b9f7b5854a89187c29459e32cdfcf04a8fe3aa7b464055d74bda657",
      "EntityType": "Unit",
      "FromLinkID": null,
      "HeadRevisionNum": 1,
      "Labels": {
        "Component": "Longhorn",
        "HelmChart": "longhorn-longhorn",
        "HelmChartVersion": "1.11.2",
        "Package": "longhorn-longhorn",
        "Proof": "longhorn-ui-ingress-confighub-proof",
        "Variant": "ui-ingress"
      },
      "MutationSources": null,
      "OrganizationID": "12c33fa8-00b1-4011-ad3e-19d56458b29c",
      "Slug": "configmap-longhorn-system-longhorn-storageclass",
      "SpaceID": "cdd7b000-08d5-4062-915f-ca214e79877e",
      "ToolchainType": "Kubernetes/YAML",
      "UnitID": "6e357d20-b42a-4129-9be6-a9e3effc2fc6",
      "UpdatedAt": "0001-01-01T00:00:00Z",
      "Version": 6
    },
    "UnitStatus": {
      "Action": "N/A",
      "ActionResult": "None",
      "ActionStartedAt": "0001-01-01T00:00:00Z",
      "ActionTerminatedAt": "0001-01-01T00:00:00Z",
      "Drift": "N/A",
      "Status": "NotLive",
      "SyncStatus": "NotLive"
    }
  },
  {
    "Space": {
      "CreatedAt": "2026-06-12T16:43:56.770878Z",
      "CursorID": 4575,
      "DisplayName": "helm-longhorn-ui-ingress-confighub-proof",
      "EntityType": "Space",
      "Labels": {
        "Component": "Longhorn",
        "Environment": "Demo",
        "Layer": "App",
        "Owner": "ConfigHubHelm",
        "Variant": "ui-ingress"
      },
      "OrganizationID": "12c33fa8-00b1-4011-ad3e-19d56458b29c",
      "Permissions": {
        "Manage": {
          "UserIDs": {
            "c5818f81-ae4b-4d17-987f-743f19bdb0ca": true
          }
        },
        "ManageChildren": {
          "UserIDs": {
            "c5818f81-ae4b-4d17-987f-743f19bdb0ca": true
          }
        }
      },
      "Slug": "helm-longhorn-ui-ingress-confighub-proof",
      "SpaceID": "cdd7b000-08d5-4062-915f-ca214e79877e",
      "UpdatedAt": "2026-06-12T16:43:57.291602Z",
      "Version": 2,
      "WhereTrigger": "SpaceID = 'cdd7b000-08d5-4062-915f-ca214e79877e'"
    },
    "Unit": {
      "ApprovedBy": null,
      "CreatedAt": "0001-01-01T00:00:00Z",
      "DataHash": "4f5b7244db3648216d354212de9f4432e7dace856d4b2ed054a45dd91d60f7a9",
      "EntityType": "Unit",
      "FromLinkID": null,
      "HeadRevisionNum": 2,
      "Labels": {
        "Component": "Longhorn",
        "HelmChart": "longhorn-longhorn",
        "HelmChartVersion": "1.11.2",
        "Package": "longhorn-longhorn",
        "Proof": "longhorn-ui-ingress-confighub-proof",
        "Variant": "ui-ingress"
      },
      "MutationSources": null,
      "OrganizationID": "12c33fa8-00b1-4011-ad3e-19d56458b29c",
      "Slug": "clusterrole-longhorn-role",
      "SpaceID": "cdd7b000-08d5-4062-915f-ca214e79877e",
      "ToolchainType": "Kubernetes/YAML",
      "UnitID": "97ef058d-2284-4951-a597-57b58ddd5620",
      "UpdatedAt": "0001-01-01T00:00:00Z",
      "Version": 7
    },
    "UnitStatus": {
      "Action": "N/A",
      "ActionResult": "None",
      "ActionStartedAt": "0001-01-01T00:00:00Z",
      "ActionTerminatedAt": "0001-01-01T00:00:00Z",
      "Drift": "N/A",
      "Status": "NotLive",
      "SyncStatus": "NotLive"
    }
  },
  {
    "Space": {
      "CreatedAt": "2026-06-12T16:43:56.770878Z",
      "CursorID": 4575,
      "DisplayName": "helm-longhorn-ui-ingress-confighub-proof",
      "EntityType": "Space",
      "Labels": {
        "Component": "Longhorn",
        "Environment": "Demo",
        "Layer": "App",
        "Owner": "ConfigHubHelm",
        "Variant": "ui-ingress"
      },
      "OrganizationID": "12c33fa8-00b1-4011-ad3e-19d56458b29c",
      "Permissions": {
        "Manage": {
          "UserIDs": {
            "c5818f81-ae4b-4d17-987f-743f19bdb0ca": true
          }
        },
        "ManageChildren": {
          "UserIDs": {
            "c5818f81-ae4b-4d17-987f-743f19bdb0ca": true
          }
        }
      },
      "Slug": "helm-longhorn-ui-ingress-confighub-proof",
      "SpaceID": "cdd7b000-08d5-4062-915f-ca214e79877e",
      "UpdatedAt": "2026-06-12T16:43:57.291602Z",
      "Version": 2,
      "WhereTrigger": "SpaceID = 'cdd7b000-08d5-4062-915f-ca214e79877e'"
    },
    "Unit": {
      "ApprovedBy": null,
      "CreatedAt": "0001-01-01T00:00:00Z",
      "DataHash": "07ccf2b058673286648988168e6b918c394160a302c294dd4d5d040ea8d41059",
      "EntityType": "Unit",
      "FromLinkID": null,
      "HeadRevisionNum": 2,
      "Labels": {
        "Component": "Longhorn",
        "HelmChart": "longhorn-longhorn",
        "HelmChartVersion": "1.11.2",
        "Package": "longhorn-longhorn",
        "Proof": "longhorn-ui-ingress-confighub-proof",
        "Variant": "ui-ingress"
      },
      "MutationSources": null,
      "OrganizationID": "12c33fa8-00b1-4011-ad3e-19d56458b29c",
      "Slug": "deployment-longhorn-system-longhorn-driver-deployer",
      "SpaceID": "cdd7b000-08d5-4062-915f-ca214e79877e",
      "ToolchainType": "Kubernetes/YAML",
      "UnitID": "1fb65f39-c12f-4296-8482-07eefa291779",
      "UpdatedAt": "0001-01-01T00:00:00Z",
      "Version": 16
    },
    "UnitStatus": {
      "Action": "N/A",
      "ActionResult": "None",
      "ActionStartedAt": "0001-01-01T00:00:00Z",
      "ActionTerminatedAt": "0001-01-01T00:00:00Z",
      "Drift": "N/A",
      "Status": "NotLive",
      "SyncStatus": "NotLive"
    }
  },
  {
    "Space": {
      "CreatedAt": "2026-06-12T16:43:56.770878Z",
      "CursorID": 4575,
      "DisplayName": "helm-longhorn-ui-ingress-confighub-proof",
      "EntityType": "Space",
      "Labels": {
        "Component": "Longhorn",
        "Environment": "Demo",
        "Layer": "App",
        "Owner": "ConfigHubHelm",
        "Variant": "ui-ingress"
      },
      "OrganizationID": "12c33fa8-00b1-4011-ad3e-19d56458b29c",
      "Permissions": {
        "Manage": {
          "UserIDs": {
            "c5818f81-ae4b-4d17-987f-743f19bdb0ca": true
          }
        },
        "ManageChildren": {
          "UserIDs": {
            "c5818f81-ae4b-4d17-987f-743f19bdb0ca": true
          }
        }
      },
      "Slug": "helm-longhorn-ui-ingress-confighub-proof",
      "SpaceID": "cdd7b000-08d5-4062-915f-ca214e79877e",
      "UpdatedAt": "2026-06-12T16:43:57.291602Z",
      "Version": 2,
      "WhereTrigger": "SpaceID = 'cdd7b000-08d5-4062-915f-ca214e79877e'"
    },
    "Unit": {
      "ApprovedBy": null,
      "CreatedAt": "0001-01-01T00:00:00Z",
      "DataHash": "7c59825c07611ba86d7342dbcd3935765284577ec08160f92810571384161dc2",
      "EntityType": "Unit",
      "FromLinkID": null,
      "HeadRevisionNum": 2,
      "Labels": {
        "Component": "Longhorn",
        "HelmChart": "longhorn-longhorn",
        "HelmChartVersion": "1.11.2",
        "Package": "longhorn-longhorn",
        "Proof": "longhorn-ui-ingress-confighub-proof",
        "Variant": "ui-ingress"
      },
      "MutationSources": null,
      "OrganizationID": "12c33fa8-00b1-4011-ad3e-19d56458b29c",
      "Slug": "customresourcedefinition-backingimagedatasources-longhorn-io",
      "SpaceID": "cdd7b000-08d5-4062-915f-ca214e79877e",
      "ToolchainType": "Kubernetes/YAML",
      "UnitID": "edd069a1-8832-4231-9eb5-0d38fb6e29f8",
      "UpdatedAt": "0001-01-01T00:00:00Z",
      "Version": 6
    },
    "UnitStatus": {
      "Action": "N/A",
      "ActionResult": "None",
      "ActionStartedAt": "0001-01-01T00:00:00Z",
      "ActionTerminatedAt": "0001-01-01T00:00:00Z",
      "Drift": "N/A",
      "Status": "NotLive",
      "SyncStatus": "NotLive"
    }
  },
  {
    "Space": {
      "CreatedAt": "2026-06-12T16:43:56.770878Z",
      "CursorID": 4575,
      "DisplayName": "helm-longhorn-ui-ingress-confighub-proof",
      "EntityType": "Space",
      "Labels": {
        "Component": "Longhorn",
        "Environment": "Demo",
        "Layer": "App",
        "Owner": "ConfigHubHelm",
        "Variant": "ui-ingress"
      },
      "OrganizationID": "12c33fa8-00b1-4011-ad3e-19d56458b29c",
      "Permissions": {
        "Manage": {
          "UserIDs": {
            "c5818f81-ae4b-4d17-987f-743f19bdb0ca": true
          }
        },
        "ManageChildren": {
          "UserIDs": {
            "c5818f81-ae4b-4d17-987f-743f19bdb0ca": true
          }
        }
      },
      "Slug": "helm-longhorn-ui-ingress-confighub-proof",
      "SpaceID": "cdd7b000-08d5-4062-915f-ca214e79877e",
      "UpdatedAt": "2026-06-12T16:43:57.291602Z",
      "Version": 2,
      "WhereTrigger": "SpaceID = 'cdd7b000-08d5-4062-915f-ca214e79877e'"
    },
    "Unit": {
      "ApprovedBy": null,
      "CreatedAt": "0001-01-01T00:00:00Z",
      "DataHash": "186fc104587ef6a1c772a30bfc27053be338d54865e5f95a25c2ca472dcbfe93",
      "EntityType": "Unit",
      "FromLinkID": null,
      "HeadRevisionNum": 2,
      "Labels": {
        "Component": "Longhorn",
        "HelmChart": "longhorn-longhorn",
        "HelmChartVersion": "1.11.2",
        "Package": "longhorn-longhorn",
        "Proof": "longhorn-ui-ingress-confighub-proof",
        "Variant": "ui-ingress"
      },
      "MutationSources": null,
      "OrganizationID": "12c33fa8-00b1-4011-ad3e-19d56458b29c",
      "Slug": "customresourcedefinition-backingimagemanagers-longhorn-io",
      "SpaceID": "cdd7b000-08d5-4062-915f-ca214e79877e",
      "ToolchainType": "Kubernetes/YAML",
      "UnitID": "b63b312e-d466-4410-9f7a-39b6211e5f73",
      "UpdatedAt": "0001-01-01T00:00:00Z",
      "Version": 6
    },
    "UnitStatus": {
      "Action": "N/A",
      "ActionResult": "None",
      "ActionStartedAt": "0001-01-01T00:00:00Z",
      "ActionTerminatedAt": "0001-01-01T00:00:00Z",
      "Drift": "N/A",
      "Status": "NotLive",
      "SyncStatus": "NotLive"
    }
  },
  {
    "Space": {
      "CreatedAt": "2026-06-12T16:43:56.770878Z",
      "CursorID": 4575,
      "DisplayName": "helm-longhorn-ui-ingress-confighub-proof",
      "EntityType": "Space",
      "Labels": {
        "Component": "Longhorn",
        "Environment": "Demo",
        "Layer": "App",
        "Owner": "ConfigHubHelm",
        "Variant": "ui-ingress"
      },
      "OrganizationID": "12c33fa8-00b1-4011-ad3e-19d56458b29c",
      "Permissions": {
        "Manage": {
          "UserIDs": {
            "c5818f81-ae4b-4d17-987f-743f19bdb0ca": true
          }
        },
        "ManageChildren": {
          "UserIDs": {
            "c5818f81-ae4b-4d17-987f-743f19bdb0ca": true
          }
        }
      },
      "Slug": "helm-longhorn-ui-ingress-confighub-proof",
      "SpaceID": "cdd7b000-08d5-4062-915f-ca214e79877e",
      "UpdatedAt": "2026-06-12T16:43:57.291602Z",
      "Version": 2,
      "WhereTrigger": "SpaceID = 'cdd7b000-08d5-4062-915f-ca214e79877e'"
    },
    "Unit": {
      "ApprovedBy": null,
      "CreatedAt": "0001-01-01T00:00:00Z",
      "DataHash": "b41aedc634411c2b9540c46ee089e394dbc47ee266f02b7e283f4b5afb9c469e",
      "EntityType": "Unit",
      "FromLinkID": null,
      "HeadRevisionNum": 2,
      "Labels": {
        "Component": "Longhorn",
        "HelmChart": "longhorn-longhorn",
        "HelmChartVersion": "1.11.2",
        "Package": "longhorn-longhorn",
        "Proof": "longhorn-ui-ingress-confighub-proof",
        "Variant": "ui-ingress"
      },
      "MutationSources": null,
      "OrganizationID": "12c33fa8-00b1-4011-ad3e-19d56458b29c",
      "Slug": "customresourcedefinition-backingimages-longhorn-io",
      "SpaceID": "cdd7b000-08d5-4062-915f-ca214e79877e",
      "ToolchainType": "Kubernetes/YAML",
      "UnitID": "9407f730-ab46-428b-8ed4-8673712fa451",
      "UpdatedAt": "0001-01-01T00:00:00Z",
      "Version": 6
    },
    "UnitStatus": {
      "Action": "N/A",
      "ActionResult": "None",
      "ActionStartedAt": "0001-01-01T00:00:00Z",
      "ActionTerminatedAt": "0001-01-01T00:00:00Z",
      "Drift": "N/A",
      "Status": "NotLive",
      "SyncStatus": "NotLive"
    }
  },
  {
    "Space": {
      "CreatedAt": "2026-06-12T16:43:56.770878Z",
      "CursorID": 4575,
      "DisplayName": "helm-longhorn-ui-ingress-confighub-proof",
      "EntityType": "Space",
      "Labels": {
        "Component": "Longhorn",
        "Environment": "Demo",
        "Layer": "App",
        "Owner": "ConfigHubHelm",
        "Variant": "ui-ingress"
      },
      "OrganizationID": "12c33fa8-00b1-4011-ad3e-19d56458b29c",
      "Permissions": {
        "Manage": {
          "UserIDs": {
            "c5818f81-ae4b-4d17-987f-743f19bdb0ca": true
          }
        },
        "ManageChildren": {
          "UserIDs": {
            "c5818f81-ae4b-4d17-987f-743f19bdb0ca": true
          }
        }
      },
      "Slug": "helm-longhorn-ui-ingress-confighub-proof",
      "SpaceID": "cdd7b000-08d5-4062-915f-ca214e79877e",
      "UpdatedAt": "2026-06-12T16:43:57.291602Z",
      "Version": 2,
      "WhereTrigger": "SpaceID = 'cdd7b000-08d5-4062-915f-ca214e79877e'"
    },
    "Unit": {
      "ApprovedBy": null,
      "CreatedAt": "0001-01-01T00:00:00Z",
      "DataHash": "91b488d4eabf31698b2f22f819e23d68252b98496261d477638f5a33be6a9c2f",
      "EntityType": "Unit",
      "FromLinkID": null,
      "HeadRevisionNum": 2,
      "Labels": {
        "Component": "Longhorn",
        "HelmChart": "longhorn-longhorn",
        "HelmChartVersion": "1.11.2",
        "Package": "longhorn-longhorn",
        "Proof": "longhorn-ui-ingress-confighub-proof",
        "Variant": "ui-ingress"
      },
      "MutationSources": null,
      "OrganizationID": "12c33fa8-00b1-4011-ad3e-19d56458b29c",
      "Slug": "customresourcedefinition-backupbackingimages-longhorn-io",
      "SpaceID": "cdd7b000-08d5-4062-915f-ca214e79877e",
      "ToolchainType": "Kubernetes/YAML",
      "UnitID": "03bec4fb-f4fc-4894-b8cb-074664298b7a",
      "UpdatedAt": "0001-01-01T00:00:00Z",
      "Version": 6
    },
    "UnitStatus": {
      "Action": "N/A",
      "ActionResult": "None",
      "ActionStartedAt": "0001-01-01T00:00:00Z",
      "ActionTerminatedAt": "0001-01-01T00:00:00Z",
      "Drift": "N/A",
      "Status": "NotLive",
      "SyncStatus": "NotLive"
    }
  },
  {
    "Space": {
      "CreatedAt": "2026-06-12T16:43:56.770878Z",
      "CursorID": 4575,
      "DisplayName": "helm-longhorn-ui-ingress-confighub-proof",
      "EntityType": "Space",
      "Labels": {
        "Component": "Longhorn",
        "Environment": "Demo",
        "Layer": "App",
        "Owner": "ConfigHubHelm",
        "Variant": "ui-ingress"
      },
      "OrganizationID": "12c33fa8-00b1-4011-ad3e-19d56458b29c",
      "Permissions": {
        "Manage": {
          "UserIDs": {
            "c5818f81-ae4b-4d17-987f-743f19bdb0ca": true
          }
        },
        "ManageChildren": {
          "UserIDs": {
            "c5818f81-ae4b-4d17-987f-743f19bdb0ca": true
          }
        }
      },
      "Slug": "helm-longhorn-ui-ingress-confighub-proof",
      "SpaceID": "cdd7b000-08d5-4062-915f-ca214e79877e",
      "UpdatedAt": "2026-06-12T16:43:57.291602Z",
      "Version": 2,
      "WhereTrigger": "SpaceID = 'cdd7b000-08d5-4062-915f-ca214e79877e'"
    },
    "Unit": {
      "ApprovedBy": null,
      "CreatedAt": "0001-01-01T00:00:00Z",
      "DataHash": "3a7f14cbe230d10a33bba3cf6df50ebd7cb3b1ea9bf9d6bef23708c5266284e8",
      "EntityType": "Unit",
      "FromLinkID": null,
      "HeadRevisionNum": 2,
      "Labels": {
        "Component": "Longhorn",
        "HelmChart": "longhorn-longhorn",
        "HelmChartVersion": "1.11.2",
        "Package": "longhorn-longhorn",
        "Proof": "longhorn-ui-ingress-confighub-proof",
        "Variant": "ui-ingress"
      },
      "MutationSources": null,
      "OrganizationID": "12c33fa8-00b1-4011-ad3e-19d56458b29c",
      "Slug": "ingress-longhorn-system-longhorn-ingress",
      "SpaceID": "cdd7b000-08d5-4062-915f-ca214e79877e",
      "ToolchainType": "Kubernetes/YAML",
      "UnitID": "0daf7eda-0df1-48ea-a89f-e2634d1fd916",
      "UpdatedAt": "0001-01-01T00:00:00Z",
      "Version": 12
    },
    "UnitStatus": {
      "Action": "N/A",
      "ActionResult": "None",
      "ActionStartedAt": "0001-01-01T00:00:00Z",
      "ActionTerminatedAt": "0001-01-01T00:00:00Z",
      "Drift": "N/A",
      "Status": "NotLive",
      "SyncStatus": "NotLive"
    }
  },
  {
    "Space": {
      "CreatedAt": "2026-06-12T16:43:56.770878Z",
      "CursorID": 4575,
      "DisplayName": "helm-longhorn-ui-ingress-confighub-proof",
      "EntityType": "Space",
      "Labels": {
        "Component": "Longhorn",
        "Environment": "Demo",
        "Layer": "App",
        "Owner": "ConfigHubHelm",
        "Variant": "ui-ingress"
      },
      "OrganizationID": "12c33fa8-00b1-4011-ad3e-19d56458b29c",
      "Permissions": {
        "Manage": {
          "UserIDs": {
            "c5818f81-ae4b-4d17-987f-743f19bdb0ca": true
          }
        },
        "ManageChildren": {
          "UserIDs": {
            "c5818f81-ae4b-4d17-987f-743f19bdb0ca": true
          }
        }
      },
      "Slug": "helm-longhorn-ui-ingress-confighub-proof",
      "SpaceID": "cdd7b000-08d5-4062-915f-ca214e79877e",
      "UpdatedAt": "2026-06-12T16:43:57.291602Z",
      "Version": 2,
      "WhereTrigger": "SpaceID = 'cdd7b000-08d5-4062-915f-ca214e79877e'"
    },
    "Unit": {
      "ApprovedBy": null,
      "CreatedAt": "0001-01-01T00:00:00Z",
      "DataHash": "a4476bbc90721f00df415ddf348a39f0e65112a99c6ce06bb8a1f789465ba5e3",
      "EntityType": "Unit",
      "FromLinkID": null,
      "HeadRevisionNum": 2,
      "Labels": {
        "Component": "Longhorn",
        "HelmChart": "longhorn-longhorn",
        "HelmChartVersion": "1.11.2",
        "Package": "longhorn-longhorn",
        "Proof": "longhorn-ui-ingress-confighub-proof",
        "Variant": "ui-ingress"
      },
      "MutationSources": null,
      "OrganizationID": "12c33fa8-00b1-4011-ad3e-19d56458b29c",
      "Slug": "customresourcedefinition-backups-longhorn-io",
      "SpaceID": "cdd7b000-08d5-4062-915f-ca214e79877e",
      "ToolchainType": "Kubernetes/YAML",
      "UnitID": "c13e4730-318e-4287-b17b-f77bde0d176c",
      "UpdatedAt": "0001-01-01T00:00:00Z",
      "Version": 6
    },
    "UnitStatus": {
      "Action": "N/A",
      "ActionResult": "None",
      "ActionStartedAt": "0001-01-01T00:00:00Z",
      "ActionTerminatedAt": "0001-01-01T00:00:00Z",
      "Drift": "N/A",
      "Status": "NotLive",
      "SyncStatus": "NotLive"
    }
  },
  {
    "Space": {
      "CreatedAt": "2026-06-12T16:43:56.770878Z",
      "CursorID": 4575,
      "DisplayName": "helm-longhorn-ui-ingress-confighub-proof",
      "EntityType": "Space",
      "Labels": {
        "Component": "Longhorn",
        "Environment": "Demo",
        "Layer": "App",
        "Owner": "ConfigHubHelm",
        "Variant": "ui-ingress"
      },
      "OrganizationID": "12c33fa8-00b1-4011-ad3e-19d56458b29c",
      "Permissions": {
        "Manage": {
          "UserIDs": {
            "c5818f81-ae4b-4d17-987f-743f19bdb0ca": true
          }
        },
        "ManageChildren": {
          "UserIDs": {
            "c5818f81-ae4b-4d17-987f-743f19bdb0ca": true
          }
        }
      },
      "Slug": "helm-longhorn-ui-ingress-confighub-proof",
      "SpaceID": "cdd7b000-08d5-4062-915f-ca214e79877e",
      "UpdatedAt": "2026-06-12T16:43:57.291602Z",
      "Version": 2,
      "WhereTrigger": "SpaceID = 'cdd7b000-08d5-4062-915f-ca214e79877e'"
    },
    "Unit": {
      "ApprovedBy": null,
      "CreatedAt": "0001-01-01T00:00:00Z",
      "DataHash": "3efa8fc97696a89e7c29a21278b125b85c70533c1793b396628663ec805ac774",
      "EntityType": "Unit",
      "FromLinkID": null,
      "HeadRevisionNum": 2,
      "Labels": {
        "Component": "Longhorn",
        "HelmChart": "longhorn-longhorn",
        "HelmChartVersion": "1.11.2",
        "Package": "longhorn-longhorn",
        "Proof": "longhorn-ui-ingress-confighub-proof",
        "Variant": "ui-ingress"
      },
      "MutationSources": null,
      "OrganizationID": "12c33fa8-00b1-4011-ad3e-19d56458b29c",
      "Slug": "customresourcedefinition-backuptargets-longhorn-io",
      "SpaceID": "cdd7b000-08d5-4062-915f-ca214e79877e",
      "ToolchainType": "Kubernetes/YAML",
      "UnitID": "62cd93cc-f342-4d6a-a4d6-d2cfe04ce32b",
      "UpdatedAt": "0001-01-01T00:00:00Z",
      "Version": 6
    },
    "UnitStatus": {
      "Action": "N/A",
      "ActionResult": "None",
      "ActionStartedAt": "0001-01-01T00:00:00Z",
      "ActionTerminatedAt": "0001-01-01T00:00:00Z",
      "Drift": "N/A",
      "Status": "NotLive",
      "SyncStatus": "NotLive"
    }
  },
  {
    "Space": {
      "CreatedAt": "2026-06-12T16:43:56.770878Z",
      "CursorID": 4575,
      "DisplayName": "helm-longhorn-ui-ingress-confighub-proof",
      "EntityType": "Space",
      "Labels": {
        "Component": "Longhorn",
        "Environment": "Demo",
        "Layer": "App",
        "Owner": "ConfigHubHelm",
        "Variant": "ui-ingress"
      },
      "OrganizationID": "12c33fa8-00b1-4011-ad3e-19d56458b29c",
      "Permissions": {
        "Manage": {
          "UserIDs": {
            "c5818f81-ae4b-4d17-987f-743f19bdb0ca": true
          }
        },
        "ManageChildren": {
          "UserIDs": {
            "c5818f81-ae4b-4d17-987f-743f19bdb0ca": true
          }
        }
      },
      "Slug": "helm-longhorn-ui-ingress-confighub-proof",
      "SpaceID": "cdd7b000-08d5-4062-915f-ca214e79877e",
      "UpdatedAt": "2026-06-12T16:43:57.291602Z",
      "Version": 2,
      "WhereTrigger": "SpaceID = 'cdd7b000-08d5-4062-915f-ca214e79877e'"
    },
    "Unit": {
      "ApprovedBy": null,
      "CreatedAt": "0001-01-01T00:00:00Z",
      "DataHash": "9916bc9bea8d8be004107adb052b858af5c9c9d4cb742806b2896ecfd184bd88",
      "EntityType": "Unit",
      "FromLinkID": null,
      "HeadRevisionNum": 2,
      "Labels": {
        "Component": "Longhorn",
        "HelmChart": "longhorn-longhorn",
        "HelmChartVersion": "1.11.2",
        "Package": "longhorn-longhorn",
        "Proof": "longhorn-ui-ingress-confighub-proof",
        "Variant": "ui-ingress"
      },
      "MutationSources": null,
      "OrganizationID": "12c33fa8-00b1-4011-ad3e-19d56458b29c",
      "Slug": "customresourcedefinition-backupvolumes-longhorn-io",
      "SpaceID": "cdd7b000-08d5-4062-915f-ca214e79877e",
      "ToolchainType": "Kubernetes/YAML",
      "UnitID": "982da4d7-8d94-43cf-96f7-4878728eca6e",
      "UpdatedAt": "0001-01-01T00:00:00Z",
      "Version": 6
    },
    "UnitStatus": {
      "Action": "N/A",
      "ActionResult": "None",
      "ActionStartedAt": "0001-01-01T00:00:00Z",
      "ActionTerminatedAt": "0001-01-01T00:00:00Z",
      "Drift": "N/A",
      "Status": "NotLive",
      "SyncStatus": "NotLive"
    }
  },
  {
    "Space": {
      "CreatedAt": "2026-06-12T16:43:56.770878Z",
      "CursorID": 4575,
      "DisplayName": "helm-longhorn-ui-ingress-confighub-proof",
      "EntityType": "Space",
      "Labels": {
        "Component": "Longhorn",
        "Environment": "Demo",
        "Layer": "App",
        "Owner": "ConfigHubHelm",
        "Variant": "ui-ingress"
      },
      "OrganizationID": "12c33fa8-00b1-4011-ad3e-19d56458b29c",
      "Permissions": {
        "Manage": {
          "UserIDs": {
            "c5818f81-ae4b-4d17-987f-743f19bdb0ca": true
          }
        },
        "ManageChildren": {
          "UserIDs": {
            "c5818f81-ae4b-4d17-987f-743f19bdb0ca": true
          }
        }
      },
      "Slug": "helm-longhorn-ui-ingress-confighub-proof",
      "SpaceID": "cdd7b000-08d5-4062-915f-ca214e79877e",
      "UpdatedAt": "2026-06-12T16:43:57.291602Z",
      "Version": 2,
      "WhereTrigger": "SpaceID = 'cdd7b000-08d5-4062-915f-ca214e79877e'"
    },
    "Unit": {
      "ApprovedBy": null,
      "CreatedAt": "0001-01-01T00:00:00Z",
      "DataHash": "6dc6be58a205709af00d86137eb05057decff4b2a2cd9ecb5756b2d818720d7e",
      "EntityType": "Unit",
      "FromLinkID": null,
      "HeadRevisionNum": 2,
      "Labels": {
        "Component": "Longhorn",
        "HelmChart": "longhorn-longhorn",
        "HelmChartVersion": "1.11.2",
        "Package": "longhorn-longhorn",
        "Proof": "longhorn-ui-ingress-confighub-proof",
        "Variant": "ui-ingress"
      },
      "MutationSources": null,
      "OrganizationID": "12c33fa8-00b1-4011-ad3e-19d56458b29c",
      "Slug": "role-longhorn-system-longhorn",
      "SpaceID": "cdd7b000-08d5-4062-915f-ca214e79877e",
      "ToolchainType": "Kubernetes/YAML",
      "UnitID": "1f414e50-eb8a-4551-8eaa-56e37e13eba5",
      "UpdatedAt": "0001-01-01T00:00:00Z",
      "Version": 10
    },
    "UnitStatus": {
      "Action": "N/A",
      "ActionResult": "None",
      "ActionStartedAt": "0001-01-01T00:00:00Z",
      "ActionTerminatedAt": "0001-01-01T00:00:00Z",
      "Drift": "N/A",
      "Status": "NotLive",
      "SyncStatus": "NotLive"
    }
  },
  {
    "Space": {
      "CreatedAt": "2026-06-12T16:43:56.770878Z",
      "CursorID": 4575,
      "DisplayName": "helm-longhorn-ui-ingress-confighub-proof",
      "EntityType": "Space",
      "Labels": {
        "Component": "Longhorn",
        "Environment": "Demo",
        "Layer": "App",
        "Owner": "ConfigHubHelm",
        "Variant": "ui-ingress"
      },
      "OrganizationID": "12c33fa8-00b1-4011-ad3e-19d56458b29c",
      "Permissions": {
        "Manage": {
          "UserIDs": {
            "c5818f81-ae4b-4d17-987f-743f19bdb0ca": true
          }
        },
        "ManageChildren": {
          "UserIDs": {
            "c5818f81-ae4b-4d17-987f-743f19bdb0ca": true
          }
        }
      },
      "Slug": "helm-longhorn-ui-ingress-confighub-proof",
      "SpaceID": "cdd7b000-08d5-4062-915f-ca214e79877e",
      "UpdatedAt": "2026-06-12T16:43:57.291602Z",
      "Version": 2,
      "WhereTrigger": "SpaceID = 'cdd7b000-08d5-4062-915f-ca214e79877e'"
    },
    "Unit": {
      "ApprovedBy": null,
      "CreatedAt": "0001-01-01T00:00:00Z",
      "DataHash": "145982a5c2c08ade5cab00fc7c6e0085199d4ead7e7d934b8fe97c87a2d50337",
      "EntityType": "Unit",
      "FromLinkID": null,
      "HeadRevisionNum": 2,
      "Labels": {
        "Component": "Longhorn",
        "HelmChart": "longhorn-longhorn",
        "HelmChartVersion": "1.11.2",
        "Package": "longhorn-longhorn",
        "Proof": "longhorn-ui-ingress-confighub-proof",
        "Variant": "ui-ingress"
      },
      "MutationSources": null,
      "OrganizationID": "12c33fa8-00b1-4011-ad3e-19d56458b29c",
      "Slug": "customresourcedefinition-engineimages-longhorn-io",
      "SpaceID": "cdd7b000-08d5-4062-915f-ca214e79877e",
      "ToolchainType": "Kubernetes/YAML",
      "UnitID": "6b40139c-3ced-4ed5-935c-4b6eb31f0e05",
      "UpdatedAt": "0001-01-01T00:00:00Z",
      "Version": 6
    },
    "UnitStatus": {
      "Action": "N/A",
      "ActionResult": "None",
      "ActionStartedAt": "0001-01-01T00:00:00Z",
      "ActionTerminatedAt": "0001-01-01T00:00:00Z",
      "Drift": "N/A",
      "Status": "NotLive",
      "SyncStatus": "NotLive"
    }
  },
  {
    "Space": {
      "CreatedAt": "2026-06-12T16:43:56.770878Z",
      "CursorID": 4575,
      "DisplayName": "helm-longhorn-ui-ingress-confighub-proof",
      "EntityType": "Space",
      "Labels": {
        "Component": "Longhorn",
        "Environment": "Demo",
        "Layer": "App",
        "Owner": "ConfigHubHelm",
        "Variant": "ui-ingress"
      },
      "OrganizationID": "12c33fa8-00b1-4011-ad3e-19d56458b29c",
      "Permissions": {
        "Manage": {
          "UserIDs": {
            "c5818f81-ae4b-4d17-987f-743f19bdb0ca": true
          }
        },
        "ManageChildren": {
          "UserIDs": {
            "c5818f81-ae4b-4d17-987f-743f19bdb0ca": true
          }
        }
      },
      "Slug": "helm-longhorn-ui-ingress-confighub-proof",
      "SpaceID": "cdd7b000-08d5-4062-915f-ca214e79877e",
      "UpdatedAt": "2026-06-12T16:43:57.291602Z",
      "Version": 2,
      "WhereTrigger": "SpaceID = 'cdd7b000-08d5-4062-915f-ca214e79877e'"
    },
    "Unit": {
      "ApprovedBy": null,
      "CreatedAt": "0001-01-01T00:00:00Z",
      "DataHash": "b57d93af493c048ff4116559d7194289ac67e067ada01c59c6e9ebe32be93720",
      "EntityType": "Unit",
      "FromLinkID": null,
      "HeadRevisionNum": 2,
      "Labels": {
        "Component": "Longhorn",
        "HelmChart": "longhorn-longhorn",
        "HelmChartVersion": "1.11.2",
        "Package": "longhorn-longhorn",
        "Proof": "longhorn-ui-ingress-confighub-proof",
        "Variant": "ui-ingress"
      },
      "MutationSources": null,
      "OrganizationID": "12c33fa8-00b1-4011-ad3e-19d56458b29c",
      "Slug": "rolebinding-longhorn-system-longhorn",
      "SpaceID": "cdd7b000-08d5-4062-915f-ca214e79877e",
      "ToolchainType": "Kubernetes/YAML",
      "UnitID": "b926d95c-53c6-4ce0-ae61-81c4fa2f50b0",
      "UpdatedAt": "0001-01-01T00:00:00Z",
      "Version": 12
    },
    "UnitStatus": {
      "Action": "N/A",
      "ActionResult": "None",
      "ActionStartedAt": "0001-01-01T00:00:00Z",
      "ActionTerminatedAt": "0001-01-01T00:00:00Z",
      "Drift": "N/A",
      "Status": "NotLive",
      "SyncStatus": "NotLive"
    }
  },
  {
    "Space": {
      "CreatedAt": "2026-06-12T16:43:56.770878Z",
      "CursorID": 4575,
      "DisplayName": "helm-longhorn-ui-ingress-confighub-proof",
      "EntityType": "Space",
      "Labels": {
        "Component": "Longhorn",
        "Environment": "Demo",
        "Layer": "App",
        "Owner": "ConfigHubHelm",
        "Variant": "ui-ingress"
      },
      "OrganizationID": "12c33fa8-00b1-4011-ad3e-19d56458b29c",
      "Permissions": {
        "Manage": {
          "UserIDs": {
            "c5818f81-ae4b-4d17-987f-743f19bdb0ca": true
          }
        },
        "ManageChildren": {
          "UserIDs": {
            "c5818f81-ae4b-4d17-987f-743f19bdb0ca": true
          }
        }
      },
      "Slug": "helm-longhorn-ui-ingress-confighub-proof",
      "SpaceID": "cdd7b000-08d5-4062-915f-ca214e79877e",
      "UpdatedAt": "2026-06-12T16:43:57.291602Z",
      "Version": 2,
      "WhereTrigger": "SpaceID = 'cdd7b000-08d5-4062-915f-ca214e79877e'"
    },
    "Unit": {
      "ApprovedBy": null,
      "CreatedAt": "0001-01-01T00:00:00Z",
      "DataHash": "75e920976f5b0def946a5ddd2aa8f51093c500be15d1d8b5f5db04c3fe7ae8f1",
      "EntityType": "Unit",
      "FromLinkID": null,
      "HeadRevisionNum": 2,
      "Labels": {
        "Component": "Longhorn",
        "HelmChart": "longhorn-longhorn",
        "HelmChartVersion": "1.11.2",
        "Package": "longhorn-longhorn",
        "Proof": "longhorn-ui-ingress-confighub-proof",
        "Variant": "ui-ingress"
      },
      "MutationSources": null,
      "OrganizationID": "12c33fa8-00b1-4011-ad3e-19d56458b29c",
      "Slug": "service-longhorn-system-longhorn-admission-webhook",
      "SpaceID": "cdd7b000-08d5-4062-915f-ca214e79877e",
      "ToolchainType": "Kubernetes/YAML",
      "UnitID": "0e5d86da-5f56-48f6-ae8f-d2e9a7306bf8",
      "UpdatedAt": "0001-01-01T00:00:00Z",
      "Version": 10
    },
    "UnitStatus": {
      "Action": "N/A",
      "ActionResult": "None",
      "ActionStartedAt": "0001-01-01T00:00:00Z",
      "ActionTerminatedAt": "0001-01-01T00:00:00Z",
      "Drift": "N/A",
      "Status": "NotLive",
      "SyncStatus": "NotLive"
    }
  },
  {
    "Space": {
      "CreatedAt": "2026-06-12T16:43:56.770878Z",
      "CursorID": 4575,
      "DisplayName": "helm-longhorn-ui-ingress-confighub-proof",
      "EntityType": "Space",
      "Labels": {
        "Component": "Longhorn",
        "Environment": "Demo",
        "Layer": "App",
        "Owner": "ConfigHubHelm",
        "Variant": "ui-ingress"
      },
      "OrganizationID": "12c33fa8-00b1-4011-ad3e-19d56458b29c",
      "Permissions": {
        "Manage": {
          "UserIDs": {
            "c5818f81-ae4b-4d17-987f-743f19bdb0ca": true
          }
        },
        "ManageChildren": {
          "UserIDs": {
            "c5818f81-ae4b-4d17-987f-743f19bdb0ca": true
          }
        }
      },
      "Slug": "helm-longhorn-ui-ingress-confighub-proof",
      "SpaceID": "cdd7b000-08d5-4062-915f-ca214e79877e",
      "UpdatedAt": "2026-06-12T16:43:57.291602Z",
      "Version": 2,
      "WhereTrigger": "SpaceID = 'cdd7b000-08d5-4062-915f-ca214e79877e'"
    },
    "Unit": {
      "ApprovedBy": null,
      "CreatedAt": "0001-01-01T00:00:00Z",
      "DataHash": "16d18956296242543e80c45478da6efe46a8266b24ce70e0986bbc0315f38801",
      "EntityType": "Unit",
      "FromLinkID": null,
      "HeadRevisionNum": 2,
      "Labels": {
        "Component": "Longhorn",
        "HelmChart": "longhorn-longhorn",
        "HelmChartVersion": "1.11.2",
        "Package": "longhorn-longhorn",
        "Proof": "longhorn-ui-ingress-confighub-proof",
        "Variant": "ui-ingress"
      },
      "MutationSources": null,
      "OrganizationID": "12c33fa8-00b1-4011-ad3e-19d56458b29c",
      "Slug": "service-longhorn-system-longhorn-backend",
      "SpaceID": "cdd7b000-08d5-4062-915f-ca214e79877e",
      "ToolchainType": "Kubernetes/YAML",
      "UnitID": "b3c5e29d-c73d-4a2b-9b04-a59995250f47",
      "UpdatedAt": "0001-01-01T00:00:00Z",
      "Version": 13
    },
    "UnitStatus": {
      "Action": "N/A",
      "ActionResult": "None",
      "ActionStartedAt": "0001-01-01T00:00:00Z",
      "ActionTerminatedAt": "0001-01-01T00:00:00Z",
      "Drift": "N/A",
      "Status": "NotLive",
      "SyncStatus": "NotLive"
    }
  },
  {
    "Space": {
      "CreatedAt": "2026-06-12T16:43:56.770878Z",
      "CursorID": 4575,
      "DisplayName": "helm-longhorn-ui-ingress-confighub-proof",
      "EntityType": "Space",
      "Labels": {
        "Component": "Longhorn",
        "Environment": "Demo",
        "Layer": "App",
        "Owner": "ConfigHubHelm",
        "Variant": "ui-ingress"
      },
      "OrganizationID": "12c33fa8-00b1-4011-ad3e-19d56458b29c",
      "Permissions": {
        "Manage": {
          "UserIDs": {
            "c5818f81-ae4b-4d17-987f-743f19bdb0ca": true
          }
        },
        "ManageChildren": {
          "UserIDs": {
            "c5818f81-ae4b-4d17-987f-743f19bdb0ca": true
          }
        }
      },
      "Slug": "helm-longhorn-ui-ingress-confighub-proof",
      "SpaceID": "cdd7b000-08d5-4062-915f-ca214e79877e",
      "UpdatedAt": "2026-06-12T16:43:57.291602Z",
      "Version": 2,
      "WhereTrigger": "SpaceID = 'cdd7b000-08d5-4062-915f-ca214e79877e'"
    },
    "Unit": {
      "ApprovedBy": null,
      "CreatedAt": "0001-01-01T00:00:00Z",
      "DataHash": "4de8f69496d33cede780b841602f76401a9cad9458f230fb5785f7d172ff0324",
      "EntityType": "Unit",
      "FromLinkID": null,
      "HeadRevisionNum": 2,
      "Labels": {
        "Component": "Longhorn",
        "HelmChart": "longhorn-longhorn",
        "HelmChartVersion": "1.11.2",
        "Package": "longhorn-longhorn",
        "Proof": "longhorn-ui-ingress-confighub-proof",
        "Variant": "ui-ingress"
      },
      "MutationSources": null,
      "OrganizationID": "12c33fa8-00b1-4011-ad3e-19d56458b29c",
      "Slug": "customresourcedefinition-recurringjobs-longhorn-io",
      "SpaceID": "cdd7b000-08d5-4062-915f-ca214e79877e",
      "ToolchainType": "Kubernetes/YAML",
      "UnitID": "0a74a209-037e-47e1-8421-b9f2ac787628",
      "UpdatedAt": "0001-01-01T00:00:00Z",
      "Version": 6
    },
    "UnitStatus": {
      "Action": "N/A",
      "ActionResult": "None",
      "ActionStartedAt": "0001-01-01T00:00:00Z",
      "ActionTerminatedAt": "0001-01-01T00:00:00Z",
      "Drift": "N/A",
      "Status": "NotLive",
      "SyncStatus": "NotLive"
    }
  },
  {
    "Space": {
      "CreatedAt": "2026-06-12T16:43:56.770878Z",
      "CursorID": 4575,
      "DisplayName": "helm-longhorn-ui-ingress-confighub-proof",
      "EntityType": "Space",
      "Labels": {
        "Component": "Longhorn",
        "Environment": "Demo",
        "Layer": "App",
        "Owner": "ConfigHubHelm",
        "Variant": "ui-ingress"
      },
      "OrganizationID": "12c33fa8-00b1-4011-ad3e-19d56458b29c",
      "Permissions": {
        "Manage": {
          "UserIDs": {
            "c5818f81-ae4b-4d17-987f-743f19bdb0ca": true
          }
        },
        "ManageChildren": {
          "UserIDs": {
            "c5818f81-ae4b-4d17-987f-743f19bdb0ca": true
          }
        }
      },
      "Slug": "helm-longhorn-ui-ingress-confighub-proof",
      "SpaceID": "cdd7b000-08d5-4062-915f-ca214e79877e",
      "UpdatedAt": "2026-06-12T16:43:57.291602Z",
      "Version": 2,
      "WhereTrigger": "SpaceID = 'cdd7b000-08d5-4062-915f-ca214e79877e'"
    },
    "Unit": {
      "ApprovedBy": null,
      "CreatedAt": "0001-01-01T00:00:00Z",
      "DataHash": "82ac773ecc9379a0ff6bb6ac5439b44536963ea678fb03c6b06578234c080347",
      "EntityType": "Unit",
      "FromLinkID": null,
      "HeadRevisionNum": 2,
      "Labels": {
        "Component": "Longhorn",
        "HelmChart": "longhorn-longhorn",
        "HelmChartVersion": "1.11.2",
        "Package": "longhorn-longhorn",
        "Proof": "longhorn-ui-ingress-confighub-proof",
        "Variant": "ui-ingress"
      },
      "MutationSources": null,
      "OrganizationID": "12c33fa8-00b1-4011-ad3e-19d56458b29c",
      "Slug": "customresourcedefinition-replicas-longhorn-io",
      "SpaceID": "cdd7b000-08d5-4062-915f-ca214e79877e",
      "ToolchainType": "Kubernetes/YAML",
      "UnitID": "889da618-8a9f-49af-b6df-16c648dca4a9",
      "UpdatedAt": "0001-01-01T00:00:00Z",
      "Version": 6
    },
    "UnitStatus": {
      "Action": "N/A",
      "ActionResult": "None",
      "ActionStartedAt": "0001-01-01T00:00:00Z",
      "ActionTerminatedAt": "0001-01-01T00:00:00Z",
      "Drift": "N/A",
      "Status": "NotLive",
      "SyncStatus": "NotLive"
    }
  },
  {
    "Space": {
      "CreatedAt": "2026-06-12T16:43:56.770878Z",
      "CursorID": 4575,
      "DisplayName": "helm-longhorn-ui-ingress-confighub-proof",
      "EntityType": "Space",
      "Labels": {
        "Component": "Longhorn",
        "Environment": "Demo",
        "Layer": "App",
        "Owner": "ConfigHubHelm",
        "Variant": "ui-ingress"
      },
      "OrganizationID": "12c33fa8-00b1-4011-ad3e-19d56458b29c",
      "Permissions": {
        "Manage": {
          "UserIDs": {
            "c5818f81-ae4b-4d17-987f-743f19bdb0ca": true
          }
        },
        "ManageChildren": {
          "UserIDs": {
            "c5818f81-ae4b-4d17-987f-743f19bdb0ca": true
          }
        }
      },
      "Slug": "helm-longhorn-ui-ingress-confighub-proof",
      "SpaceID": "cdd7b000-08d5-4062-915f-ca214e79877e",
      "UpdatedAt": "2026-06-12T16:43:57.291602Z",
      "Version": 2,
      "WhereTrigger": "SpaceID = 'cdd7b000-08d5-4062-915f-ca214e79877e'"
    },
    "Unit": {
      "ApprovedBy": null,
      "CreatedAt": "0001-01-01T00:00:00Z",
      "DataHash": "656f1f64ef563a6297926f56fc8a093fbe3c4e449deaea66d146eb176937ad9d",
      "EntityType": "Unit",
      "FromLinkID": null,
      "HeadRevisionNum": 2,
      "Labels": {
        "Component": "Longhorn",
        "HelmChart": "longhorn-longhorn",
        "HelmChartVersion": "1.11.2",
        "Package": "longhorn-longhorn",
        "Proof": "longhorn-ui-ingress-confighub-proof",
        "Variant": "ui-ingress"
      },
      "MutationSources": null,
      "OrganizationID": "12c33fa8-00b1-4011-ad3e-19d56458b29c",
      "Slug": "clusterrolebinding-longhorn-bind",
      "SpaceID": "cdd7b000-08d5-4062-915f-ca214e79877e",
      "ToolchainType": "Kubernetes/YAML",
      "UnitID": "001dc6ab-be11-46ae-8356-06210bbebb4f",
      "UpdatedAt": "0001-01-01T00:00:00Z",
      "Version": 15
    },
    "UnitStatus": {
      "Action": "N/A",
      "ActionResult": "None",
      "ActionStartedAt": "0001-01-01T00:00:00Z",
      "ActionTerminatedAt": "0001-01-01T00:00:00Z",
      "Drift": "N/A",
      "Status": "NotLive",
      "SyncStatus": "NotLive"
    }
  },
  {
    "Space": {
      "CreatedAt": "2026-06-12T16:43:56.770878Z",
      "CursorID": 4575,
      "DisplayName": "helm-longhorn-ui-ingress-confighub-proof",
      "EntityType": "Space",
      "Labels": {
        "Component": "Longhorn",
        "Environment": "Demo",
        "Layer": "App",
        "Owner": "ConfigHubHelm",
        "Variant": "ui-ingress"
      },
      "OrganizationID": "12c33fa8-00b1-4011-ad3e-19d56458b29c",
      "Permissions": {
        "Manage": {
          "UserIDs": {
            "c5818f81-ae4b-4d17-987f-743f19bdb0ca": true
          }
        },
        "ManageChildren": {
          "UserIDs": {
            "c5818f81-ae4b-4d17-987f-743f19bdb0ca": true
          }
        }
      },
      "Slug": "helm-longhorn-ui-ingress-confighub-proof",
      "SpaceID": "cdd7b000-08d5-4062-915f-ca214e79877e",
      "UpdatedAt": "2026-06-12T16:43:57.291602Z",
      "Version": 2,
      "WhereTrigger": "SpaceID = 'cdd7b000-08d5-4062-915f-ca214e79877e'"
    },
    "Unit": {
      "ApprovedBy": null,
      "CreatedAt": "0001-01-01T00:00:00Z",
      "DataHash": "c540941b41015ccd70595bbd913d3e312ab6ecd92fd7bd580492c8f3df5ac592",
      "EntityType": "Unit",
      "FromLinkID": null,
      "HeadRevisionNum": 2,
      "Labels": {
        "Component": "Longhorn",
        "HelmChart": "longhorn-longhorn",
        "HelmChartVersion": "1.11.2",
        "Package": "longhorn-longhorn",
        "Proof": "longhorn-ui-ingress-confighub-proof",
        "Variant": "ui-ingress"
      },
      "MutationSources": null,
      "OrganizationID": "12c33fa8-00b1-4011-ad3e-19d56458b29c",
      "Slug": "customresourcedefinition-sharemanagers-longhorn-io",
      "SpaceID": "cdd7b000-08d5-4062-915f-ca214e79877e",
      "ToolchainType": "Kubernetes/YAML",
      "UnitID": "93bb021c-de91-4fa1-872e-f889390f05ed",
      "UpdatedAt": "0001-01-01T00:00:00Z",
      "Version": 6
    },
    "UnitStatus": {
      "Action": "N/A",
      "ActionResult": "None",
      "ActionStartedAt": "0001-01-01T00:00:00Z",
      "ActionTerminatedAt": "0001-01-01T00:00:00Z",
      "Drift": "N/A",
      "Status": "NotLive",
      "SyncStatus": "NotLive"
    }
  },
  {
    "Space": {
      "CreatedAt": "2026-06-12T16:43:56.770878Z",
      "CursorID": 4575,
      "DisplayName": "helm-longhorn-ui-ingress-confighub-proof",
      "EntityType": "Space",
      "Labels": {
        "Component": "Longhorn",
        "Environment": "Demo",
        "Layer": "App",
        "Owner": "ConfigHubHelm",
        "Variant": "ui-ingress"
      },
      "OrganizationID": "12c33fa8-00b1-4011-ad3e-19d56458b29c",
      "Permissions": {
        "Manage": {
          "UserIDs": {
            "c5818f81-ae4b-4d17-987f-743f19bdb0ca": true
          }
        },
        "ManageChildren": {
          "UserIDs": {
            "c5818f81-ae4b-4d17-987f-743f19bdb0ca": true
          }
        }
      },
      "Slug": "helm-longhorn-ui-ingress-confighub-proof",
      "SpaceID": "cdd7b000-08d5-4062-915f-ca214e79877e",
      "UpdatedAt": "2026-06-12T16:43:57.291602Z",
      "Version": 2,
      "WhereTrigger": "SpaceID = 'cdd7b000-08d5-4062-915f-ca214e79877e'"
    },
    "Unit": {
      "ApprovedBy": null,
      "CreatedAt": "0001-01-01T00:00:00Z",
      "DataHash": "849b52c3400f91ab16835c35f6daf4b5e8883ecfabab4a13238476fc836276e1",
      "EntityType": "Unit",
      "FromLinkID": null,
      "HeadRevisionNum": 2,
      "Labels": {
        "Component": "Longhorn",
        "HelmChart": "longhorn-longhorn",
        "HelmChartVersion": "1.11.2",
        "Package": "longhorn-longhorn",
        "Proof": "longhorn-ui-ingress-confighub-proof",
        "Variant": "ui-ingress"
      },
      "MutationSources": null,
      "OrganizationID": "12c33fa8-00b1-4011-ad3e-19d56458b29c",
      "Slug": "customresourcedefinition-settings-longhorn-io",
      "SpaceID": "cdd7b000-08d5-4062-915f-ca214e79877e",
      "ToolchainType": "Kubernetes/YAML",
      "UnitID": "dec2c028-6edb-4594-a1a1-c9b88be2f6d5",
      "UpdatedAt": "0001-01-01T00:00:00Z",
      "Version": 6
    },
    "UnitStatus": {
      "Action": "N/A",
      "ActionResult": "None",
      "ActionStartedAt": "0001-01-01T00:00:00Z",
      "ActionTerminatedAt": "0001-01-01T00:00:00Z",
      "Drift": "N/A",
      "Status": "NotLive",
      "SyncStatus": "NotLive"
    }
  },
  {
    "Space": {
      "CreatedAt": "2026-06-12T16:43:56.770878Z",
      "CursorID": 4575,
      "DisplayName": "helm-longhorn-ui-ingress-confighub-proof",
      "EntityType": "Space",
      "Labels": {
        "Component": "Longhorn",
        "Environment": "Demo",
        "Layer": "App",
        "Owner": "ConfigHubHelm",
        "Variant": "ui-ingress"
      },
      "OrganizationID": "12c33fa8-00b1-4011-ad3e-19d56458b29c",
      "Permissions": {
        "Manage": {
          "UserIDs": {
            "c5818f81-ae4b-4d17-987f-743f19bdb0ca": true
          }
        },
        "ManageChildren": {
          "UserIDs": {
            "c5818f81-ae4b-4d17-987f-743f19bdb0ca": true
          }
        }
      },
      "Slug": "helm-longhorn-ui-ingress-confighub-proof",
      "SpaceID": "cdd7b000-08d5-4062-915f-ca214e79877e",
      "UpdatedAt": "2026-06-12T16:43:57.291602Z",
      "Version": 2,
      "WhereTrigger": "SpaceID = 'cdd7b000-08d5-4062-915f-ca214e79877e'"
    },
    "Unit": {
      "ApprovedBy": null,
      "CreatedAt": "0001-01-01T00:00:00Z",
      "DataHash": "3e60f03e269070ff2d3328f73ae5a36be0c5c70e20e9cd13c59d5ba02a324e4c",
      "EntityType": "Unit",
      "FromLinkID": null,
      "HeadRevisionNum": 2,
      "Labels": {
        "Component": "Longhorn",
        "HelmChart": "longhorn-longhorn",
        "HelmChartVersion": "1.11.2",
        "Package": "longhorn-longhorn",
        "Proof": "longhorn-ui-ingress-confighub-proof",
        "Variant": "ui-ingress"
      },
      "MutationSources": null,
      "OrganizationID": "12c33fa8-00b1-4011-ad3e-19d56458b29c",
      "Slug": "customresourcedefinition-snapshots-longhorn-io",
      "SpaceID": "cdd7b000-08d5-4062-915f-ca214e79877e",
      "ToolchainType": "Kubernetes/YAML",
      "UnitID": "42aaa698-72b8-4fc2-9f5b-06a17104191d",
      "UpdatedAt": "0001-01-01T00:00:00Z",
      "Version": 6
    },
    "UnitStatus": {
      "Action": "N/A",
      "ActionResult": "None",
      "ActionStartedAt": "0001-01-01T00:00:00Z",
      "ActionTerminatedAt": "0001-01-01T00:00:00Z",
      "Drift": "N/A",
      "Status": "NotLive",
      "SyncStatus": "NotLive"
    }
  },
  {
    "Space": {
      "CreatedAt": "2026-06-12T16:43:56.770878Z",
      "CursorID": 4575,
      "DisplayName": "helm-longhorn-ui-ingress-confighub-proof",
      "EntityType": "Space",
      "Labels": {
        "Component": "Longhorn",
        "Environment": "Demo",
        "Layer": "App",
        "Owner": "ConfigHubHelm",
        "Variant": "ui-ingress"
      },
      "OrganizationID": "12c33fa8-00b1-4011-ad3e-19d56458b29c",
      "Permissions": {
        "Manage": {
          "UserIDs": {
            "c5818f81-ae4b-4d17-987f-743f19bdb0ca": true
          }
        },
        "ManageChildren": {
          "UserIDs": {
            "c5818f81-ae4b-4d17-987f-743f19bdb0ca": true
          }
        }
      },
      "Slug": "helm-longhorn-ui-ingress-confighub-proof",
      "SpaceID": "cdd7b000-08d5-4062-915f-ca214e79877e",
      "UpdatedAt": "2026-06-12T16:43:57.291602Z",
      "Version": 2,
      "WhereTrigger": "SpaceID = 'cdd7b000-08d5-4062-915f-ca214e79877e'"
    },
    "Unit": {
      "ApprovedBy": null,
      "CreatedAt": "0001-01-01T00:00:00Z",
      "DataHash": "0aef4233b64e031ebb973d0aac2bb2119d6ecfa35794c680a7cc80da2b42ac87",
      "EntityType": "Unit",
      "FromLinkID": null,
      "HeadRevisionNum": 2,
      "Labels": {
        "Component": "Longhorn",
        "HelmChart": "longhorn-longhorn",
        "HelmChartVersion": "1.11.2",
        "Package": "longhorn-longhorn",
        "Proof": "longhorn-ui-ingress-confighub-proof",
        "Variant": "ui-ingress"
      },
      "MutationSources": null,
      "OrganizationID": "12c33fa8-00b1-4011-ad3e-19d56458b29c",
      "Slug": "customresourcedefinition-supportbundles-longhorn-io",
      "SpaceID": "cdd7b000-08d5-4062-915f-ca214e79877e",
      "ToolchainType": "Kubernetes/YAML",
      "UnitID": "67867592-bacd-4a80-915e-bd4c1b793e4a",
      "UpdatedAt": "0001-01-01T00:00:00Z",
      "Version": 6
    },
    "UnitStatus": {
      "Action": "N/A",
      "ActionResult": "None",
      "ActionStartedAt": "0001-01-01T00:00:00Z",
      "ActionTerminatedAt": "0001-01-01T00:00:00Z",
      "Drift": "N/A",
      "Status": "NotLive",
      "SyncStatus": "NotLive"
    }
  },
  {
    "Space": {
      "CreatedAt": "2026-06-12T16:43:56.770878Z",
      "CursorID": 4575,
      "DisplayName": "helm-longhorn-ui-ingress-confighub-proof",
      "EntityType": "Space",
      "Labels": {
        "Component": "Longhorn",
        "Environment": "Demo",
        "Layer": "App",
        "Owner": "ConfigHubHelm",
        "Variant": "ui-ingress"
      },
      "OrganizationID": "12c33fa8-00b1-4011-ad3e-19d56458b29c",
      "Permissions": {
        "Manage": {
          "UserIDs": {
            "c5818f81-ae4b-4d17-987f-743f19bdb0ca": true
          }
        },
        "ManageChildren": {
          "UserIDs": {
            "c5818f81-ae4b-4d17-987f-743f19bdb0ca": true
          }
        }
      },
      "Slug": "helm-longhorn-ui-ingress-confighub-proof",
      "SpaceID": "cdd7b000-08d5-4062-915f-ca214e79877e",
      "UpdatedAt": "2026-06-12T16:43:57.291602Z",
      "Version": 2,
      "WhereTrigger": "SpaceID = 'cdd7b000-08d5-4062-915f-ca214e79877e'"
    },
    "Unit": {
      "ApprovedBy": null,
      "CreatedAt": "0001-01-01T00:00:00Z",
      "DataHash": "6ef04922223aeab2d86950e66369870e870b79fbd2f366c611017ec0b985ad1d",
      "EntityType": "Unit",
      "FromLinkID": null,
      "HeadRevisionNum": 2,
      "Labels": {
        "Component": "Longhorn",
        "HelmChart": "longhorn-longhorn",
        "HelmChartVersion": "1.11.2",
        "Package": "longhorn-longhorn",
        "Proof": "longhorn-ui-ingress-confighub-proof",
        "Variant": "ui-ingress"
      },
      "MutationSources": null,
      "OrganizationID": "12c33fa8-00b1-4011-ad3e-19d56458b29c",
      "Slug": "customresourcedefinition-systembackups-longhorn-io",
      "SpaceID": "cdd7b000-08d5-4062-915f-ca214e79877e",
      "ToolchainType": "Kubernetes/YAML",
      "UnitID": "fe6b310a-e19f-477d-a846-9bbd3522c8e5",
      "UpdatedAt": "0001-01-01T00:00:00Z",
      "Version": 6
    },
    "UnitStatus": {
      "Action": "N/A",
      "ActionResult": "None",
      "ActionStartedAt": "0001-01-01T00:00:00Z",
      "ActionTerminatedAt": "0001-01-01T00:00:00Z",
      "Drift": "N/A",
      "Status": "NotLive",
      "SyncStatus": "NotLive"
    }
  },
  {
    "Space": {
      "CreatedAt": "2026-06-12T16:43:56.770878Z",
      "CursorID": 4575,
      "DisplayName": "helm-longhorn-ui-ingress-confighub-proof",
      "EntityType": "Space",
      "Labels": {
        "Component": "Longhorn",
        "Environment": "Demo",
        "Layer": "App",
        "Owner": "ConfigHubHelm",
        "Variant": "ui-ingress"
      },
      "OrganizationID": "12c33fa8-00b1-4011-ad3e-19d56458b29c",
      "Permissions": {
        "Manage": {
          "UserIDs": {
            "c5818f81-ae4b-4d17-987f-743f19bdb0ca": true
          }
        },
        "ManageChildren": {
          "UserIDs": {
            "c5818f81-ae4b-4d17-987f-743f19bdb0ca": true
          }
        }
      },
      "Slug": "helm-longhorn-ui-ingress-confighub-proof",
      "SpaceID": "cdd7b000-08d5-4062-915f-ca214e79877e",
      "UpdatedAt": "2026-06-12T16:43:57.291602Z",
      "Version": 2,
      "WhereTrigger": "SpaceID = 'cdd7b000-08d5-4062-915f-ca214e79877e'"
    },
    "Unit": {
      "ApprovedBy": null,
      "CreatedAt": "0001-01-01T00:00:00Z",
      "DataHash": "95d442682b41f3a5a02eece9b4ce4885ebb7fd4b2d870ee26a6f2110e13d6dfc",
      "EntityType": "Unit",
      "FromLinkID": null,
      "HeadRevisionNum": 2,
      "Labels": {
        "Component": "Longhorn",
        "HelmChart": "longhorn-longhorn",
        "HelmChartVersion": "1.11.2",
        "Package": "longhorn-longhorn",
        "Proof": "longhorn-ui-ingress-confighub-proof",
        "Variant": "ui-ingress"
      },
      "MutationSources": null,
      "OrganizationID": "12c33fa8-00b1-4011-ad3e-19d56458b29c",
      "Slug": "customresourcedefinition-systemrestores-longhorn-io",
      "SpaceID": "cdd7b000-08d5-4062-915f-ca214e79877e",
      "ToolchainType": "Kubernetes/YAML",
      "UnitID": "1d2098cc-2f9e-476f-b4cf-f1b344cb107e",
      "UpdatedAt": "0001-01-01T00:00:00Z",
      "Version": 6
    },
    "UnitStatus": {
      "Action": "N/A",
      "ActionResult": "None",
      "ActionStartedAt": "0001-01-01T00:00:00Z",
      "ActionTerminatedAt": "0001-01-01T00:00:00Z",
      "Drift": "N/A",
      "Status": "NotLive",
      "SyncStatus": "NotLive"
    }
  },
  {
    "Space": {
      "CreatedAt": "2026-06-12T16:43:56.770878Z",
      "CursorID": 4575,
      "DisplayName": "helm-longhorn-ui-ingress-confighub-proof",
      "EntityType": "Space",
      "Labels": {
        "Component": "Longhorn",
        "Environment": "Demo",
        "Layer": "App",
        "Owner": "ConfigHubHelm",
        "Variant": "ui-ingress"
      },
      "OrganizationID": "12c33fa8-00b1-4011-ad3e-19d56458b29c",
      "Permissions": {
        "Manage": {
          "UserIDs": {
            "c5818f81-ae4b-4d17-987f-743f19bdb0ca": true
          }
        },
        "ManageChildren": {
          "UserIDs": {
            "c5818f81-ae4b-4d17-987f-743f19bdb0ca": true
          }
        }
      },
      "Slug": "helm-longhorn-ui-ingress-confighub-proof",
      "SpaceID": "cdd7b000-08d5-4062-915f-ca214e79877e",
      "UpdatedAt": "2026-06-12T16:43:57.291602Z",
      "Version": 2,
      "WhereTrigger": "SpaceID = 'cdd7b000-08d5-4062-915f-ca214e79877e'"
    },
    "Unit": {
      "ApprovedBy": null,
      "CreatedAt": "0001-01-01T00:00:00Z",
      "DataHash": "fffa67b54b7ad87b27ec5817ed7fe2c6679198902b745c6c31f1603a3e852ff7",
      "EntityType": "Unit",
      "FromLinkID": null,
      "HeadRevisionNum": 2,
      "Labels": {
        "Component": "Longhorn",
        "HelmChart": "longhorn-longhorn",
        "HelmChartVersion": "1.11.2",
        "Package": "longhorn-longhorn",
        "Proof": "longhorn-ui-ingress-confighub-proof",
        "Variant": "ui-ingress"
      },
      "MutationSources": null,
      "OrganizationID": "12c33fa8-00b1-4011-ad3e-19d56458b29c",
      "Slug": "customresourcedefinition-volumeattachments-longhorn-io",
      "SpaceID": "cdd7b000-08d5-4062-915f-ca214e79877e",
      "ToolchainType": "Kubernetes/YAML",
      "UnitID": "07e24cdd-bc11-4a4d-b39f-e98e796fa16a",
      "UpdatedAt": "0001-01-01T00:00:00Z",
      "Version": 6
    },
    "UnitStatus": {
      "Action": "N/A",
      "ActionResult": "None",
      "ActionStartedAt": "0001-01-01T00:00:00Z",
      "ActionTerminatedAt": "0001-01-01T00:00:00Z",
      "Drift": "N/A",
      "Status": "NotLive",
      "SyncStatus": "NotLive"
    }
  },
  {
    "Space": {
      "CreatedAt": "2026-06-12T16:43:56.770878Z",
      "CursorID": 4575,
      "DisplayName": "helm-longhorn-ui-ingress-confighub-proof",
      "EntityType": "Space",
      "Labels": {
        "Component": "Longhorn",
        "Environment": "Demo",
        "Layer": "App",
        "Owner": "ConfigHubHelm",
        "Variant": "ui-ingress"
      },
      "OrganizationID": "12c33fa8-00b1-4011-ad3e-19d56458b29c",
      "Permissions": {
        "Manage": {
          "UserIDs": {
            "c5818f81-ae4b-4d17-987f-743f19bdb0ca": true
          }
        },
        "ManageChildren": {
          "UserIDs": {
            "c5818f81-ae4b-4d17-987f-743f19bdb0ca": true
          }
        }
      },
      "Slug": "helm-longhorn-ui-ingress-confighub-proof",
      "SpaceID": "cdd7b000-08d5-4062-915f-ca214e79877e",
      "UpdatedAt": "2026-06-12T16:43:57.291602Z",
      "Version": 2,
      "WhereTrigger": "SpaceID = 'cdd7b000-08d5-4062-915f-ca214e79877e'"
    },
    "Unit": {
      "ApprovedBy": null,
      "CreatedAt": "0001-01-01T00:00:00Z",
      "DataHash": "e399934431ccb2c623a786ce9fccd8bca407ab490ee8aa7520694e69e29b0649",
      "EntityType": "Unit",
      "FromLinkID": null,
      "HeadRevisionNum": 2,
      "Labels": {
        "Component": "Longhorn",
        "HelmChart": "longhorn-longhorn",
        "HelmChartVersion": "1.11.2",
        "Package": "longhorn-longhorn",
        "Proof": "longhorn-ui-ingress-confighub-proof",
        "Variant": "ui-ingress"
      },
      "MutationSources": null,
      "OrganizationID": "12c33fa8-00b1-4011-ad3e-19d56458b29c",
      "Slug": "service-longhorn-system-longhorn-frontend",
      "SpaceID": "cdd7b000-08d5-4062-915f-ca214e79877e",
      "ToolchainType": "Kubernetes/YAML",
      "UnitID": "5797fa01-0503-45b5-ac6c-c382022b911e",
      "UpdatedAt": "0001-01-01T00:00:00Z",
      "Version": 13
    },
    "UnitStatus": {
      "Action": "N/A",
      "ActionResult": "None",
      "ActionStartedAt": "0001-01-01T00:00:00Z",
      "ActionTerminatedAt": "0001-01-01T00:00:00Z",
      "Drift": "N/A",
      "Status": "NotLive",
      "SyncStatus": "NotLive"
    }
  },
  {
    "Space": {
      "CreatedAt": "2026-06-12T16:43:56.770878Z",
      "CursorID": 4575,
      "DisplayName": "helm-longhorn-ui-ingress-confighub-proof",
      "EntityType": "Space",
      "Labels": {
        "Component": "Longhorn",
        "Environment": "Demo",
        "Layer": "App",
        "Owner": "ConfigHubHelm",
        "Variant": "ui-ingress"
      },
      "OrganizationID": "12c33fa8-00b1-4011-ad3e-19d56458b29c",
      "Permissions": {
        "Manage": {
          "UserIDs": {
            "c5818f81-ae4b-4d17-987f-743f19bdb0ca": true
          }
        },
        "ManageChildren": {
          "UserIDs": {
            "c5818f81-ae4b-4d17-987f-743f19bdb0ca": true
          }
        }
      },
      "Slug": "helm-longhorn-ui-ingress-confighub-proof",
      "SpaceID": "cdd7b000-08d5-4062-915f-ca214e79877e",
      "UpdatedAt": "2026-06-12T16:43:57.291602Z",
      "Version": 2,
      "WhereTrigger": "SpaceID = 'cdd7b000-08d5-4062-915f-ca214e79877e'"
    },
    "Unit": {
      "ApprovedBy": null,
      "CreatedAt": "0001-01-01T00:00:00Z",
      "DataHash": "3546e34bfff56f94e48092c615aa4bb560d2848b8b064503bd7a2691a7db7e05",
      "EntityType": "Unit",
      "FromLinkID": null,
      "HeadRevisionNum": 2,
      "Labels": {
        "Component": "Longhorn",
        "HelmChart": "longhorn-longhorn",
        "HelmChartVersion": "1.11.2",
        "Package": "longhorn-longhorn",
        "Proof": "longhorn-ui-ingress-confighub-proof",
        "Variant": "ui-ingress"
      },
      "MutationSources": null,
      "OrganizationID": "12c33fa8-00b1-4011-ad3e-19d56458b29c",
      "Slug": "customresourcedefinition-volumes-longhorn-io",
      "SpaceID": "cdd7b000-08d5-4062-915f-ca214e79877e",
      "ToolchainType": "Kubernetes/YAML",
      "UnitID": "997f3870-1397-4fd2-9d72-ce3e72950ea6",
      "UpdatedAt": "0001-01-01T00:00:00Z",
      "Version": 6
    },
    "UnitStatus": {
      "Action": "N/A",
      "ActionResult": "None",
      "ActionStartedAt": "0001-01-01T00:00:00Z",
      "ActionTerminatedAt": "0001-01-01T00:00:00Z",
      "Drift": "N/A",
      "Status": "NotLive",
      "SyncStatus": "NotLive"
    }
  },
  {
    "Space": {
      "CreatedAt": "2026-06-12T16:43:56.770878Z",
      "CursorID": 4575,
      "DisplayName": "helm-longhorn-ui-ingress-confighub-proof",
      "EntityType": "Space",
      "Labels": {
        "Component": "Longhorn",
        "Environment": "Demo",
        "Layer": "App",
        "Owner": "ConfigHubHelm",
        "Variant": "ui-ingress"
      },
      "OrganizationID": "12c33fa8-00b1-4011-ad3e-19d56458b29c",
      "Permissions": {
        "Manage": {
          "UserIDs": {
            "c5818f81-ae4b-4d17-987f-743f19bdb0ca": true
          }
        },
        "ManageChildren": {
          "UserIDs": {
            "c5818f81-ae4b-4d17-987f-743f19bdb0ca": true
          }
        }
      },
      "Slug": "helm-longhorn-ui-ingress-confighub-proof",
      "SpaceID": "cdd7b000-08d5-4062-915f-ca214e79877e",
      "UpdatedAt": "2026-06-12T16:43:57.291602Z",
      "Version": 2,
      "WhereTrigger": "SpaceID = 'cdd7b000-08d5-4062-915f-ca214e79877e'"
    },
    "Unit": {
      "ApprovedBy": null,
      "CreatedAt": "0001-01-01T00:00:00Z",
      "DataHash": "4d00aee443018e717f047eecebb5c683ddffb5fad56a27fd99791fc6bd2021d5",
      "EntityType": "Unit",
      "FromLinkID": null,
      "HeadRevisionNum": 2,
      "Labels": {
        "Component": "Longhorn",
        "HelmChart": "longhorn-longhorn",
        "HelmChartVersion": "1.11.2",
        "Package": "longhorn-longhorn",
        "Proof": "longhorn-ui-ingress-confighub-proof",
        "Variant": "ui-ingress"
      },
      "MutationSources": null,
      "OrganizationID": "12c33fa8-00b1-4011-ad3e-19d56458b29c",
      "Slug": "service-longhorn-system-longhorn-recovery-backend",
      "SpaceID": "cdd7b000-08d5-4062-915f-ca214e79877e",
      "ToolchainType": "Kubernetes/YAML",
      "UnitID": "4585192e-ed0c-4fe5-ade4-f810803c06e3",
      "UpdatedAt": "0001-01-01T00:00:00Z",
      "Version": 10
    },
    "UnitStatus": {
      "Action": "N/A",
      "ActionResult": "None",
      "ActionStartedAt": "0001-01-01T00:00:00Z",
      "ActionTerminatedAt": "0001-01-01T00:00:00Z",
      "Drift": "N/A",
      "Status": "NotLive",
      "SyncStatus": "NotLive"
    }
  },
  {
    "Space": {
      "CreatedAt": "2026-06-12T16:43:56.770878Z",
      "CursorID": 4575,
      "DisplayName": "helm-longhorn-ui-ingress-confighub-proof",
      "EntityType": "Space",
      "Labels": {
        "Component": "Longhorn",
        "Environment": "Demo",
        "Layer": "App",
        "Owner": "ConfigHubHelm",
        "Variant": "ui-ingress"
      },
      "OrganizationID": "12c33fa8-00b1-4011-ad3e-19d56458b29c",
      "Permissions": {
        "Manage": {
          "UserIDs": {
            "c5818f81-ae4b-4d17-987f-743f19bdb0ca": true
          }
        },
        "ManageChildren": {
          "UserIDs": {
            "c5818f81-ae4b-4d17-987f-743f19bdb0ca": true
          }
        }
      },
      "Slug": "helm-longhorn-ui-ingress-confighub-proof",
      "SpaceID": "cdd7b000-08d5-4062-915f-ca214e79877e",
      "UpdatedAt": "2026-06-12T16:43:57.291602Z",
      "Version": 2,
      "WhereTrigger": "SpaceID = 'cdd7b000-08d5-4062-915f-ca214e79877e'"
    },
    "Unit": {
      "ApprovedBy": null,
      "CreatedAt": "0001-01-01T00:00:00Z",
      "DataHash": "22a426ccd5facc42c1726c33a64be1042520d8faa17ab736bec598897ba6e2f6",
      "EntityType": "Unit",
      "FromLinkID": null,
      "HeadRevisionNum": 2,
      "Labels": {
        "Component": "Longhorn",
        "HelmChart": "longhorn-longhorn",
        "HelmChartVersion": "1.11.2",
        "Package": "longhorn-longhorn",
        "Proof": "longhorn-ui-ingress-confighub-proof",
        "Variant": "ui-ingress"
      },
      "MutationSources": null,
      "OrganizationID": "12c33fa8-00b1-4011-ad3e-19d56458b29c",
      "Slug": "daemonset-longhorn-system-longhorn-manager",
      "SpaceID": "cdd7b000-08d5-4062-915f-ca214e79877e",
      "ToolchainType": "Kubernetes/YAML",
      "UnitID": "27c101a1-ae3a-457f-96d8-ee50c9256f1b",
      "UpdatedAt": "0001-01-01T00:00:00Z",
      "Version": 15
    },
    "UnitStatus": {
      "Action": "N/A",
      "ActionResult": "None",
      "ActionStartedAt": "0001-01-01T00:00:00Z",
      "ActionTerminatedAt": "0001-01-01T00:00:00Z",
      "Drift": "N/A",
      "Status": "NotLive",
      "SyncStatus": "NotLive"
    }
  },
  {
    "Space": {
      "CreatedAt": "2026-06-12T16:43:56.770878Z",
      "CursorID": 4575,
      "DisplayName": "helm-longhorn-ui-ingress-confighub-proof",
      "EntityType": "Space",
      "Labels": {
        "Component": "Longhorn",
        "Environment": "Demo",
        "Layer": "App",
        "Owner": "ConfigHubHelm",
        "Variant": "ui-ingress"
      },
      "OrganizationID": "12c33fa8-00b1-4011-ad3e-19d56458b29c",
      "Permissions": {
        "Manage": {
          "UserIDs": {
            "c5818f81-ae4b-4d17-987f-743f19bdb0ca": true
          }
        },
        "ManageChildren": {
          "UserIDs": {
            "c5818f81-ae4b-4d17-987f-743f19bdb0ca": true
          }
        }
      },
      "Slug": "helm-longhorn-ui-ingress-confighub-proof",
      "SpaceID": "cdd7b000-08d5-4062-915f-ca214e79877e",
      "UpdatedAt": "2026-06-12T16:43:57.291602Z",
      "Version": 2,
      "WhereTrigger": "SpaceID = 'cdd7b000-08d5-4062-915f-ca214e79877e'"
    },
    "Unit": {
      "ApprovedBy": null,
      "CreatedAt": "0001-01-01T00:00:00Z",
      "DataHash": "6a214772015f6eca7d331e68c9090b144b90affd69645af93726b07545e1aaba",
      "EntityType": "Unit",
      "FromLinkID": null,
      "HeadRevisionNum": 2,
      "Labels": {
        "Component": "Longhorn",
        "HelmChart": "longhorn-longhorn",
        "HelmChartVersion": "1.11.2",
        "Package": "longhorn-longhorn",
        "Proof": "longhorn-ui-ingress-confighub-proof",
        "Variant": "ui-ingress"
      },
      "MutationSources": null,
      "OrganizationID": "12c33fa8-00b1-4011-ad3e-19d56458b29c",
      "Slug": "deployment-longhorn-system-longhorn-ui",
      "SpaceID": "cdd7b000-08d5-4062-915f-ca214e79877e",
      "ToolchainType": "Kubernetes/YAML",
      "UnitID": "244a04a7-6db5-4bc3-b84e-b2fc1c9acd29",
      "UpdatedAt": "0001-01-01T00:00:00Z",
      "Version": 16
    },
    "UnitStatus": {
      "Action": "N/A",
      "ActionResult": "None",
      "ActionStartedAt": "0001-01-01T00:00:00Z",
      "ActionTerminatedAt": "0001-01-01T00:00:00Z",
      "Drift": "N/A",
      "Status": "NotLive",
      "SyncStatus": "NotLive"
    }
  },
  {
    "Space": {
      "CreatedAt": "2026-06-12T16:43:56.770878Z",
      "CursorID": 4575,
      "DisplayName": "helm-longhorn-ui-ingress-confighub-proof",
      "EntityType": "Space",
      "Labels": {
        "Component": "Longhorn",
        "Environment": "Demo",
        "Layer": "App",
        "Owner": "ConfigHubHelm",
        "Variant": "ui-ingress"
      },
      "OrganizationID": "12c33fa8-00b1-4011-ad3e-19d56458b29c",
      "Permissions": {
        "Manage": {
          "UserIDs": {
            "c5818f81-ae4b-4d17-987f-743f19bdb0ca": true
          }
        },
        "ManageChildren": {
          "UserIDs": {
            "c5818f81-ae4b-4d17-987f-743f19bdb0ca": true
          }
        }
      },
      "Slug": "helm-longhorn-ui-ingress-confighub-proof",
      "SpaceID": "cdd7b000-08d5-4062-915f-ca214e79877e",
      "UpdatedAt": "2026-06-12T16:43:57.291602Z",
      "Version": 2,
      "WhereTrigger": "SpaceID = 'cdd7b000-08d5-4062-915f-ca214e79877e'"
    },
    "Unit": {
      "ApprovedBy": null,
      "CreatedAt": "0001-01-01T00:00:00Z",
      "DataHash": "c858518ffceac850235ec58e0fc14aaee272b997692620e51b90a4826d4147b4",
      "EntityType": "Unit",
      "FromLinkID": null,
      "HeadRevisionNum": 1,
      "Labels": {
        "Component": "Longhorn",
        "HelmChart": "longhorn-longhorn",
        "HelmChartVersion": "1.11.2",
        "Package": "longhorn-longhorn",
        "Proof": "longhorn-ui-ingress-confighub-proof",
        "Variant": "ui-ingress"
      },
      "MutationSources": null,
      "OrganizationID": "12c33fa8-00b1-4011-ad3e-19d56458b29c",
      "Slug": "serviceaccount-longhorn-system-longhorn-support-bundle",
      "SpaceID": "cdd7b000-08d5-4062-915f-ca214e79877e",
      "ToolchainType": "Kubernetes/YAML",
      "UnitID": "9846b182-c98a-418c-88fd-ad7da10e7a00",
      "UpdatedAt": "0001-01-01T00:00:00Z",
      "Version": 6
    },
    "UnitStatus": {
      "Action": "N/A",
      "ActionResult": "None",
      "ActionStartedAt": "0001-01-01T00:00:00Z",
      "ActionTerminatedAt": "0001-01-01T00:00:00Z",
      "Drift": "N/A",
      "Status": "NotLive",
      "SyncStatus": "NotLive"
    }
  },
  {
    "Space": {
      "CreatedAt": "2026-06-12T16:43:56.770878Z",
      "CursorID": 4575,
      "DisplayName": "helm-longhorn-ui-ingress-confighub-proof",
      "EntityType": "Space",
      "Labels": {
        "Component": "Longhorn",
        "Environment": "Demo",
        "Layer": "App",
        "Owner": "ConfigHubHelm",
        "Variant": "ui-ingress"
      },
      "OrganizationID": "12c33fa8-00b1-4011-ad3e-19d56458b29c",
      "Permissions": {
        "Manage": {
          "UserIDs": {
            "c5818f81-ae4b-4d17-987f-743f19bdb0ca": true
          }
        },
        "ManageChildren": {
          "UserIDs": {
            "c5818f81-ae4b-4d17-987f-743f19bdb0ca": true
          }
        }
      },
      "Slug": "helm-longhorn-ui-ingress-confighub-proof",
      "SpaceID": "cdd7b000-08d5-4062-915f-ca214e79877e",
      "UpdatedAt": "2026-06-12T16:43:57.291602Z",
      "Version": 2,
      "WhereTrigger": "SpaceID = 'cdd7b000-08d5-4062-915f-ca214e79877e'"
    },
    "Unit": {
      "ApprovedBy": null,
      "CreatedAt": "0001-01-01T00:00:00Z",
      "DataHash": "11a5a72f6fb4ad3d5c61f6bf61151a0630d1e3320b574aa69e1367fc0deac58a",
      "EntityType": "Unit",
      "FromLinkID": null,
      "HeadRevisionNum": 1,
      "Labels": {
        "Component": "Longhorn",
        "HelmChart": "longhorn-longhorn",
        "HelmChartVersion": "1.11.2",
        "Package": "longhorn-longhorn",
        "Proof": "longhorn-ui-ingress-confighub-proof",
        "Variant": "ui-ingress"
      },
      "MutationSources": null,
      "OrganizationID": "12c33fa8-00b1-4011-ad3e-19d56458b29c",
      "Slug": "serviceaccount-longhorn-system-longhorn-service-account",
      "SpaceID": "cdd7b000-08d5-4062-915f-ca214e79877e",
      "ToolchainType": "Kubernetes/YAML",
      "UnitID": "b9da4522-1f57-4f99-8c01-48beac9f311b",
      "UpdatedAt": "0001-01-01T00:00:00Z",
      "Version": 6
    },
    "UnitStatus": {
      "Action": "N/A",
      "ActionResult": "None",
      "ActionStartedAt": "0001-01-01T00:00:00Z",
      "ActionTerminatedAt": "0001-01-01T00:00:00Z",
      "Drift": "N/A",
      "Status": "NotLive",
      "SyncStatus": "NotLive"
    }
  },
  {
    "Space": {
      "CreatedAt": "2026-06-12T16:43:56.770878Z",
      "CursorID": 4575,
      "DisplayName": "helm-longhorn-ui-ingress-confighub-proof",
      "EntityType": "Space",
      "Labels": {
        "Component": "Longhorn",
        "Environment": "Demo",
        "Layer": "App",
        "Owner": "ConfigHubHelm",
        "Variant": "ui-ingress"
      },
      "OrganizationID": "12c33fa8-00b1-4011-ad3e-19d56458b29c",
      "Permissions": {
        "Manage": {
          "UserIDs": {
            "c5818f81-ae4b-4d17-987f-743f19bdb0ca": true
          }
        },
        "ManageChildren": {
          "UserIDs": {
            "c5818f81-ae4b-4d17-987f-743f19bdb0ca": true
          }
        }
      },
      "Slug": "helm-longhorn-ui-ingress-confighub-proof",
      "SpaceID": "cdd7b000-08d5-4062-915f-ca214e79877e",
      "UpdatedAt": "2026-06-12T16:43:57.291602Z",
      "Version": 2,
      "WhereTrigger": "SpaceID = 'cdd7b000-08d5-4062-915f-ca214e79877e'"
    },
    "Unit": {
      "ApprovedBy": null,
      "CreatedAt": "0001-01-01T00:00:00Z",
      "DataHash": "3f96ac20581c8d6651d7a089eb47ebe412ca41105a58ff71bd91d24a8c8630fe",
      "EntityType": "Unit",
      "FromLinkID": null,
      "HeadRevisionNum": 1,
      "Labels": {
        "Component": "Longhorn",
        "HelmChart": "longhorn-longhorn",
        "HelmChartVersion": "1.11.2",
        "Package": "longhorn-longhorn",
        "Proof": "longhorn-ui-ingress-confighub-proof",
        "Variant": "ui-ingress"
      },
      "MutationSources": null,
      "OrganizationID": "12c33fa8-00b1-4011-ad3e-19d56458b29c",
      "Slug": "namespace-longhorn-system",
      "SpaceID": "cdd7b000-08d5-4062-915f-ca214e79877e",
      "ToolchainType": "Kubernetes/YAML",
      "UnitID": "b64c6708-12d0-4cdd-abd3-53dd2162a2ef",
      "UpdatedAt": "0001-01-01T00:00:00Z",
      "Version": 3
    },
    "UnitStatus": {
      "Action": "N/A",
      "ActionResult": "None",
      "ActionStartedAt": "0001-01-01T00:00:00Z",
      "ActionTerminatedAt": "0001-01-01T00:00:00Z",
      "Drift": "N/A",
      "Status": "NotLive",
      "SyncStatus": "NotLive"
    }
  },
  {
    "Space": {
      "CreatedAt": "2026-06-12T16:43:56.770878Z",
      "CursorID": 4575,
      "DisplayName": "helm-longhorn-ui-ingress-confighub-proof",
      "EntityType": "Space",
      "Labels": {
        "Component": "Longhorn",
        "Environment": "Demo",
        "Layer": "App",
        "Owner": "ConfigHubHelm",
        "Variant": "ui-ingress"
      },
      "OrganizationID": "12c33fa8-00b1-4011-ad3e-19d56458b29c",
      "Permissions": {
        "Manage": {
          "UserIDs": {
            "c5818f81-ae4b-4d17-987f-743f19bdb0ca": true
          }
        },
        "ManageChildren": {
          "UserIDs": {
            "c5818f81-ae4b-4d17-987f-743f19bdb0ca": true
          }
        }
      },
      "Slug": "helm-longhorn-ui-ingress-confighub-proof",
      "SpaceID": "cdd7b000-08d5-4062-915f-ca214e79877e",
      "UpdatedAt": "2026-06-12T16:43:57.291602Z",
      "Version": 2,
      "WhereTrigger": "SpaceID = 'cdd7b000-08d5-4062-915f-ca214e79877e'"
    },
    "Unit": {
      "ApprovedBy": null,
      "CreatedAt": "0001-01-01T00:00:00Z",
      "DataHash": "7305f6d0c7e8ae285d138e80ddda1f4ccb8d28477a5cec271147dbf93bb51cd2",
      "EntityType": "Unit",
      "FromLinkID": null,
      "HeadRevisionNum": 1,
      "Labels": {
        "Component": "Longhorn",
        "HelmChart": "longhorn-longhorn",
        "HelmChartVersion": "1.11.2",
        "Package": "longhorn-longhorn",
        "Proof": "longhorn-ui-ingress-confighub-proof",
        "Variant": "ui-ingress"
      },
      "MutationSources": null,
      "OrganizationID": "12c33fa8-00b1-4011-ad3e-19d56458b29c",
      "Slug": "priorityclass-longhorn-critical",
      "SpaceID": "cdd7b000-08d5-4062-915f-ca214e79877e",
      "ToolchainType": "Kubernetes/YAML",
      "UnitID": "601b245f-9992-43a6-b694-52d6e44ae59c",
      "UpdatedAt": "0001-01-01T00:00:00Z",
      "Version": 3
    },
    "UnitStatus": {
      "Action": "N/A",
      "ActionResult": "None",
      "ActionStartedAt": "0001-01-01T00:00:00Z",
      "ActionTerminatedAt": "0001-01-01T00:00:00Z",
      "Drift": "N/A",
      "Status": "NotLive",
      "SyncStatus": "NotLive"
    }
  },
  {
    "Space": {
      "CreatedAt": "2026-06-12T16:43:56.770878Z",
      "CursorID": 4575,
      "DisplayName": "helm-longhorn-ui-ingress-confighub-proof",
      "EntityType": "Space",
      "Labels": {
        "Component": "Longhorn",
        "Environment": "Demo",
        "Layer": "App",
        "Owner": "ConfigHubHelm",
        "Variant": "ui-ingress"
      },
      "OrganizationID": "12c33fa8-00b1-4011-ad3e-19d56458b29c",
      "Permissions": {
        "Manage": {
          "UserIDs": {
            "c5818f81-ae4b-4d17-987f-743f19bdb0ca": true
          }
        },
        "ManageChildren": {
          "UserIDs": {
            "c5818f81-ae4b-4d17-987f-743f19bdb0ca": true
          }
        }
      },
      "Slug": "helm-longhorn-ui-ingress-confighub-proof",
      "SpaceID": "cdd7b000-08d5-4062-915f-ca214e79877e",
      "UpdatedAt": "2026-06-12T16:43:57.291602Z",
      "Version": 2,
      "WhereTrigger": "SpaceID = 'cdd7b000-08d5-4062-915f-ca214e79877e'"
    },
    "Unit": {
      "ApprovedBy": null,
      "CreatedAt": "0001-01-01T00:00:00Z",
      "DataHash": "a174108537c460262ce413a64172252fc7da06804a94b055537caf5760dd1e3e",
      "EntityType": "Unit",
      "FromLinkID": null,
      "HeadRevisionNum": 1,
      "Labels": {
        "Component": "Longhorn",
        "HelmChart": "longhorn-longhorn",
        "HelmChartVersion": "1.11.2",
        "Package": "longhorn-longhorn",
        "Proof": "longhorn-ui-ingress-confighub-proof",
        "Variant": "ui-ingress"
      },
      "MutationSources": null,
      "OrganizationID": "12c33fa8-00b1-4011-ad3e-19d56458b29c",
      "Slug": "serviceaccount-longhorn-system-longhorn-ui-service-account",
      "SpaceID": "cdd7b000-08d5-4062-915f-ca214e79877e",
      "ToolchainType": "Kubernetes/YAML",
      "UnitID": "06c402e8-3a48-4dcd-8fb5-1c871019c69d",
      "UpdatedAt": "0001-01-01T00:00:00Z",
      "Version": 6
    },
    "UnitStatus": {
      "Action": "N/A",
      "ActionResult": "None",
      "ActionStartedAt": "0001-01-01T00:00:00Z",
      "ActionTerminatedAt": "0001-01-01T00:00:00Z",
      "Drift": "N/A",
      "Status": "NotLive",
      "SyncStatus": "NotLive"
    }
  },
  {
    "Space": {
      "CreatedAt": "2026-06-12T16:43:56.770878Z",
      "CursorID": 4575,
      "DisplayName": "helm-longhorn-ui-ingress-confighub-proof",
      "EntityType": "Space",
      "Labels": {
        "Component": "Longhorn",
        "Environment": "Demo",
        "Layer": "App",
        "Owner": "ConfigHubHelm",
        "Variant": "ui-ingress"
      },
      "OrganizationID": "12c33fa8-00b1-4011-ad3e-19d56458b29c",
      "Permissions": {
        "Manage": {
          "UserIDs": {
            "c5818f81-ae4b-4d17-987f-743f19bdb0ca": true
          }
        },
        "ManageChildren": {
          "UserIDs": {
            "c5818f81-ae4b-4d17-987f-743f19bdb0ca": true
          }
        }
      },
      "Slug": "helm-longhorn-ui-ingress-confighub-proof",
      "SpaceID": "cdd7b000-08d5-4062-915f-ca214e79877e",
      "UpdatedAt": "2026-06-12T16:43:57.291602Z",
      "Version": 2,
      "WhereTrigger": "SpaceID = 'cdd7b000-08d5-4062-915f-ca214e79877e'"
    },
    "Unit": {
      "ApprovedBy": null,
      "CreatedAt": "0001-01-01T00:00:00Z",
      "DataHash": "cf7d8d7c9536c1c12f2d1335bccbf4a1bf7caf119a63ed1d8f4ebdba7844b2e1",
      "EntityType": "Unit",
      "FromLinkID": null,
      "HeadRevisionNum": 2,
      "Labels": {
        "Component": "Longhorn",
        "HelmChart": "longhorn-longhorn",
        "HelmChartVersion": "1.11.2",
        "Package": "longhorn-longhorn",
        "Proof": "longhorn-ui-ingress-confighub-proof",
        "Variant": "ui-ingress"
      },
      "MutationSources": null,
      "OrganizationID": "12c33fa8-00b1-4011-ad3e-19d56458b29c",
      "Slug": "customresourcedefinition-engines-longhorn-io",
      "SpaceID": "cdd7b000-08d5-4062-915f-ca214e79877e",
      "ToolchainType": "Kubernetes/YAML",
      "UnitID": "f0c6e26f-3fbb-41d6-baf3-b6c47b1eb696",
      "UpdatedAt": "0001-01-01T00:00:00Z",
      "Version": 6
    },
    "UnitStatus": {
      "Action": "N/A",
      "ActionResult": "None",
      "ActionStartedAt": "0001-01-01T00:00:00Z",
      "ActionTerminatedAt": "0001-01-01T00:00:00Z",
      "Drift": "N/A",
      "Status": "NotLive",
      "SyncStatus": "NotLive"
    }
  },
  {
    "Space": {
      "CreatedAt": "2026-06-12T16:43:56.770878Z",
      "CursorID": 4575,
      "DisplayName": "helm-longhorn-ui-ingress-confighub-proof",
      "EntityType": "Space",
      "Labels": {
        "Component": "Longhorn",
        "Environment": "Demo",
        "Layer": "App",
        "Owner": "ConfigHubHelm",
        "Variant": "ui-ingress"
      },
      "OrganizationID": "12c33fa8-00b1-4011-ad3e-19d56458b29c",
      "Permissions": {
        "Manage": {
          "UserIDs": {
            "c5818f81-ae4b-4d17-987f-743f19bdb0ca": true
          }
        },
        "ManageChildren": {
          "UserIDs": {
            "c5818f81-ae4b-4d17-987f-743f19bdb0ca": true
          }
        }
      },
      "Slug": "helm-longhorn-ui-ingress-confighub-proof",
      "SpaceID": "cdd7b000-08d5-4062-915f-ca214e79877e",
      "UpdatedAt": "2026-06-12T16:43:57.291602Z",
      "Version": 2,
      "WhereTrigger": "SpaceID = 'cdd7b000-08d5-4062-915f-ca214e79877e'"
    },
    "Unit": {
      "ApprovedBy": null,
      "CreatedAt": "0001-01-01T00:00:00Z",
      "DataHash": "6865840c45d34a25a9c063fb2c0c7b83ef1a0381b7948dba815f069cd1ad270f",
      "EntityType": "Unit",
      "FromLinkID": null,
      "HeadRevisionNum": 2,
      "Labels": {
        "Component": "Longhorn",
        "HelmChart": "longhorn-longhorn",
        "HelmChartVersion": "1.11.2",
        "Package": "longhorn-longhorn",
        "Proof": "longhorn-ui-ingress-confighub-proof",
        "Variant": "ui-ingress"
      },
      "MutationSources": null,
      "OrganizationID": "12c33fa8-00b1-4011-ad3e-19d56458b29c",
      "Slug": "customresourcedefinition-nodes-longhorn-io",
      "SpaceID": "cdd7b000-08d5-4062-915f-ca214e79877e",
      "ToolchainType": "Kubernetes/YAML",
      "UnitID": "867d6f4e-5d4c-412f-99ff-bd546047fd02",
      "UpdatedAt": "0001-01-01T00:00:00Z",
      "Version": 6
    },
    "UnitStatus": {
      "Action": "N/A",
      "ActionResult": "None",
      "ActionStartedAt": "0001-01-01T00:00:00Z",
      "ActionTerminatedAt": "0001-01-01T00:00:00Z",
      "Drift": "N/A",
      "Status": "NotLive",
      "SyncStatus": "NotLive"
    }
  },
  {
    "Space": {
      "CreatedAt": "2026-06-12T16:43:56.770878Z",
      "CursorID": 4575,
      "DisplayName": "helm-longhorn-ui-ingress-confighub-proof",
      "EntityType": "Space",
      "Labels": {
        "Component": "Longhorn",
        "Environment": "Demo",
        "Layer": "App",
        "Owner": "ConfigHubHelm",
        "Variant": "ui-ingress"
      },
      "OrganizationID": "12c33fa8-00b1-4011-ad3e-19d56458b29c",
      "Permissions": {
        "Manage": {
          "UserIDs": {
            "c5818f81-ae4b-4d17-987f-743f19bdb0ca": true
          }
        },
        "ManageChildren": {
          "UserIDs": {
            "c5818f81-ae4b-4d17-987f-743f19bdb0ca": true
          }
        }
      },
      "Slug": "helm-longhorn-ui-ingress-confighub-proof",
      "SpaceID": "cdd7b000-08d5-4062-915f-ca214e79877e",
      "UpdatedAt": "2026-06-12T16:43:57.291602Z",
      "Version": 2,
      "WhereTrigger": "SpaceID = 'cdd7b000-08d5-4062-915f-ca214e79877e'"
    },
    "Unit": {
      "ApprovedBy": null,
      "CreatedAt": "0001-01-01T00:00:00Z",
      "DataHash": "4a041ba204ab7f52e92ec05a720eca21554dd1ceaee82ded5521a94fdb5b76cb",
      "EntityType": "Unit",
      "FromLinkID": null,
      "HeadRevisionNum": 2,
      "Labels": {
        "Component": "Longhorn",
        "HelmChart": "longhorn-longhorn",
        "HelmChartVersion": "1.11.2",
        "Package": "longhorn-longhorn",
        "Proof": "longhorn-ui-ingress-confighub-proof",
        "Variant": "ui-ingress"
      },
      "MutationSources": null,
      "OrganizationID": "12c33fa8-00b1-4011-ad3e-19d56458b29c",
      "Slug": "customresourcedefinition-orphans-longhorn-io",
      "SpaceID": "cdd7b000-08d5-4062-915f-ca214e79877e",
      "ToolchainType": "Kubernetes/YAML",
      "UnitID": "d98fc141-7579-48ff-8af4-4db68a6aebc6",
      "UpdatedAt": "0001-01-01T00:00:00Z",
      "Version": 6
    },
    "UnitStatus": {
      "Action": "N/A",
      "ActionResult": "None",
      "ActionStartedAt": "0001-01-01T00:00:00Z",
      "ActionTerminatedAt": "0001-01-01T00:00:00Z",
      "Drift": "N/A",
      "Status": "NotLive",
      "SyncStatus": "NotLive"
    }
  },
  {
    "Space": {
      "CreatedAt": "2026-06-12T16:43:56.770878Z",
      "CursorID": 4575,
      "DisplayName": "helm-longhorn-ui-ingress-confighub-proof",
      "EntityType": "Space",
      "Labels": {
        "Component": "Longhorn",
        "Environment": "Demo",
        "Layer": "App",
        "Owner": "ConfigHubHelm",
        "Variant": "ui-ingress"
      },
      "OrganizationID": "12c33fa8-00b1-4011-ad3e-19d56458b29c",
      "Permissions": {
        "Manage": {
          "UserIDs": {
            "c5818f81-ae4b-4d17-987f-743f19bdb0ca": true
          }
        },
        "ManageChildren": {
          "UserIDs": {
            "c5818f81-ae4b-4d17-987f-743f19bdb0ca": true
          }
        }
      },
      "Slug": "helm-longhorn-ui-ingress-confighub-proof",
      "SpaceID": "cdd7b000-08d5-4062-915f-ca214e79877e",
      "UpdatedAt": "2026-06-12T16:43:57.291602Z",
      "Version": 2,
      "WhereTrigger": "SpaceID = 'cdd7b000-08d5-4062-915f-ca214e79877e'"
    },
    "Unit": {
      "ApprovedBy": null,
      "CreatedAt": "0001-01-01T00:00:00Z",
      "DataHash": "be2f34f0fba8f110c6845a5bb1b6805025a2a647e328b6df6e8190cc6a9281dd",
      "EntityType": "Unit",
      "FromLinkID": null,
      "HeadRevisionNum": 2,
      "Labels": {
        "Component": "Longhorn",
        "HelmChart": "longhorn-longhorn",
        "HelmChartVersion": "1.11.2",
        "Package": "longhorn-longhorn",
        "Proof": "longhorn-ui-ingress-confighub-proof",
        "Variant": "ui-ingress"
      },
      "MutationSources": null,
      "OrganizationID": "12c33fa8-00b1-4011-ad3e-19d56458b29c",
      "Slug": "customresourcedefinition-instancemanagers-longhorn-io",
      "SpaceID": "cdd7b000-08d5-4062-915f-ca214e79877e",
      "ToolchainType": "Kubernetes/YAML",
      "UnitID": "3708b620-90d7-4cc5-ad3e-4761d7c2085f",
      "UpdatedAt": "0001-01-01T00:00:00Z",
      "Version": 6
    },
    "UnitStatus": {
      "Action": "N/A",
      "ActionResult": "None",
      "ActionStartedAt": "0001-01-01T00:00:00Z",
      "ActionTerminatedAt": "0001-01-01T00:00:00Z",
      "Drift": "N/A",
      "Status": "NotLive",
      "SyncStatus": "NotLive"
    }
  }
]
