--- helm-trust-manager-no-crds-confighub-proof/deployment-default-trust-manager/1
+++ helm-trust-manager-no-crds-confighub-proof/deployment-default-trust-manager/2
@@ -27,80 +31,72 @@
     spec:
       automountServiceAccountToken: true
       containers:
-        - args:
-            - --log-format=text
-            - --log-level=1
-            - --metrics-port=9402
-            - --readiness-probe-port=6060
-            - --readiness-probe-path=/readyz
-            - --leader-elect=true
-            - --leader-election-lease-duration=15s
-            - --leader-election-renew-deadline=10s
-            - --trust-namespace=cert-manager
-            - --webhook-host=0.0.0.0
-            - --webhook-port=6443
-            - --webhook-certificate-dir=/tls
-            - --default-package-location=/packages/cert-manager-package-debian.json
-          image: quay.io/jetstack/trust-manager:v0.22.1
-          imagePullPolicy: IfNotPresent
-          name: trust-manager
-          ports:
-            - containerPort: 6443
-              name: webhook
-            - containerPort: 9402
-              name: metrics
-          readinessProbe:
-            httpGet:
-              path: /readyz
-              port: 6060
-            initialDelaySeconds: 3
-            periodSeconds: 7
-          resources: {}
-          securityContext:
-            allowPrivilegeEscalation: false
-            capabilities:
-              drop:
-                - ALL
-            readOnlyRootFilesystem: true
-            runAsNonRoot: true
-            seccompProfile:
-              type: RuntimeDefault
-          volumeMounts:
-            - mountPath: /tls
-              name: tls
-              readOnly: true
-            - mountPath: /packages
-              name: packages
-              readOnly: true
+      - args:
+        - --log-format=text
+        - --log-level=1
+        - --metrics-port=9402
+        - --readiness-probe-port=6060
+        - --readiness-probe-path=/readyz
+        - --leader-elect=true
+        - --leader-election-lease-duration=15s
+        - --leader-election-renew-deadline=10s
+        - --trust-namespace=cert-manager
+        - --webhook-host=0.0.0.0
+        - --webhook-port=6443
+        - --webhook-certificate-dir=/tls
+        - --default-package-location=/packages/cert-manager-package-debian.json
+        image: quay.io/jetstack/trust-manager:v0.22.1
+        imagePullPolicy: IfNotPresent
+        name: trust-manager
+        ports:
+        - containerPort: 6443
+          name: webhook
+        - containerPort: 9402
+          name: metrics
+        readinessProbe:
+          httpGet:
+            path: /readyz
+            port: 6060
+          initialDelaySeconds: 3
+          periodSeconds: 7
+        resources: {}
+        securityContext:
+          allowPrivilegeEscalation: false
+          capabilities:
+            drop:
+            - ALL
+          readOnlyRootFilesystem: true
+          runAsNonRoot: true
+          seccompProfile:
+            type: RuntimeDefault
+        volumeMounts:
+        - mountPath: /tls
+          name: tls
+          readOnly: true
+        - mountPath: /packages
+          name: packages
+          readOnly: true
       initContainers:
-        - args:
-            - /copyandmaybepause
-            - /debian-package
-            - /packages
-          image: quay.io/jetstack/trust-pkg-debian-bookworm:20230311-deb12u1.6
-          imagePullPolicy: IfNotPresent
-          name: cert-manager-package-debian
-          securityContext:
-            allowPrivilegeEscalation: false
-            capabilities:
-              drop:
-                - ALL
-            readOnlyRootFilesystem: true
-            runAsNonRoot: true
-            seccompProfile:
-              type: RuntimeDefault
-          volumeMounts:
-            - mountPath: /packages
-              name: packages
-              readOnly: false
+      - args:
+        - /copyandmaybepause
+        - /debian-package
+        - /packages
+        image: quay.io/jetstack/trust-pkg-debian-bookworm:20230311-deb12u1.6
+        imagePullPolicy: IfNotPresent
+        name: cert-manager-package-debian
+        securityContext:
+          allowPrivilegeEscalation: false
+          capabilities:
+            drop:
+            - ALL
+          readOnlyRootFilesystem: true
+          runAsNonRoot: true
+          seccompProfile:
+            type: RuntimeDefault
+        volumeMounts:
+        - mountPath: /packages
+          name: packages
+          readOnly: false
       nodeSelector:
         kubernetes.io/os: linux
       serviceAccountName: trust-manager
       volumes:
-        - emptyDir:
-            sizeLimit: 50M
-          name: packages
-        - name: tls
-          secret:
-            defaultMode: 420
-            secretName: trust-manager-tls
+      - emptyDir:
+          sizeLimit: 50M
+        name: packages
+      - name: tls
+        secret:
+          defaultMode: 420
+          secretName: trust-manager-tls
