--- helm-surveyor-default-confighub-proof/deployment-surveyor/1
+++ helm-surveyor-default-confighub-proof/deployment-surveyor/2
@@ -24,31 +28,25 @@
         helm.sh/chart: surveyor-0.20.9
     spec:
       containers:
-        - args:
-            - -p
-            - "7777"
-            - -s=nats://nats:4222
-            - --timeout=3s
-            - -c=1
-          env: null
-          image: natsio/nats-surveyor:0.9.9
-          imagePullPolicy: IfNotPresent
-          livenessProbe:
-            httpGet:
-              path: /healthz
-              port: http
-          name: surveyor
-          ports:
-            - containerPort: 7777
-              name: http
-              protocol: TCP
-          readinessProbe:
-            httpGet:
-              path: /healthz
-              port: http
-          resources: {}
-          securityContext: {}
-          volumeMounts: null
+      - args:
+        - -p
+        - "7777"
+        - -s=nats://nats:4222
+        - --timeout=3s
+        - -c=1
+        env: null
+        image: natsio/nats-surveyor:0.9.9
+        imagePullPolicy: IfNotPresent
+        livenessProbe:
+          httpGet:
+            path: /healthz
+            port: http
+        name: surveyor
+        ports:
+        - containerPort: 7777
+          name: http
+          protocol: TCP
+        readinessProbe:
+          httpGet:
+            path: /healthz
+            port: http
+        resources: {}
+        securityContext: {}
+        volumeMounts: null
       securityContext: {}
       serviceAccountName: surveyor
       volumes: null
