--- helm-ingress-nginx-admission-disabled-confighub-proof/deployment-ingress-nginx-ingress-nginx-controller/1
+++ helm-ingress-nginx-admission-disabled-confighub-proof/deployment-ingress-nginx-ingress-nginx-controller/2
@@ -33,76 +37,70 @@
     spec:
       automountServiceAccountToken: true
       containers:
-        - args:
-            - /nginx-ingress-controller
-            - --publish-service=$(POD_NAMESPACE)/ingress-nginx-controller
-            - --election-id=ingress-nginx-leader
-            - --controller-class=k8s.io/ingress-nginx
-            - --ingress-class=nginx
-            - --configmap=$(POD_NAMESPACE)/ingress-nginx-controller
-          env:
-            - name: POD_NAME
-              valueFrom:
-                fieldRef:
-                  fieldPath: metadata.name
-            - name: POD_NAMESPACE
-              valueFrom:
-                fieldRef:
-                  fieldPath: metadata.namespace
-            - name: LD_PRELOAD
-              value: /usr/local/lib/libmimalloc.so
-          image: registry.k8s.io/ingress-nginx/controller:v1.15.1@sha256:594ceea76b01c592858f803f9ff4d2cb40542cae2060410b2c95f75907d659e1
-          imagePullPolicy: IfNotPresent
-          lifecycle:
-            preStop:
-              exec:
-                command:
-                  - /wait-shutdown
-          livenessProbe:
-            failureThreshold: 5
-            httpGet:
-              path: /healthz
-              port: 10254
-              scheme: HTTP
-            initialDelaySeconds: 10
-            periodSeconds: 10
-            successThreshold: 1
-            timeoutSeconds: 1
-          name: controller
-          ports:
-            - containerPort: 80
-              name: http
-              protocol: TCP
-            - containerPort: 443
-              name: https
-              protocol: TCP
-          readinessProbe:
-            failureThreshold: 3
-            httpGet:
-              path: /healthz
-              port: 10254
-              scheme: HTTP
-            initialDelaySeconds: 10
-            periodSeconds: 10
-            successThreshold: 1
-            timeoutSeconds: 1
-          resources:
-            requests:
-              cpu: 100m
-              memory: 90Mi
-          securityContext:
-            allowPrivilegeEscalation: false
-            capabilities:
-              add:
-                - NET_BIND_SERVICE
-              drop:
-                - ALL
-            readOnlyRootFilesystem: false
-            runAsGroup: 82
-            runAsNonRoot: true
-            runAsUser: 101
-            seccompProfile:
-              type: RuntimeDefault
+      - args:
+        - /nginx-ingress-controller
+        - --publish-service=$(POD_NAMESPACE)/ingress-nginx-controller
+        - --election-id=ingress-nginx-leader
+        - --controller-class=k8s.io/ingress-nginx
+        - --ingress-class=nginx
+        - --configmap=$(POD_NAMESPACE)/ingress-nginx-controller
+        env:
+        - name: POD_NAME
+          valueFrom:
+            fieldRef:
+              fieldPath: metadata.name
+        - name: POD_NAMESPACE
+          valueFrom:
+            fieldRef:
+              fieldPath: metadata.namespace
+        - name: LD_PRELOAD
+          value: /usr/local/lib/libmimalloc.so
+        image: registry.k8s.io/ingress-nginx/controller:v1.15.1@sha256:594ceea76b01c592858f803f9ff4d2cb40542cae2060410b2c95f75907d659e1
+        imagePullPolicy: IfNotPresent
+        lifecycle:
+          preStop:
+            exec:
+              command:
+              - /wait-shutdown
+        livenessProbe:
+          failureThreshold: 5
+          httpGet:
+            path: /healthz
+            port: 10254
+            scheme: HTTP
+          initialDelaySeconds: 10
+          periodSeconds: 10
+          successThreshold: 1
+          timeoutSeconds: 1
+        name: controller
+        ports:
+        - containerPort: 80
+          name: http
+          protocol: TCP
+        - containerPort: 443
+          name: https
+          protocol: TCP
+        readinessProbe:
+          failureThreshold: 3
+          httpGet:
+            path: /healthz
+            port: 10254
+            scheme: HTTP
+          initialDelaySeconds: 10
+          periodSeconds: 10
+          successThreshold: 1
+          timeoutSeconds: 1
+        resources:
+          requests:
+            cpu: 100m
+            memory: 90Mi
+        securityContext:
+          allowPrivilegeEscalation: false
+          capabilities:
+            add:
+            - NET_BIND_SERVICE
+            drop:
+            - ALL
+          readOnlyRootFilesystem: false
+          runAsGroup: 82
+          runAsNonRoot: true
+          runAsUser: 101
+          seccompProfile:
+            type: RuntimeDefault
       dnsPolicy: ClusterFirst
       nodeSelector:
         kubernetes.io/os: linux
