[
  {
    "Space": {
      "CreatedAt": "2026-06-12T17:02:00.154759Z",
      "CursorID": 4648,
      "DisplayName": "helm-linkerd-crds-default-confighub-proof",
      "EntityType": "Space",
      "Labels": {
        "Component": "LinkerdCrds",
        "Environment": "Demo",
        "Layer": "App",
        "Owner": "ConfigHubHelm",
        "Variant": "default"
      },
      "OrganizationID": "12c33fa8-00b1-4011-ad3e-19d56458b29c",
      "Permissions": {
        "Manage": {
          "UserIDs": {
            "c5818f81-ae4b-4d17-987f-743f19bdb0ca": true
          }
        },
        "ManageChildren": {
          "UserIDs": {
            "c5818f81-ae4b-4d17-987f-743f19bdb0ca": true
          }
        }
      },
      "Slug": "helm-linkerd-crds-default-confighub-proof",
      "SpaceID": "af65cff5-addb-4724-9a83-f4b25d015377",
      "UpdatedAt": "2026-06-12T17:02:00.664137Z",
      "Version": 2,
      "WhereTrigger": "SpaceID = 'af65cff5-addb-4724-9a83-f4b25d015377'"
    },
    "Unit": {
      "ApprovedBy": null,
      "CreatedAt": "0001-01-01T00:00:00Z",
      "DataHash": "dac9fbf4a383c2242e6021c805d969bdaade3d2fdd89520487176cec22062bff",
      "EntityType": "Unit",
      "FromLinkID": null,
      "HeadRevisionNum": 2,
      "Labels": {
        "Component": "LinkerdCrds",
        "HelmChart": "linkerd-linkerd-crds",
        "HelmChartVersion": "1.8.0",
        "Package": "linkerd-linkerd-crds",
        "Proof": "linkerd-crds-default-confighub-proof",
        "Variant": "default"
      },
      "MutationSources": null,
      "OrganizationID": "12c33fa8-00b1-4011-ad3e-19d56458b29c",
      "Slug": "customresourcedefinition-authorizationpolicies-policy-linkerd-io",
      "SpaceID": "af65cff5-addb-4724-9a83-f4b25d015377",
      "ToolchainType": "Kubernetes/YAML",
      "UnitID": "65ed0a85-4dc3-4372-82d5-632fc7faeb5d",
      "UpdatedAt": "0001-01-01T00:00:00Z",
      "Version": 6
    },
    "UnitStatus": {
      "Action": "N/A",
      "ActionResult": "None",
      "ActionStartedAt": "0001-01-01T00:00:00Z",
      "ActionTerminatedAt": "0001-01-01T00:00:00Z",
      "Drift": "N/A",
      "Status": "NotLive",
      "SyncStatus": "NotLive"
    }
  },
  {
    "Space": {
      "CreatedAt": "2026-06-12T17:02:00.154759Z",
      "CursorID": 4648,
      "DisplayName": "helm-linkerd-crds-default-confighub-proof",
      "EntityType": "Space",
      "Labels": {
        "Component": "LinkerdCrds",
        "Environment": "Demo",
        "Layer": "App",
        "Owner": "ConfigHubHelm",
        "Variant": "default"
      },
      "OrganizationID": "12c33fa8-00b1-4011-ad3e-19d56458b29c",
      "Permissions": {
        "Manage": {
          "UserIDs": {
            "c5818f81-ae4b-4d17-987f-743f19bdb0ca": true
          }
        },
        "ManageChildren": {
          "UserIDs": {
            "c5818f81-ae4b-4d17-987f-743f19bdb0ca": true
          }
        }
      },
      "Slug": "helm-linkerd-crds-default-confighub-proof",
      "SpaceID": "af65cff5-addb-4724-9a83-f4b25d015377",
      "UpdatedAt": "2026-06-12T17:02:00.664137Z",
      "Version": 2,
      "WhereTrigger": "SpaceID = 'af65cff5-addb-4724-9a83-f4b25d015377'"
    },
    "Unit": {
      "ApprovedBy": null,
      "CreatedAt": "0001-01-01T00:00:00Z",
      "DataHash": "1418aed04dabdab3c1ad3317f026432c1b03fe377d03ae6c29a5991dfab0edf1",
      "EntityType": "Unit",
      "FromLinkID": null,
      "HeadRevisionNum": 2,
      "Labels": {
        "Component": "LinkerdCrds",
        "HelmChart": "linkerd-linkerd-crds",
        "HelmChartVersion": "1.8.0",
        "Package": "linkerd-linkerd-crds",
        "Proof": "linkerd-crds-default-confighub-proof",
        "Variant": "default"
      },
      "MutationSources": null,
      "OrganizationID": "12c33fa8-00b1-4011-ad3e-19d56458b29c",
      "Slug": "customresourcedefinition-httproutes-gateway-networking-k8s-io",
      "SpaceID": "af65cff5-addb-4724-9a83-f4b25d015377",
      "ToolchainType": "Kubernetes/YAML",
      "UnitID": "1ce27871-0f9a-44ab-b91f-0d76a445ced8",
      "UpdatedAt": "0001-01-01T00:00:00Z",
      "Version": 6
    },
    "UnitStatus": {
      "Action": "N/A",
      "ActionResult": "None",
      "ActionStartedAt": "0001-01-01T00:00:00Z",
      "ActionTerminatedAt": "0001-01-01T00:00:00Z",
      "Drift": "N/A",
      "Status": "NotLive",
      "SyncStatus": "NotLive"
    }
  },
  {
    "Space": {
      "CreatedAt": "2026-06-12T17:02:00.154759Z",
      "CursorID": 4648,
      "DisplayName": "helm-linkerd-crds-default-confighub-proof",
      "EntityType": "Space",
      "Labels": {
        "Component": "LinkerdCrds",
        "Environment": "Demo",
        "Layer": "App",
        "Owner": "ConfigHubHelm",
        "Variant": "default"
      },
      "OrganizationID": "12c33fa8-00b1-4011-ad3e-19d56458b29c",
      "Permissions": {
        "Manage": {
          "UserIDs": {
            "c5818f81-ae4b-4d17-987f-743f19bdb0ca": true
          }
        },
        "ManageChildren": {
          "UserIDs": {
            "c5818f81-ae4b-4d17-987f-743f19bdb0ca": true
          }
        }
      },
      "Slug": "helm-linkerd-crds-default-confighub-proof",
      "SpaceID": "af65cff5-addb-4724-9a83-f4b25d015377",
      "UpdatedAt": "2026-06-12T17:02:00.664137Z",
      "Version": 2,
      "WhereTrigger": "SpaceID = 'af65cff5-addb-4724-9a83-f4b25d015377'"
    },
    "Unit": {
      "ApprovedBy": null,
      "CreatedAt": "0001-01-01T00:00:00Z",
      "DataHash": "577627fd499481c984b04986181ba0f7cf1e894bad170e19163966789cf6a422",
      "EntityType": "Unit",
      "FromLinkID": null,
      "HeadRevisionNum": 2,
      "Labels": {
        "Component": "LinkerdCrds",
        "HelmChart": "linkerd-linkerd-crds",
        "HelmChartVersion": "1.8.0",
        "Package": "linkerd-linkerd-crds",
        "Proof": "linkerd-crds-default-confighub-proof",
        "Variant": "default"
      },
      "MutationSources": null,
      "OrganizationID": "12c33fa8-00b1-4011-ad3e-19d56458b29c",
      "Slug": "customresourcedefinition-httproutes-policy-linkerd-io",
      "SpaceID": "af65cff5-addb-4724-9a83-f4b25d015377",
      "ToolchainType": "Kubernetes/YAML",
      "UnitID": "a6560273-6498-436f-8c6b-eb8b7f4cf9cd",
      "UpdatedAt": "0001-01-01T00:00:00Z",
      "Version": 6
    },
    "UnitStatus": {
      "Action": "N/A",
      "ActionResult": "None",
      "ActionStartedAt": "0001-01-01T00:00:00Z",
      "ActionTerminatedAt": "0001-01-01T00:00:00Z",
      "Drift": "N/A",
      "Status": "NotLive",
      "SyncStatus": "NotLive"
    }
  },
  {
    "Space": {
      "CreatedAt": "2026-06-12T17:02:00.154759Z",
      "CursorID": 4648,
      "DisplayName": "helm-linkerd-crds-default-confighub-proof",
      "EntityType": "Space",
      "Labels": {
        "Component": "LinkerdCrds",
        "Environment": "Demo",
        "Layer": "App",
        "Owner": "ConfigHubHelm",
        "Variant": "default"
      },
      "OrganizationID": "12c33fa8-00b1-4011-ad3e-19d56458b29c",
      "Permissions": {
        "Manage": {
          "UserIDs": {
            "c5818f81-ae4b-4d17-987f-743f19bdb0ca": true
          }
        },
        "ManageChildren": {
          "UserIDs": {
            "c5818f81-ae4b-4d17-987f-743f19bdb0ca": true
          }
        }
      },
      "Slug": "helm-linkerd-crds-default-confighub-proof",
      "SpaceID": "af65cff5-addb-4724-9a83-f4b25d015377",
      "UpdatedAt": "2026-06-12T17:02:00.664137Z",
      "Version": 2,
      "WhereTrigger": "SpaceID = 'af65cff5-addb-4724-9a83-f4b25d015377'"
    },
    "Unit": {
      "ApprovedBy": null,
      "CreatedAt": "0001-01-01T00:00:00Z",
      "DataHash": "0c794b581f746775f0db0d3eb7a3dac2873977dd0c7dd10233afc2ee80f6b76e",
      "EntityType": "Unit",
      "FromLinkID": null,
      "HeadRevisionNum": 2,
      "Labels": {
        "Component": "LinkerdCrds",
        "HelmChart": "linkerd-linkerd-crds",
        "HelmChartVersion": "1.8.0",
        "Package": "linkerd-linkerd-crds",
        "Proof": "linkerd-crds-default-confighub-proof",
        "Variant": "default"
      },
      "MutationSources": null,
      "OrganizationID": "12c33fa8-00b1-4011-ad3e-19d56458b29c",
      "Slug": "customresourcedefinition-meshtlsauthentications-policy-linkerd-io",
      "SpaceID": "af65cff5-addb-4724-9a83-f4b25d015377",
      "ToolchainType": "Kubernetes/YAML",
      "UnitID": "fc6fd2ea-55b0-4667-a68c-bb43a1842f8c",
      "UpdatedAt": "0001-01-01T00:00:00Z",
      "Version": 6
    },
    "UnitStatus": {
      "Action": "N/A",
      "ActionResult": "None",
      "ActionStartedAt": "0001-01-01T00:00:00Z",
      "ActionTerminatedAt": "0001-01-01T00:00:00Z",
      "Drift": "N/A",
      "Status": "NotLive",
      "SyncStatus": "NotLive"
    }
  },
  {
    "Space": {
      "CreatedAt": "2026-06-12T17:02:00.154759Z",
      "CursorID": 4648,
      "DisplayName": "helm-linkerd-crds-default-confighub-proof",
      "EntityType": "Space",
      "Labels": {
        "Component": "LinkerdCrds",
        "Environment": "Demo",
        "Layer": "App",
        "Owner": "ConfigHubHelm",
        "Variant": "default"
      },
      "OrganizationID": "12c33fa8-00b1-4011-ad3e-19d56458b29c",
      "Permissions": {
        "Manage": {
          "UserIDs": {
            "c5818f81-ae4b-4d17-987f-743f19bdb0ca": true
          }
        },
        "ManageChildren": {
          "UserIDs": {
            "c5818f81-ae4b-4d17-987f-743f19bdb0ca": true
          }
        }
      },
      "Slug": "helm-linkerd-crds-default-confighub-proof",
      "SpaceID": "af65cff5-addb-4724-9a83-f4b25d015377",
      "UpdatedAt": "2026-06-12T17:02:00.664137Z",
      "Version": 2,
      "WhereTrigger": "SpaceID = 'af65cff5-addb-4724-9a83-f4b25d015377'"
    },
    "Unit": {
      "ApprovedBy": null,
      "CreatedAt": "0001-01-01T00:00:00Z",
      "DataHash": "951eac22aee9bec1a1b12a9eb5e5676049ff2c057c3eaf8e788d56dd663b38bd",
      "EntityType": "Unit",
      "FromLinkID": null,
      "HeadRevisionNum": 2,
      "Labels": {
        "Component": "LinkerdCrds",
        "HelmChart": "linkerd-linkerd-crds",
        "HelmChartVersion": "1.8.0",
        "Package": "linkerd-linkerd-crds",
        "Proof": "linkerd-crds-default-confighub-proof",
        "Variant": "default"
      },
      "MutationSources": null,
      "OrganizationID": "12c33fa8-00b1-4011-ad3e-19d56458b29c",
      "Slug": "customresourcedefinition-serverauthorizations-policy-linkerd-io",
      "SpaceID": "af65cff5-addb-4724-9a83-f4b25d015377",
      "ToolchainType": "Kubernetes/YAML",
      "UnitID": "59463c68-6001-4743-878a-74c5f8a61015",
      "UpdatedAt": "0001-01-01T00:00:00Z",
      "Version": 6
    },
    "UnitStatus": {
      "Action": "N/A",
      "ActionResult": "None",
      "ActionStartedAt": "0001-01-01T00:00:00Z",
      "ActionTerminatedAt": "0001-01-01T00:00:00Z",
      "Drift": "N/A",
      "Status": "NotLive",
      "SyncStatus": "NotLive"
    }
  },
  {
    "Space": {
      "CreatedAt": "2026-06-12T17:02:00.154759Z",
      "CursorID": 4648,
      "DisplayName": "helm-linkerd-crds-default-confighub-proof",
      "EntityType": "Space",
      "Labels": {
        "Component": "LinkerdCrds",
        "Environment": "Demo",
        "Layer": "App",
        "Owner": "ConfigHubHelm",
        "Variant": "default"
      },
      "OrganizationID": "12c33fa8-00b1-4011-ad3e-19d56458b29c",
      "Permissions": {
        "Manage": {
          "UserIDs": {
            "c5818f81-ae4b-4d17-987f-743f19bdb0ca": true
          }
        },
        "ManageChildren": {
          "UserIDs": {
            "c5818f81-ae4b-4d17-987f-743f19bdb0ca": true
          }
        }
      },
      "Slug": "helm-linkerd-crds-default-confighub-proof",
      "SpaceID": "af65cff5-addb-4724-9a83-f4b25d015377",
      "UpdatedAt": "2026-06-12T17:02:00.664137Z",
      "Version": 2,
      "WhereTrigger": "SpaceID = 'af65cff5-addb-4724-9a83-f4b25d015377'"
    },
    "Unit": {
      "ApprovedBy": null,
      "CreatedAt": "0001-01-01T00:00:00Z",
      "DataHash": "48a27bdd5010443c0d3911bacb43ae790b76ba7126e7b25fc1a62d449b46e94c",
      "EntityType": "Unit",
      "FromLinkID": null,
      "HeadRevisionNum": 2,
      "Labels": {
        "Component": "LinkerdCrds",
        "HelmChart": "linkerd-linkerd-crds",
        "HelmChartVersion": "1.8.0",
        "Package": "linkerd-linkerd-crds",
        "Proof": "linkerd-crds-default-confighub-proof",
        "Variant": "default"
      },
      "MutationSources": null,
      "OrganizationID": "12c33fa8-00b1-4011-ad3e-19d56458b29c",
      "Slug": "customresourcedefinition-servers-policy-linkerd-io",
      "SpaceID": "af65cff5-addb-4724-9a83-f4b25d015377",
      "ToolchainType": "Kubernetes/YAML",
      "UnitID": "b3fd82e9-fa2a-4de0-9f68-2d23a6f3c6e7",
      "UpdatedAt": "0001-01-01T00:00:00Z",
      "Version": 6
    },
    "UnitStatus": {
      "Action": "N/A",
      "ActionResult": "None",
      "ActionStartedAt": "0001-01-01T00:00:00Z",
      "ActionTerminatedAt": "0001-01-01T00:00:00Z",
      "Drift": "N/A",
      "Status": "NotLive",
      "SyncStatus": "NotLive"
    }
  },
  {
    "Space": {
      "CreatedAt": "2026-06-12T17:02:00.154759Z",
      "CursorID": 4648,
      "DisplayName": "helm-linkerd-crds-default-confighub-proof",
      "EntityType": "Space",
      "Labels": {
        "Component": "LinkerdCrds",
        "Environment": "Demo",
        "Layer": "App",
        "Owner": "ConfigHubHelm",
        "Variant": "default"
      },
      "OrganizationID": "12c33fa8-00b1-4011-ad3e-19d56458b29c",
      "Permissions": {
        "Manage": {
          "UserIDs": {
            "c5818f81-ae4b-4d17-987f-743f19bdb0ca": true
          }
        },
        "ManageChildren": {
          "UserIDs": {
            "c5818f81-ae4b-4d17-987f-743f19bdb0ca": true
          }
        }
      },
      "Slug": "helm-linkerd-crds-default-confighub-proof",
      "SpaceID": "af65cff5-addb-4724-9a83-f4b25d015377",
      "UpdatedAt": "2026-06-12T17:02:00.664137Z",
      "Version": 2,
      "WhereTrigger": "SpaceID = 'af65cff5-addb-4724-9a83-f4b25d015377'"
    },
    "Unit": {
      "ApprovedBy": null,
      "CreatedAt": "0001-01-01T00:00:00Z",
      "DataHash": "cd04b66bcacab0b009b1a82dc8ad740e7146dd5637d74096eeb7f9ee0a14d4d7",
      "EntityType": "Unit",
      "FromLinkID": null,
      "HeadRevisionNum": 2,
      "Labels": {
        "Component": "LinkerdCrds",
        "HelmChart": "linkerd-linkerd-crds",
        "HelmChartVersion": "1.8.0",
        "Package": "linkerd-linkerd-crds",
        "Proof": "linkerd-crds-default-confighub-proof",
        "Variant": "default"
      },
      "MutationSources": null,
      "OrganizationID": "12c33fa8-00b1-4011-ad3e-19d56458b29c",
      "Slug": "customresourcedefinition-serviceprofiles-linkerd-io",
      "SpaceID": "af65cff5-addb-4724-9a83-f4b25d015377",
      "ToolchainType": "Kubernetes/YAML",
      "UnitID": "1bb96b52-6927-4f8a-b0f7-550d6f122896",
      "UpdatedAt": "0001-01-01T00:00:00Z",
      "Version": 6
    },
    "UnitStatus": {
      "Action": "N/A",
      "ActionResult": "None",
      "ActionStartedAt": "0001-01-01T00:00:00Z",
      "ActionTerminatedAt": "0001-01-01T00:00:00Z",
      "Drift": "N/A",
      "Status": "NotLive",
      "SyncStatus": "NotLive"
    }
  },
  {
    "Space": {
      "CreatedAt": "2026-06-12T17:02:00.154759Z",
      "CursorID": 4648,
      "DisplayName": "helm-linkerd-crds-default-confighub-proof",
      "EntityType": "Space",
      "Labels": {
        "Component": "LinkerdCrds",
        "Environment": "Demo",
        "Layer": "App",
        "Owner": "ConfigHubHelm",
        "Variant": "default"
      },
      "OrganizationID": "12c33fa8-00b1-4011-ad3e-19d56458b29c",
      "Permissions": {
        "Manage": {
          "UserIDs": {
            "c5818f81-ae4b-4d17-987f-743f19bdb0ca": true
          }
        },
        "ManageChildren": {
          "UserIDs": {
            "c5818f81-ae4b-4d17-987f-743f19bdb0ca": true
          }
        }
      },
      "Slug": "helm-linkerd-crds-default-confighub-proof",
      "SpaceID": "af65cff5-addb-4724-9a83-f4b25d015377",
      "UpdatedAt": "2026-06-12T17:02:00.664137Z",
      "Version": 2,
      "WhereTrigger": "SpaceID = 'af65cff5-addb-4724-9a83-f4b25d015377'"
    },
    "Unit": {
      "ApprovedBy": null,
      "CreatedAt": "0001-01-01T00:00:00Z",
      "DataHash": "933b135fc165c49bab289ed9fb14eec1492f82344b8cc2354251311fc791289c",
      "EntityType": "Unit",
      "FromLinkID": null,
      "HeadRevisionNum": 1,
      "Labels": {
        "Component": "LinkerdCrds",
        "HelmChart": "linkerd-linkerd-crds",
        "HelmChartVersion": "1.8.0",
        "Package": "linkerd-linkerd-crds",
        "Proof": "linkerd-crds-default-confighub-proof",
        "Variant": "default"
      },
      "MutationSources": null,
      "OrganizationID": "12c33fa8-00b1-4011-ad3e-19d56458b29c",
      "Slug": "namespace-default",
      "SpaceID": "af65cff5-addb-4724-9a83-f4b25d015377",
      "ToolchainType": "Kubernetes/YAML",
      "UnitID": "7cec7583-5198-47d8-9ef5-bae4b3c66b1b",
      "UpdatedAt": "0001-01-01T00:00:00Z",
      "Version": 3
    },
    "UnitStatus": {
      "Action": "N/A",
      "ActionResult": "None",
      "ActionStartedAt": "0001-01-01T00:00:00Z",
      "ActionTerminatedAt": "0001-01-01T00:00:00Z",
      "Drift": "N/A",
      "Status": "NotLive",
      "SyncStatus": "NotLive"
    }
  },
  {
    "Space": {
      "CreatedAt": "2026-06-12T17:02:00.154759Z",
      "CursorID": 4648,
      "DisplayName": "helm-linkerd-crds-default-confighub-proof",
      "EntityType": "Space",
      "Labels": {
        "Component": "LinkerdCrds",
        "Environment": "Demo",
        "Layer": "App",
        "Owner": "ConfigHubHelm",
        "Variant": "default"
      },
      "OrganizationID": "12c33fa8-00b1-4011-ad3e-19d56458b29c",
      "Permissions": {
        "Manage": {
          "UserIDs": {
            "c5818f81-ae4b-4d17-987f-743f19bdb0ca": true
          }
        },
        "ManageChildren": {
          "UserIDs": {
            "c5818f81-ae4b-4d17-987f-743f19bdb0ca": true
          }
        }
      },
      "Slug": "helm-linkerd-crds-default-confighub-proof",
      "SpaceID": "af65cff5-addb-4724-9a83-f4b25d015377",
      "UpdatedAt": "2026-06-12T17:02:00.664137Z",
      "Version": 2,
      "WhereTrigger": "SpaceID = 'af65cff5-addb-4724-9a83-f4b25d015377'"
    },
    "Unit": {
      "ApprovedBy": null,
      "CreatedAt": "0001-01-01T00:00:00Z",
      "DataHash": "5ca4da0b042eed5560781b0f602b10abef0995f6cf5e048942291c3cb04bbf83",
      "EntityType": "Unit",
      "FromLinkID": null,
      "HeadRevisionNum": 2,
      "Labels": {
        "Component": "LinkerdCrds",
        "HelmChart": "linkerd-linkerd-crds",
        "HelmChartVersion": "1.8.0",
        "Package": "linkerd-linkerd-crds",
        "Proof": "linkerd-crds-default-confighub-proof",
        "Variant": "default"
      },
      "MutationSources": null,
      "OrganizationID": "12c33fa8-00b1-4011-ad3e-19d56458b29c",
      "Slug": "customresourcedefinition-networkauthentications-policy-linkerd-io",
      "SpaceID": "af65cff5-addb-4724-9a83-f4b25d015377",
      "ToolchainType": "Kubernetes/YAML",
      "UnitID": "e68dbb04-4ba0-4eae-a8d1-88022eb5e2ae",
      "UpdatedAt": "0001-01-01T00:00:00Z",
      "Version": 6
    },
    "UnitStatus": {
      "Action": "N/A",
      "ActionResult": "None",
      "ActionStartedAt": "0001-01-01T00:00:00Z",
      "ActionTerminatedAt": "0001-01-01T00:00:00Z",
      "Drift": "N/A",
      "Status": "NotLive",
      "SyncStatus": "NotLive"
    }
  }
]
