== fluent-fluentd@ → Space helm-fluentd-default-confighub-proof ==
Successfully created unit clusterrole-fluentd (c6f173f6-e9df-443e-a8e6-9a24846afc99)
Successfully created unit clusterrolebinding-fluentd (9e46e4c5-c500-40fb-81ed-1df44f2e532e)
Successfully created unit configmap-default-dashboard-fluentd-fluentd (b4f1db10-6548-45c7-be29-b8b69a1d8bd2)
Successfully created unit configmap-fluentd-config-fluentd (b5ff7564-ced2-41b8-8241-0e13e968e8f2)
Successfully created unit configmap-fluentd-main-fluentd (53799d73-2def-4465-9c1b-f42d9fb6f1d3)
Successfully created unit configmap-fluentd-prometheus-conf-fluentd (acd3428d-3155-42ed-b5d6-2b50c26ffd0b)
Successfully created unit configmap-fluentd-systemd-conf-fluentd (61ef9f84-3a5d-4f11-877d-b411145352e7)
Successfully created unit daemonset-fluentd (218acfa7-39f2-412a-b96f-43696c93f33c)
Successfully created unit namespace-default (af11593c-bd55-4bfe-954a-44efc74bc8c7)
Successfully created unit service-fluentd (ba4000e8-7344-4bdb-8c3d-ba4e3582e5fc)
Successfully created unit serviceaccount-fluentd (bb8ba8de-44f2-4fec-acc8-e417eb3562a0)
Successfully created unit installer-record (c1be2478-50c5-4a68-a4f5-57de71a8e1f7)
Linked clusterrolebinding-fluentd -> clusterrole-fluentd (reference:rbac.authorization.k8s.io/v1/ClusterRole)
Linked clusterrolebinding-fluentd -> namespace-default (reference:v1/Namespace)
Linked clusterrolebinding-fluentd -> serviceaccount-fluentd (reference:v1/ServiceAccount)
Linked configmap-default-dashboard-fluentd-fluentd -> namespace-default (reference:v1/Namespace)
Linked daemonset-fluentd -> configmap-fluentd-config-fluentd (reference:v1/ConfigMap)
Linked daemonset-fluentd -> configmap-fluentd-main-fluentd (reference:v1/ConfigMap)
Linked daemonset-fluentd -> serviceaccount-fluentd (reference:v1/ServiceAccount)
Linked service-fluentd -> daemonset-fluentd (selector)
