apiVersion: v1
kind: Service
metadata:
  labels:
    app.kubernetes.io/instance: cluster-autoscaler
    app.kubernetes.io/managed-by: Helm
    app.kubernetes.io/name: aws-cluster-autoscaler
    helm.sh/chart: cluster-autoscaler-9.57.0
  name: cluster-autoscaler-aws-cluster-autoscaler
  namespace: default
spec:
  ports:
  - name: http
    port: 8085
    protocol: TCP
    targetPort: 8085
  selector:
    app.kubernetes.io/instance: cluster-autoscaler
    app.kubernetes.io/name: aws-cluster-autoscaler
  type: ClusterIP
