== hashicorp-vault@ → Space helm-vault-ha-raft-ui-confighub-proof ==
Successfully created unit clusterrole-vault-agent-injector-clusterrole (da01c08f-04fd-434b-955c-b331794ea993)
Successfully created unit clusterrolebinding-vault-agent-injector-binding (87db9806-54be-4701-a6b4-d1822f63a55c)
Successfully created unit clusterrolebinding-vault-server-binding (4b879074-31d5-4856-8df7-241c2c185247)
Successfully created unit configmap-vault-vault-config (6af9cfa5-074b-4bb6-b0f4-6cadd6b9eedd)
Successfully created unit deployment-vault-vault-agent-injector (9e848f31-29f8-4fa8-88dc-abd39bd405de)
Successfully created unit mutatingwebhookconfiguration-vault-agent-injector-cfg (4093223e-15f5-4276-9104-6fa71f6b4e3c)
Successfully created unit namespace-vault (2ff71c2c-c671-415d-8950-d002d829217b)
Successfully created unit poddisruptionbudget-vault-vault (d34e0c5a-5ef0-4254-bb16-0d097339624f)
Successfully created unit role-vault-vault-discovery-role (18d1e889-5d1b-49f4-9a8b-e528cca9b1ce)
Successfully created unit rolebinding-vault-vault-discovery-rolebinding (7ce1a6ae-29c2-45e8-926c-222fe01ffbec)
Successfully created unit service-vault-vault-active (8ef73e1a-245d-4321-9910-30f12a1760fc)
Successfully created unit service-vault-vault-agent-injector-svc (4fb5ec2e-a0c6-4f22-8c20-597f2c7c50c7)
Successfully created unit service-vault-vault-internal (e5b75b44-51b2-4568-9915-f615c24b32b8)
Successfully created unit service-vault-vault-standby (30142ad5-d2ee-4e2e-9d22-271d18225c8f)
Successfully created unit service-vault-vault-ui (5fb3a430-75ee-45f8-aa9f-dd9b0b66588a)
Successfully created unit service-vault-vault (0bcc68dd-a6d5-48f4-b60b-ed5291830463)
Successfully created unit serviceaccount-vault-vault-agent-injector (1cd7b708-9a57-42e7-8e50-91928a90daec)
Successfully created unit serviceaccount-vault-vault (929940a4-b9bb-4c1a-b98f-bb83a1a22bc7)
Successfully created unit statefulset-vault-vault (3166888a-9d5b-4815-a398-d035dd0b514f)
Successfully created unit installer-record (347ec0c1-a43b-420e-89c0-1c50ff3ffd83)
Linked clusterrolebinding-vault-agent-injector-binding -> clusterrole-vault-agent-injector-clusterrole (reference:rbac.authorization.k8s.io/v1/ClusterRole)
Linked clusterrolebinding-vault-agent-injector-binding -> namespace-vault (reference:v1/Namespace)
Linked clusterrolebinding-vault-agent-injector-binding -> serviceaccount-vault-vault-agent-injector (reference:v1/ServiceAccount)
Linked clusterrolebinding-vault-server-binding -> namespace-vault (reference:v1/Namespace)
Linked clusterrolebinding-vault-server-binding -> serviceaccount-vault-vault (reference:v1/ServiceAccount)
Linked configmap-vault-vault-config -> namespace-vault (reference:v1/Namespace)
Linked deployment-vault-vault-agent-injector -> namespace-vault (reference:v1/Namespace)
Linked deployment-vault-vault-agent-injector -> serviceaccount-vault-vault-agent-injector (reference:v1/ServiceAccount)
Linked mutatingwebhookconfiguration-vault-agent-injector-cfg -> namespace-vault (reference:v1/Namespace)
Linked mutatingwebhookconfiguration-vault-agent-injector-cfg -> service-vault-vault-agent-injector-svc (reference:v1/Service)
Linked poddisruptionbudget-vault-vault -> namespace-vault (reference:v1/Namespace)
Linked poddisruptionbudget-vault-vault -> statefulset-vault-vault (selector)
Linked role-vault-vault-discovery-role -> namespace-vault (reference:v1/Namespace)
Linked rolebinding-vault-vault-discovery-rolebinding -> namespace-vault (reference:v1/Namespace)
Linked rolebinding-vault-vault-discovery-rolebinding -> serviceaccount-vault-vault (reference:v1/ServiceAccount)
Linked service-vault-vault -> namespace-vault (reference:v1/Namespace)
Linked service-vault-vault -> statefulset-vault-vault (selector)
Linked service-vault-vault-active -> namespace-vault (reference:v1/Namespace)
Linked service-vault-vault-agent-injector-svc -> deployment-vault-vault-agent-injector (selector)
Linked service-vault-vault-agent-injector-svc -> namespace-vault (reference:v1/Namespace)
Linked service-vault-vault-internal -> namespace-vault (reference:v1/Namespace)
Linked service-vault-vault-internal -> statefulset-vault-vault (selector)
Linked service-vault-vault-standby -> namespace-vault (reference:v1/Namespace)
Linked service-vault-vault-ui -> namespace-vault (reference:v1/Namespace)
Linked service-vault-vault-ui -> statefulset-vault-vault (selector)
Linked serviceaccount-vault-vault -> namespace-vault (reference:v1/Namespace)
Linked serviceaccount-vault-vault-agent-injector -> namespace-vault (reference:v1/Namespace)
Linked statefulset-vault-vault -> configmap-vault-vault-config (reference:v1/ConfigMap)
Linked statefulset-vault-vault -> namespace-vault (reference:v1/Namespace)
Linked statefulset-vault-vault -> service-vault-vault-internal (reference:v1/Service)
Linked statefulset-vault-vault -> serviceaccount-vault-vault (reference:v1/ServiceAccount)

Note: the following references didn't resolve to any Unit in this Space.
That's expected when the referenced resource lives in the cluster but
isn't managed by ConfigHub (e.g., a Secret created out-of-band, a
Namespace owned by the platform team). Verify each against your cluster
before applying.
  - rolebinding-vault-vault-discovery-rolebinding -> rbac.authorization.k8s.io/v1/ClusterRole "vault-discovery-role"
