[
  {
    "Space": {
      "CreatedAt": "2026-06-12T17:05:15.996616Z",
      "CursorID": 4661,
      "DisplayName": "helm-nfs-provisioner-default-confighub-proof",
      "EntityType": "Space",
      "Labels": {
        "Component": "NfsProvisioner",
        "Environment": "Demo",
        "Layer": "App",
        "Owner": "ConfigHubHelm",
        "Variant": "default"
      },
      "OrganizationID": "12c33fa8-00b1-4011-ad3e-19d56458b29c",
      "Permissions": {
        "Manage": {
          "UserIDs": {
            "c5818f81-ae4b-4d17-987f-743f19bdb0ca": true
          }
        },
        "ManageChildren": {
          "UserIDs": {
            "c5818f81-ae4b-4d17-987f-743f19bdb0ca": true
          }
        }
      },
      "Slug": "helm-nfs-provisioner-default-confighub-proof",
      "SpaceID": "fde77fe8-17d2-4f47-a37d-db10e2101fcc",
      "UpdatedAt": "2026-06-12T17:05:16.544042Z",
      "Version": 2,
      "WhereTrigger": "SpaceID = 'fde77fe8-17d2-4f47-a37d-db10e2101fcc'"
    },
    "Unit": {
      "ApprovedBy": null,
      "CreatedAt": "0001-01-01T00:00:00Z",
      "DataHash": "8f7525c082bfb0dd7760b4f498e555d18c6e00880ced95bfa7a596dea52cbe16",
      "EntityType": "Unit",
      "FromLinkID": null,
      "HeadRevisionNum": 2,
      "MutationSources": null,
      "OrganizationID": "12c33fa8-00b1-4011-ad3e-19d56458b29c",
      "Slug": "deployment-nfs-subdir-external-provisioner",
      "SpaceID": "fde77fe8-17d2-4f47-a37d-db10e2101fcc",
      "ToolchainType": "Kubernetes/YAML",
      "UnitID": "8314522f-f49b-4428-8dc6-34d018615a2d",
      "UpdatedAt": "0001-01-01T00:00:00Z",
      "Version": 10
    },
    "UnitStatus": {
      "Action": "N/A",
      "ActionResult": "None",
      "ActionStartedAt": "0001-01-01T00:00:00Z",
      "ActionTerminatedAt": "0001-01-01T00:00:00Z",
      "Drift": "N/A",
      "Status": "NotLive",
      "SyncStatus": "NotLive"
    }
  },
  {
    "Space": {
      "CreatedAt": "2026-06-12T17:05:15.996616Z",
      "CursorID": 4661,
      "DisplayName": "helm-nfs-provisioner-default-confighub-proof",
      "EntityType": "Space",
      "Labels": {
        "Component": "NfsProvisioner",
        "Environment": "Demo",
        "Layer": "App",
        "Owner": "ConfigHubHelm",
        "Variant": "default"
      },
      "OrganizationID": "12c33fa8-00b1-4011-ad3e-19d56458b29c",
      "Permissions": {
        "Manage": {
          "UserIDs": {
            "c5818f81-ae4b-4d17-987f-743f19bdb0ca": true
          }
        },
        "ManageChildren": {
          "UserIDs": {
            "c5818f81-ae4b-4d17-987f-743f19bdb0ca": true
          }
        }
      },
      "Slug": "helm-nfs-provisioner-default-confighub-proof",
      "SpaceID": "fde77fe8-17d2-4f47-a37d-db10e2101fcc",
      "UpdatedAt": "2026-06-12T17:05:16.544042Z",
      "Version": 2,
      "WhereTrigger": "SpaceID = 'fde77fe8-17d2-4f47-a37d-db10e2101fcc'"
    },
    "Unit": {
      "ApprovedBy": null,
      "CreatedAt": "0001-01-01T00:00:00Z",
      "DataHash": "933b135fc165c49bab289ed9fb14eec1492f82344b8cc2354251311fc791289c",
      "EntityType": "Unit",
      "FromLinkID": null,
      "HeadRevisionNum": 1,
      "MutationSources": null,
      "OrganizationID": "12c33fa8-00b1-4011-ad3e-19d56458b29c",
      "Slug": "namespace-default",
      "SpaceID": "fde77fe8-17d2-4f47-a37d-db10e2101fcc",
      "ToolchainType": "Kubernetes/YAML",
      "UnitID": "7c4bb103-021a-4624-99bf-934dadc34938",
      "UpdatedAt": "0001-01-01T00:00:00Z",
      "Version": 3
    },
    "UnitStatus": {
      "Action": "N/A",
      "ActionResult": "None",
      "ActionStartedAt": "0001-01-01T00:00:00Z",
      "ActionTerminatedAt": "0001-01-01T00:00:00Z",
      "Drift": "N/A",
      "Status": "NotLive",
      "SyncStatus": "NotLive"
    }
  },
  {
    "Space": {
      "CreatedAt": "2026-06-12T17:05:15.996616Z",
      "CursorID": 4661,
      "DisplayName": "helm-nfs-provisioner-default-confighub-proof",
      "EntityType": "Space",
      "Labels": {
        "Component": "NfsProvisioner",
        "Environment": "Demo",
        "Layer": "App",
        "Owner": "ConfigHubHelm",
        "Variant": "default"
      },
      "OrganizationID": "12c33fa8-00b1-4011-ad3e-19d56458b29c",
      "Permissions": {
        "Manage": {
          "UserIDs": {
            "c5818f81-ae4b-4d17-987f-743f19bdb0ca": true
          }
        },
        "ManageChildren": {
          "UserIDs": {
            "c5818f81-ae4b-4d17-987f-743f19bdb0ca": true
          }
        }
      },
      "Slug": "helm-nfs-provisioner-default-confighub-proof",
      "SpaceID": "fde77fe8-17d2-4f47-a37d-db10e2101fcc",
      "UpdatedAt": "2026-06-12T17:05:16.544042Z",
      "Version": 2,
      "WhereTrigger": "SpaceID = 'fde77fe8-17d2-4f47-a37d-db10e2101fcc'"
    },
    "Unit": {
      "ApprovedBy": null,
      "CreatedAt": "0001-01-01T00:00:00Z",
      "DataHash": "43d735b826f2adaee4bee972ebd00bc36bf3db19830ee3baae2e9eccfeef236d",
      "EntityType": "Unit",
      "FromLinkID": null,
      "HeadRevisionNum": 2,
      "MutationSources": null,
      "OrganizationID": "12c33fa8-00b1-4011-ad3e-19d56458b29c",
      "Slug": "rolebinding-leader-locking-nfs-subdir-external-provisioner",
      "SpaceID": "fde77fe8-17d2-4f47-a37d-db10e2101fcc",
      "ToolchainType": "Kubernetes/YAML",
      "UnitID": "0667a48b-d09b-4241-b472-0887aefcb2b8",
      "UpdatedAt": "0001-01-01T00:00:00Z",
      "Version": 15
    },
    "UnitStatus": {
      "Action": "N/A",
      "ActionResult": "None",
      "ActionStartedAt": "0001-01-01T00:00:00Z",
      "ActionTerminatedAt": "0001-01-01T00:00:00Z",
      "Drift": "N/A",
      "Status": "NotLive",
      "SyncStatus": "NotLive"
    }
  },
  {
    "Space": {
      "CreatedAt": "2026-06-12T17:05:15.996616Z",
      "CursorID": 4661,
      "DisplayName": "helm-nfs-provisioner-default-confighub-proof",
      "EntityType": "Space",
      "Labels": {
        "Component": "NfsProvisioner",
        "Environment": "Demo",
        "Layer": "App",
        "Owner": "ConfigHubHelm",
        "Variant": "default"
      },
      "OrganizationID": "12c33fa8-00b1-4011-ad3e-19d56458b29c",
      "Permissions": {
        "Manage": {
          "UserIDs": {
            "c5818f81-ae4b-4d17-987f-743f19bdb0ca": true
          }
        },
        "ManageChildren": {
          "UserIDs": {
            "c5818f81-ae4b-4d17-987f-743f19bdb0ca": true
          }
        }
      },
      "Slug": "helm-nfs-provisioner-default-confighub-proof",
      "SpaceID": "fde77fe8-17d2-4f47-a37d-db10e2101fcc",
      "UpdatedAt": "2026-06-12T17:05:16.544042Z",
      "Version": 2,
      "WhereTrigger": "SpaceID = 'fde77fe8-17d2-4f47-a37d-db10e2101fcc'"
    },
    "Unit": {
      "ApprovedBy": null,
      "CreatedAt": "0001-01-01T00:00:00Z",
      "DataHash": "e1327b481f92639514f42f5900ccb4c0ef450511cb7eed5e1b83040a3eec4c53",
      "EntityType": "Unit",
      "FromLinkID": null,
      "HeadRevisionNum": 1,
      "MutationSources": null,
      "OrganizationID": "12c33fa8-00b1-4011-ad3e-19d56458b29c",
      "Slug": "serviceaccount-nfs-subdir-external-provisioner",
      "SpaceID": "fde77fe8-17d2-4f47-a37d-db10e2101fcc",
      "ToolchainType": "Kubernetes/YAML",
      "UnitID": "8ca2308a-4c9b-4de4-8582-da14a53d33d5",
      "UpdatedAt": "0001-01-01T00:00:00Z",
      "Version": 3
    },
    "UnitStatus": {
      "Action": "N/A",
      "ActionResult": "None",
      "ActionStartedAt": "0001-01-01T00:00:00Z",
      "ActionTerminatedAt": "0001-01-01T00:00:00Z",
      "Drift": "N/A",
      "Status": "NotLive",
      "SyncStatus": "NotLive"
    }
  },
  {
    "Space": {
      "CreatedAt": "2026-06-12T17:05:15.996616Z",
      "CursorID": 4661,
      "DisplayName": "helm-nfs-provisioner-default-confighub-proof",
      "EntityType": "Space",
      "Labels": {
        "Component": "NfsProvisioner",
        "Environment": "Demo",
        "Layer": "App",
        "Owner": "ConfigHubHelm",
        "Variant": "default"
      },
      "OrganizationID": "12c33fa8-00b1-4011-ad3e-19d56458b29c",
      "Permissions": {
        "Manage": {
          "UserIDs": {
            "c5818f81-ae4b-4d17-987f-743f19bdb0ca": true
          }
        },
        "ManageChildren": {
          "UserIDs": {
            "c5818f81-ae4b-4d17-987f-743f19bdb0ca": true
          }
        }
      },
      "Slug": "helm-nfs-provisioner-default-confighub-proof",
      "SpaceID": "fde77fe8-17d2-4f47-a37d-db10e2101fcc",
      "UpdatedAt": "2026-06-12T17:05:16.544042Z",
      "Version": 2,
      "WhereTrigger": "SpaceID = 'fde77fe8-17d2-4f47-a37d-db10e2101fcc'"
    },
    "Unit": {
      "ApprovedBy": null,
      "CreatedAt": "0001-01-01T00:00:00Z",
      "DataHash": "3e007d9f9037c2ca4024f378ef702f1e3124f333c7dd862bf51067b3d5277576",
      "EntityType": "Unit",
      "FromLinkID": null,
      "HeadRevisionNum": 1,
      "MutationSources": null,
      "OrganizationID": "12c33fa8-00b1-4011-ad3e-19d56458b29c",
      "Slug": "storageclass-nfs-client",
      "SpaceID": "fde77fe8-17d2-4f47-a37d-db10e2101fcc",
      "ToolchainType": "Kubernetes/YAML",
      "UnitID": "0380252e-21d8-46b5-b7cf-865b2f0bb8e6",
      "UpdatedAt": "0001-01-01T00:00:00Z",
      "Version": 3
    },
    "UnitStatus": {
      "Action": "N/A",
      "ActionResult": "None",
      "ActionStartedAt": "0001-01-01T00:00:00Z",
      "ActionTerminatedAt": "0001-01-01T00:00:00Z",
      "Drift": "N/A",
      "Status": "NotLive",
      "SyncStatus": "NotLive"
    }
  },
  {
    "Space": {
      "CreatedAt": "2026-06-12T17:05:15.996616Z",
      "CursorID": 4661,
      "DisplayName": "helm-nfs-provisioner-default-confighub-proof",
      "EntityType": "Space",
      "Labels": {
        "Component": "NfsProvisioner",
        "Environment": "Demo",
        "Layer": "App",
        "Owner": "ConfigHubHelm",
        "Variant": "default"
      },
      "OrganizationID": "12c33fa8-00b1-4011-ad3e-19d56458b29c",
      "Permissions": {
        "Manage": {
          "UserIDs": {
            "c5818f81-ae4b-4d17-987f-743f19bdb0ca": true
          }
        },
        "ManageChildren": {
          "UserIDs": {
            "c5818f81-ae4b-4d17-987f-743f19bdb0ca": true
          }
        }
      },
      "Slug": "helm-nfs-provisioner-default-confighub-proof",
      "SpaceID": "fde77fe8-17d2-4f47-a37d-db10e2101fcc",
      "UpdatedAt": "2026-06-12T17:05:16.544042Z",
      "Version": 2,
      "WhereTrigger": "SpaceID = 'fde77fe8-17d2-4f47-a37d-db10e2101fcc'"
    },
    "Unit": {
      "ApprovedBy": null,
      "CreatedAt": "0001-01-01T00:00:00Z",
      "DataHash": "01e2ad87af0ec88fcd9e8c248b18aad3abfa7785152510e9241b1a7ac8e29ed2",
      "EntityType": "Unit",
      "FromLinkID": null,
      "HeadRevisionNum": 2,
      "MutationSources": null,
      "OrganizationID": "12c33fa8-00b1-4011-ad3e-19d56458b29c",
      "Slug": "clusterrole-nfs-subdir-external-provisioner-runner",
      "SpaceID": "fde77fe8-17d2-4f47-a37d-db10e2101fcc",
      "ToolchainType": "Kubernetes/YAML",
      "UnitID": "f201344d-dced-47ad-823f-fc641edab1ff",
      "UpdatedAt": "0001-01-01T00:00:00Z",
      "Version": 7
    },
    "UnitStatus": {
      "Action": "N/A",
      "ActionResult": "None",
      "ActionStartedAt": "0001-01-01T00:00:00Z",
      "ActionTerminatedAt": "0001-01-01T00:00:00Z",
      "Drift": "N/A",
      "Status": "NotLive",
      "SyncStatus": "NotLive"
    }
  },
  {
    "Space": {
      "CreatedAt": "2026-06-12T17:05:15.996616Z",
      "CursorID": 4661,
      "DisplayName": "helm-nfs-provisioner-default-confighub-proof",
      "EntityType": "Space",
      "Labels": {
        "Component": "NfsProvisioner",
        "Environment": "Demo",
        "Layer": "App",
        "Owner": "ConfigHubHelm",
        "Variant": "default"
      },
      "OrganizationID": "12c33fa8-00b1-4011-ad3e-19d56458b29c",
      "Permissions": {
        "Manage": {
          "UserIDs": {
            "c5818f81-ae4b-4d17-987f-743f19bdb0ca": true
          }
        },
        "ManageChildren": {
          "UserIDs": {
            "c5818f81-ae4b-4d17-987f-743f19bdb0ca": true
          }
        }
      },
      "Slug": "helm-nfs-provisioner-default-confighub-proof",
      "SpaceID": "fde77fe8-17d2-4f47-a37d-db10e2101fcc",
      "UpdatedAt": "2026-06-12T17:05:16.544042Z",
      "Version": 2,
      "WhereTrigger": "SpaceID = 'fde77fe8-17d2-4f47-a37d-db10e2101fcc'"
    },
    "Unit": {
      "ApprovedBy": null,
      "CreatedAt": "0001-01-01T00:00:00Z",
      "DataHash": "e3aa3a3435344ff21735c1f54ee0eed9a0aed5b6f482af732e50d20e47eb9779",
      "EntityType": "Unit",
      "FromLinkID": null,
      "HeadRevisionNum": 2,
      "MutationSources": null,
      "OrganizationID": "12c33fa8-00b1-4011-ad3e-19d56458b29c",
      "Slug": "installer-record",
      "SpaceID": "fde77fe8-17d2-4f47-a37d-db10e2101fcc",
      "ToolchainType": "Kubernetes/YAML",
      "UnitID": "7c2f32b5-13b2-4361-848f-3cc7ee59b550",
      "UpdatedAt": "0001-01-01T00:00:00Z",
      "Version": 6
    },
    "UnitStatus": {
      "Action": "N/A",
      "ActionResult": "None",
      "ActionStartedAt": "0001-01-01T00:00:00Z",
      "ActionTerminatedAt": "0001-01-01T00:00:00Z",
      "Drift": "N/A",
      "Status": "NotLive",
      "SyncStatus": "NotLive"
    }
  },
  {
    "Space": {
      "CreatedAt": "2026-06-12T17:05:15.996616Z",
      "CursorID": 4661,
      "DisplayName": "helm-nfs-provisioner-default-confighub-proof",
      "EntityType": "Space",
      "Labels": {
        "Component": "NfsProvisioner",
        "Environment": "Demo",
        "Layer": "App",
        "Owner": "ConfigHubHelm",
        "Variant": "default"
      },
      "OrganizationID": "12c33fa8-00b1-4011-ad3e-19d56458b29c",
      "Permissions": {
        "Manage": {
          "UserIDs": {
            "c5818f81-ae4b-4d17-987f-743f19bdb0ca": true
          }
        },
        "ManageChildren": {
          "UserIDs": {
            "c5818f81-ae4b-4d17-987f-743f19bdb0ca": true
          }
        }
      },
      "Slug": "helm-nfs-provisioner-default-confighub-proof",
      "SpaceID": "fde77fe8-17d2-4f47-a37d-db10e2101fcc",
      "UpdatedAt": "2026-06-12T17:05:16.544042Z",
      "Version": 2,
      "WhereTrigger": "SpaceID = 'fde77fe8-17d2-4f47-a37d-db10e2101fcc'"
    },
    "Unit": {
      "ApprovedBy": null,
      "CreatedAt": "0001-01-01T00:00:00Z",
      "DataHash": "698a7df9f4e91b9a5a4882b52b63076a289ac6284b596bc256ec067817e09996",
      "EntityType": "Unit",
      "FromLinkID": null,
      "HeadRevisionNum": 2,
      "MutationSources": null,
      "OrganizationID": "12c33fa8-00b1-4011-ad3e-19d56458b29c",
      "Slug": "role-leader-locking-nfs-subdir-external-provisioner",
      "SpaceID": "fde77fe8-17d2-4f47-a37d-db10e2101fcc",
      "ToolchainType": "Kubernetes/YAML",
      "UnitID": "48bf9108-a854-4981-8795-9b3a640cf129",
      "UpdatedAt": "0001-01-01T00:00:00Z",
      "Version": 7
    },
    "UnitStatus": {
      "Action": "N/A",
      "ActionResult": "None",
      "ActionStartedAt": "0001-01-01T00:00:00Z",
      "ActionTerminatedAt": "0001-01-01T00:00:00Z",
      "Drift": "N/A",
      "Status": "NotLive",
      "SyncStatus": "NotLive"
    }
  },
  {
    "Space": {
      "CreatedAt": "2026-06-12T17:05:15.996616Z",
      "CursorID": 4661,
      "DisplayName": "helm-nfs-provisioner-default-confighub-proof",
      "EntityType": "Space",
      "Labels": {
        "Component": "NfsProvisioner",
        "Environment": "Demo",
        "Layer": "App",
        "Owner": "ConfigHubHelm",
        "Variant": "default"
      },
      "OrganizationID": "12c33fa8-00b1-4011-ad3e-19d56458b29c",
      "Permissions": {
        "Manage": {
          "UserIDs": {
            "c5818f81-ae4b-4d17-987f-743f19bdb0ca": true
          }
        },
        "ManageChildren": {
          "UserIDs": {
            "c5818f81-ae4b-4d17-987f-743f19bdb0ca": true
          }
        }
      },
      "Slug": "helm-nfs-provisioner-default-confighub-proof",
      "SpaceID": "fde77fe8-17d2-4f47-a37d-db10e2101fcc",
      "UpdatedAt": "2026-06-12T17:05:16.544042Z",
      "Version": 2,
      "WhereTrigger": "SpaceID = 'fde77fe8-17d2-4f47-a37d-db10e2101fcc'"
    },
    "Unit": {
      "ApprovedBy": null,
      "CreatedAt": "0001-01-01T00:00:00Z",
      "DataHash": "7dd503ba0f742de78f98dd4af03e7fa1636d1679018918bc3244be18c771360d",
      "EntityType": "Unit",
      "FromLinkID": null,
      "HeadRevisionNum": 2,
      "MutationSources": null,
      "OrganizationID": "12c33fa8-00b1-4011-ad3e-19d56458b29c",
      "Slug": "clusterrolebinding-run-nfs-subdir-external-provisioner",
      "SpaceID": "fde77fe8-17d2-4f47-a37d-db10e2101fcc",
      "ToolchainType": "Kubernetes/YAML",
      "UnitID": "a2f1e2cd-0e2a-4ccc-96ba-f948d97d058a",
      "UpdatedAt": "0001-01-01T00:00:00Z",
      "Version": 15
    },
    "UnitStatus": {
      "Action": "N/A",
      "ActionResult": "None",
      "ActionStartedAt": "0001-01-01T00:00:00Z",
      "ActionTerminatedAt": "0001-01-01T00:00:00Z",
      "Drift": "N/A",
      "Status": "NotLive",
      "SyncStatus": "NotLive"
    }
  }
]
