--- helm-nfs-provisioner-default-confighub-proof/deployment-nfs-subdir-external-provisioner/1
+++ helm-nfs-provisioner-default-confighub-proof/deployment-nfs-subdir-external-provisioner/2
@@ -23,24 +27,18 @@
         release: nfs-subdir-external-provisioner
     spec:
       containers:
-        - env:
-            - name: PROVISIONER_NAME
-              value: cluster.local/nfs-subdir-external-provisioner
-            - name: NFS_SERVER
-              value: null
-            - name: NFS_PATH
-              value: /nfs-storage
-          image: registry.k8s.io/sig-storage/nfs-subdir-external-provisioner:v4.0.2
-          imagePullPolicy: IfNotPresent
-          name: nfs-subdir-external-provisioner
-          securityContext: {}
-          volumeMounts:
-            - mountPath: /persistentvolumes
-              name: nfs-subdir-external-provisioner-root
+      - env:
+        - name: PROVISIONER_NAME
+          value: cluster.local/nfs-subdir-external-provisioner
+        - name: NFS_SERVER
+          value: null
+        - name: NFS_PATH
+          value: /nfs-storage
+        image: registry.k8s.io/sig-storage/nfs-subdir-external-provisioner:v4.0.2
+        imagePullPolicy: IfNotPresent
+        name: nfs-subdir-external-provisioner
+        securityContext: {}
+        volumeMounts:
+        - mountPath: /persistentvolumes
+          name: nfs-subdir-external-provisioner-root
       securityContext: {}
       serviceAccountName: nfs-subdir-external-provisioner
       volumes:
-        - name: nfs-subdir-external-provisioner-root
-          nfs:
-            path: /nfs-storage
-            server: null
+      - name: nfs-subdir-external-provisioner-root
+        nfs:
+          path: /nfs-storage
+          server: null
