[
  {
    "Space": {
      "CreatedAt": "2026-06-12T17:03:24.116186Z",
      "CursorID": 4654,
      "DisplayName": "helm-minio-operator-default-confighub-proof",
      "EntityType": "Space",
      "Labels": {
        "Component": "MinioOperator",
        "Environment": "Demo",
        "Layer": "App",
        "Owner": "ConfigHubHelm",
        "Variant": "default"
      },
      "OrganizationID": "12c33fa8-00b1-4011-ad3e-19d56458b29c",
      "Permissions": {
        "Manage": {
          "UserIDs": {
            "c5818f81-ae4b-4d17-987f-743f19bdb0ca": true
          }
        },
        "ManageChildren": {
          "UserIDs": {
            "c5818f81-ae4b-4d17-987f-743f19bdb0ca": true
          }
        }
      },
      "Slug": "helm-minio-operator-default-confighub-proof",
      "SpaceID": "8e9611af-b04c-4626-8e08-5eb60a59baec",
      "UpdatedAt": "2026-06-12T17:03:24.71185Z",
      "Version": 2,
      "WhereTrigger": "SpaceID = '8e9611af-b04c-4626-8e08-5eb60a59baec'"
    },
    "Unit": {
      "ApprovedBy": null,
      "CreatedAt": "0001-01-01T00:00:00Z",
      "DataHash": "3d63b7fe2693daff4c189a64f6f041fdd33f49e9f9eb8c140929ef2d05e4bc70",
      "EntityType": "Unit",
      "FromLinkID": null,
      "HeadRevisionNum": 2,
      "Labels": {
        "Component": "MinioOperator",
        "HelmChart": "minio-operator-operator",
        "HelmChartVersion": "7.1.1",
        "Package": "minio-operator-operator",
        "Proof": "minio-operator-default-confighub-proof",
        "Variant": "default"
      },
      "MutationSources": null,
      "OrganizationID": "12c33fa8-00b1-4011-ad3e-19d56458b29c",
      "Slug": "clusterrolebinding-minio-operator-binding",
      "SpaceID": "8e9611af-b04c-4626-8e08-5eb60a59baec",
      "ToolchainType": "Kubernetes/YAML",
      "UnitID": "9c9d358a-d6ae-42d8-ac6c-c843271bbc9d",
      "UpdatedAt": "0001-01-01T00:00:00Z",
      "Version": 15
    },
    "UnitStatus": {
      "Action": "N/A",
      "ActionResult": "None",
      "ActionStartedAt": "0001-01-01T00:00:00Z",
      "ActionTerminatedAt": "0001-01-01T00:00:00Z",
      "Drift": "N/A",
      "Status": "NotLive",
      "SyncStatus": "NotLive"
    }
  },
  {
    "Space": {
      "CreatedAt": "2026-06-12T17:03:24.116186Z",
      "CursorID": 4654,
      "DisplayName": "helm-minio-operator-default-confighub-proof",
      "EntityType": "Space",
      "Labels": {
        "Component": "MinioOperator",
        "Environment": "Demo",
        "Layer": "App",
        "Owner": "ConfigHubHelm",
        "Variant": "default"
      },
      "OrganizationID": "12c33fa8-00b1-4011-ad3e-19d56458b29c",
      "Permissions": {
        "Manage": {
          "UserIDs": {
            "c5818f81-ae4b-4d17-987f-743f19bdb0ca": true
          }
        },
        "ManageChildren": {
          "UserIDs": {
            "c5818f81-ae4b-4d17-987f-743f19bdb0ca": true
          }
        }
      },
      "Slug": "helm-minio-operator-default-confighub-proof",
      "SpaceID": "8e9611af-b04c-4626-8e08-5eb60a59baec",
      "UpdatedAt": "2026-06-12T17:03:24.71185Z",
      "Version": 2,
      "WhereTrigger": "SpaceID = '8e9611af-b04c-4626-8e08-5eb60a59baec'"
    },
    "Unit": {
      "ApprovedBy": null,
      "CreatedAt": "0001-01-01T00:00:00Z",
      "DataHash": "be5a2d5cdff1ee58c357f8c4b2057dcf2b3ccafb46f74f628d8e6444de522e34",
      "EntityType": "Unit",
      "FromLinkID": null,
      "HeadRevisionNum": 2,
      "Labels": {
        "Component": "MinioOperator",
        "HelmChart": "minio-operator-operator",
        "HelmChartVersion": "7.1.1",
        "Package": "minio-operator-operator",
        "Proof": "minio-operator-default-confighub-proof",
        "Variant": "default"
      },
      "MutationSources": null,
      "OrganizationID": "12c33fa8-00b1-4011-ad3e-19d56458b29c",
      "Slug": "clusterrole-minio-operator-role",
      "SpaceID": "8e9611af-b04c-4626-8e08-5eb60a59baec",
      "ToolchainType": "Kubernetes/YAML",
      "UnitID": "a480ea50-9ec2-42cc-9195-9df5b4050d44",
      "UpdatedAt": "0001-01-01T00:00:00Z",
      "Version": 7
    },
    "UnitStatus": {
      "Action": "N/A",
      "ActionResult": "None",
      "ActionStartedAt": "0001-01-01T00:00:00Z",
      "ActionTerminatedAt": "0001-01-01T00:00:00Z",
      "Drift": "N/A",
      "Status": "NotLive",
      "SyncStatus": "NotLive"
    }
  },
  {
    "Space": {
      "CreatedAt": "2026-06-12T17:03:24.116186Z",
      "CursorID": 4654,
      "DisplayName": "helm-minio-operator-default-confighub-proof",
      "EntityType": "Space",
      "Labels": {
        "Component": "MinioOperator",
        "Environment": "Demo",
        "Layer": "App",
        "Owner": "ConfigHubHelm",
        "Variant": "default"
      },
      "OrganizationID": "12c33fa8-00b1-4011-ad3e-19d56458b29c",
      "Permissions": {
        "Manage": {
          "UserIDs": {
            "c5818f81-ae4b-4d17-987f-743f19bdb0ca": true
          }
        },
        "ManageChildren": {
          "UserIDs": {
            "c5818f81-ae4b-4d17-987f-743f19bdb0ca": true
          }
        }
      },
      "Slug": "helm-minio-operator-default-confighub-proof",
      "SpaceID": "8e9611af-b04c-4626-8e08-5eb60a59baec",
      "UpdatedAt": "2026-06-12T17:03:24.71185Z",
      "Version": 2,
      "WhereTrigger": "SpaceID = '8e9611af-b04c-4626-8e08-5eb60a59baec'"
    },
    "Unit": {
      "ApprovedBy": null,
      "CreatedAt": "0001-01-01T00:00:00Z",
      "DataHash": "4762d5946c5fd492d0a7c79336c4ed483f3025cb4bc4d40397c305b62fb6260e",
      "EntityType": "Unit",
      "FromLinkID": null,
      "HeadRevisionNum": 2,
      "Labels": {
        "Component": "MinioOperator",
        "HelmChart": "minio-operator-operator",
        "HelmChartVersion": "7.1.1",
        "Package": "minio-operator-operator",
        "Proof": "minio-operator-default-confighub-proof",
        "Variant": "default"
      },
      "MutationSources": null,
      "OrganizationID": "12c33fa8-00b1-4011-ad3e-19d56458b29c",
      "Slug": "customresourcedefinition-policybindings-sts-min-io",
      "SpaceID": "8e9611af-b04c-4626-8e08-5eb60a59baec",
      "ToolchainType": "Kubernetes/YAML",
      "UnitID": "66a0dfa1-94e2-4cc6-a5d1-9aada7b5d69a",
      "UpdatedAt": "0001-01-01T00:00:00Z",
      "Version": 6
    },
    "UnitStatus": {
      "Action": "N/A",
      "ActionResult": "None",
      "ActionStartedAt": "0001-01-01T00:00:00Z",
      "ActionTerminatedAt": "0001-01-01T00:00:00Z",
      "Drift": "N/A",
      "Status": "NotLive",
      "SyncStatus": "NotLive"
    }
  },
  {
    "Space": {
      "CreatedAt": "2026-06-12T17:03:24.116186Z",
      "CursorID": 4654,
      "DisplayName": "helm-minio-operator-default-confighub-proof",
      "EntityType": "Space",
      "Labels": {
        "Component": "MinioOperator",
        "Environment": "Demo",
        "Layer": "App",
        "Owner": "ConfigHubHelm",
        "Variant": "default"
      },
      "OrganizationID": "12c33fa8-00b1-4011-ad3e-19d56458b29c",
      "Permissions": {
        "Manage": {
          "UserIDs": {
            "c5818f81-ae4b-4d17-987f-743f19bdb0ca": true
          }
        },
        "ManageChildren": {
          "UserIDs": {
            "c5818f81-ae4b-4d17-987f-743f19bdb0ca": true
          }
        }
      },
      "Slug": "helm-minio-operator-default-confighub-proof",
      "SpaceID": "8e9611af-b04c-4626-8e08-5eb60a59baec",
      "UpdatedAt": "2026-06-12T17:03:24.71185Z",
      "Version": 2,
      "WhereTrigger": "SpaceID = '8e9611af-b04c-4626-8e08-5eb60a59baec'"
    },
    "Unit": {
      "ApprovedBy": null,
      "CreatedAt": "0001-01-01T00:00:00Z",
      "DataHash": "4df94adb1a679e3c6497d435fd6cdff20aed9d21e5b54adeda175834ac1c0667",
      "EntityType": "Unit",
      "FromLinkID": null,
      "HeadRevisionNum": 2,
      "Labels": {
        "Component": "MinioOperator",
        "HelmChart": "minio-operator-operator",
        "HelmChartVersion": "7.1.1",
        "Package": "minio-operator-operator",
        "Proof": "minio-operator-default-confighub-proof",
        "Variant": "default"
      },
      "MutationSources": null,
      "OrganizationID": "12c33fa8-00b1-4011-ad3e-19d56458b29c",
      "Slug": "customresourcedefinition-tenants-minio-min-io",
      "SpaceID": "8e9611af-b04c-4626-8e08-5eb60a59baec",
      "ToolchainType": "Kubernetes/YAML",
      "UnitID": "748b972b-1301-4b41-9a54-2521b8704077",
      "UpdatedAt": "0001-01-01T00:00:00Z",
      "Version": 6
    },
    "UnitStatus": {
      "Action": "N/A",
      "ActionResult": "None",
      "ActionStartedAt": "0001-01-01T00:00:00Z",
      "ActionTerminatedAt": "0001-01-01T00:00:00Z",
      "Drift": "N/A",
      "Status": "NotLive",
      "SyncStatus": "NotLive"
    }
  },
  {
    "Space": {
      "CreatedAt": "2026-06-12T17:03:24.116186Z",
      "CursorID": 4654,
      "DisplayName": "helm-minio-operator-default-confighub-proof",
      "EntityType": "Space",
      "Labels": {
        "Component": "MinioOperator",
        "Environment": "Demo",
        "Layer": "App",
        "Owner": "ConfigHubHelm",
        "Variant": "default"
      },
      "OrganizationID": "12c33fa8-00b1-4011-ad3e-19d56458b29c",
      "Permissions": {
        "Manage": {
          "UserIDs": {
            "c5818f81-ae4b-4d17-987f-743f19bdb0ca": true
          }
        },
        "ManageChildren": {
          "UserIDs": {
            "c5818f81-ae4b-4d17-987f-743f19bdb0ca": true
          }
        }
      },
      "Slug": "helm-minio-operator-default-confighub-proof",
      "SpaceID": "8e9611af-b04c-4626-8e08-5eb60a59baec",
      "UpdatedAt": "2026-06-12T17:03:24.71185Z",
      "Version": 2,
      "WhereTrigger": "SpaceID = '8e9611af-b04c-4626-8e08-5eb60a59baec'"
    },
    "Unit": {
      "ApprovedBy": null,
      "CreatedAt": "0001-01-01T00:00:00Z",
      "DataHash": "5b1f3f23d38008fcb7a09ac818918123aeaed51307f6acf4309b3ce3dfa1ea2f",
      "EntityType": "Unit",
      "FromLinkID": null,
      "HeadRevisionNum": 2,
      "Labels": {
        "Component": "MinioOperator",
        "HelmChart": "minio-operator-operator",
        "HelmChartVersion": "7.1.1",
        "Package": "minio-operator-operator",
        "Proof": "minio-operator-default-confighub-proof",
        "Variant": "default"
      },
      "MutationSources": null,
      "OrganizationID": "12c33fa8-00b1-4011-ad3e-19d56458b29c",
      "Slug": "deployment-default-minio-operator",
      "SpaceID": "8e9611af-b04c-4626-8e08-5eb60a59baec",
      "ToolchainType": "Kubernetes/YAML",
      "UnitID": "0fcea537-2836-4dd0-8587-7f0ee9aac9c3",
      "UpdatedAt": "0001-01-01T00:00:00Z",
      "Version": 13
    },
    "UnitStatus": {
      "Action": "N/A",
      "ActionResult": "None",
      "ActionStartedAt": "0001-01-01T00:00:00Z",
      "ActionTerminatedAt": "0001-01-01T00:00:00Z",
      "Drift": "N/A",
      "Status": "NotLive",
      "SyncStatus": "NotLive"
    }
  },
  {
    "Space": {
      "CreatedAt": "2026-06-12T17:03:24.116186Z",
      "CursorID": 4654,
      "DisplayName": "helm-minio-operator-default-confighub-proof",
      "EntityType": "Space",
      "Labels": {
        "Component": "MinioOperator",
        "Environment": "Demo",
        "Layer": "App",
        "Owner": "ConfigHubHelm",
        "Variant": "default"
      },
      "OrganizationID": "12c33fa8-00b1-4011-ad3e-19d56458b29c",
      "Permissions": {
        "Manage": {
          "UserIDs": {
            "c5818f81-ae4b-4d17-987f-743f19bdb0ca": true
          }
        },
        "ManageChildren": {
          "UserIDs": {
            "c5818f81-ae4b-4d17-987f-743f19bdb0ca": true
          }
        }
      },
      "Slug": "helm-minio-operator-default-confighub-proof",
      "SpaceID": "8e9611af-b04c-4626-8e08-5eb60a59baec",
      "UpdatedAt": "2026-06-12T17:03:24.71185Z",
      "Version": 2,
      "WhereTrigger": "SpaceID = '8e9611af-b04c-4626-8e08-5eb60a59baec'"
    },
    "Unit": {
      "ApprovedBy": null,
      "CreatedAt": "0001-01-01T00:00:00Z",
      "DataHash": "933b135fc165c49bab289ed9fb14eec1492f82344b8cc2354251311fc791289c",
      "EntityType": "Unit",
      "FromLinkID": null,
      "HeadRevisionNum": 1,
      "Labels": {
        "Component": "MinioOperator",
        "HelmChart": "minio-operator-operator",
        "HelmChartVersion": "7.1.1",
        "Package": "minio-operator-operator",
        "Proof": "minio-operator-default-confighub-proof",
        "Variant": "default"
      },
      "MutationSources": null,
      "OrganizationID": "12c33fa8-00b1-4011-ad3e-19d56458b29c",
      "Slug": "namespace-default",
      "SpaceID": "8e9611af-b04c-4626-8e08-5eb60a59baec",
      "ToolchainType": "Kubernetes/YAML",
      "UnitID": "aca44d65-e8e9-4872-b5ad-6c0ca2a06784",
      "UpdatedAt": "0001-01-01T00:00:00Z",
      "Version": 3
    },
    "UnitStatus": {
      "Action": "N/A",
      "ActionResult": "None",
      "ActionStartedAt": "0001-01-01T00:00:00Z",
      "ActionTerminatedAt": "0001-01-01T00:00:00Z",
      "Drift": "N/A",
      "Status": "NotLive",
      "SyncStatus": "NotLive"
    }
  },
  {
    "Space": {
      "CreatedAt": "2026-06-12T17:03:24.116186Z",
      "CursorID": 4654,
      "DisplayName": "helm-minio-operator-default-confighub-proof",
      "EntityType": "Space",
      "Labels": {
        "Component": "MinioOperator",
        "Environment": "Demo",
        "Layer": "App",
        "Owner": "ConfigHubHelm",
        "Variant": "default"
      },
      "OrganizationID": "12c33fa8-00b1-4011-ad3e-19d56458b29c",
      "Permissions": {
        "Manage": {
          "UserIDs": {
            "c5818f81-ae4b-4d17-987f-743f19bdb0ca": true
          }
        },
        "ManageChildren": {
          "UserIDs": {
            "c5818f81-ae4b-4d17-987f-743f19bdb0ca": true
          }
        }
      },
      "Slug": "helm-minio-operator-default-confighub-proof",
      "SpaceID": "8e9611af-b04c-4626-8e08-5eb60a59baec",
      "UpdatedAt": "2026-06-12T17:03:24.71185Z",
      "Version": 2,
      "WhereTrigger": "SpaceID = '8e9611af-b04c-4626-8e08-5eb60a59baec'"
    },
    "Unit": {
      "ApprovedBy": null,
      "CreatedAt": "0001-01-01T00:00:00Z",
      "DataHash": "b1d701e6116023503d6a9f1593db46d37ed848586bb6e559ed78a59496bea7bd",
      "EntityType": "Unit",
      "FromLinkID": null,
      "HeadRevisionNum": 1,
      "Labels": {
        "Component": "MinioOperator",
        "HelmChart": "minio-operator-operator",
        "HelmChartVersion": "7.1.1",
        "Package": "minio-operator-operator",
        "Proof": "minio-operator-default-confighub-proof",
        "Variant": "default"
      },
      "MutationSources": null,
      "OrganizationID": "12c33fa8-00b1-4011-ad3e-19d56458b29c",
      "Slug": "serviceaccount-default-minio-operator",
      "SpaceID": "8e9611af-b04c-4626-8e08-5eb60a59baec",
      "ToolchainType": "Kubernetes/YAML",
      "UnitID": "912ce5c9-0c38-4b82-bba6-be74b1b850fb",
      "UpdatedAt": "0001-01-01T00:00:00Z",
      "Version": 6
    },
    "UnitStatus": {
      "Action": "N/A",
      "ActionResult": "None",
      "ActionStartedAt": "0001-01-01T00:00:00Z",
      "ActionTerminatedAt": "0001-01-01T00:00:00Z",
      "Drift": "N/A",
      "Status": "NotLive",
      "SyncStatus": "NotLive"
    }
  },
  {
    "Space": {
      "CreatedAt": "2026-06-12T17:03:24.116186Z",
      "CursorID": 4654,
      "DisplayName": "helm-minio-operator-default-confighub-proof",
      "EntityType": "Space",
      "Labels": {
        "Component": "MinioOperator",
        "Environment": "Demo",
        "Layer": "App",
        "Owner": "ConfigHubHelm",
        "Variant": "default"
      },
      "OrganizationID": "12c33fa8-00b1-4011-ad3e-19d56458b29c",
      "Permissions": {
        "Manage": {
          "UserIDs": {
            "c5818f81-ae4b-4d17-987f-743f19bdb0ca": true
          }
        },
        "ManageChildren": {
          "UserIDs": {
            "c5818f81-ae4b-4d17-987f-743f19bdb0ca": true
          }
        }
      },
      "Slug": "helm-minio-operator-default-confighub-proof",
      "SpaceID": "8e9611af-b04c-4626-8e08-5eb60a59baec",
      "UpdatedAt": "2026-06-12T17:03:24.71185Z",
      "Version": 2,
      "WhereTrigger": "SpaceID = '8e9611af-b04c-4626-8e08-5eb60a59baec'"
    },
    "Unit": {
      "ApprovedBy": null,
      "CreatedAt": "0001-01-01T00:00:00Z",
      "DataHash": "dc6bfe1474e11009eef389d198c4759c72cb43625b750e1aa2053176ba18ee5c",
      "EntityType": "Unit",
      "FromLinkID": null,
      "HeadRevisionNum": 2,
      "Labels": {
        "Component": "MinioOperator",
        "HelmChart": "minio-operator-operator",
        "HelmChartVersion": "7.1.1",
        "Package": "minio-operator-operator",
        "Proof": "minio-operator-default-confighub-proof",
        "Variant": "default"
      },
      "MutationSources": null,
      "OrganizationID": "12c33fa8-00b1-4011-ad3e-19d56458b29c",
      "Slug": "service-default-operator",
      "SpaceID": "8e9611af-b04c-4626-8e08-5eb60a59baec",
      "ToolchainType": "Kubernetes/YAML",
      "UnitID": "6da46aaf-5013-4ab6-bff9-a1c29ffa1205",
      "UpdatedAt": "0001-01-01T00:00:00Z",
      "Version": 10
    },
    "UnitStatus": {
      "Action": "N/A",
      "ActionResult": "None",
      "ActionStartedAt": "0001-01-01T00:00:00Z",
      "ActionTerminatedAt": "0001-01-01T00:00:00Z",
      "Drift": "N/A",
      "Status": "NotLive",
      "SyncStatus": "NotLive"
    }
  },
  {
    "Space": {
      "CreatedAt": "2026-06-12T17:03:24.116186Z",
      "CursorID": 4654,
      "DisplayName": "helm-minio-operator-default-confighub-proof",
      "EntityType": "Space",
      "Labels": {
        "Component": "MinioOperator",
        "Environment": "Demo",
        "Layer": "App",
        "Owner": "ConfigHubHelm",
        "Variant": "default"
      },
      "OrganizationID": "12c33fa8-00b1-4011-ad3e-19d56458b29c",
      "Permissions": {
        "Manage": {
          "UserIDs": {
            "c5818f81-ae4b-4d17-987f-743f19bdb0ca": true
          }
        },
        "ManageChildren": {
          "UserIDs": {
            "c5818f81-ae4b-4d17-987f-743f19bdb0ca": true
          }
        }
      },
      "Slug": "helm-minio-operator-default-confighub-proof",
      "SpaceID": "8e9611af-b04c-4626-8e08-5eb60a59baec",
      "UpdatedAt": "2026-06-12T17:03:24.71185Z",
      "Version": 2,
      "WhereTrigger": "SpaceID = '8e9611af-b04c-4626-8e08-5eb60a59baec'"
    },
    "Unit": {
      "ApprovedBy": null,
      "CreatedAt": "0001-01-01T00:00:00Z",
      "DataHash": "cf13222d9cc3f36d03ad4d06f9a70307411cf1b404b2418f70f47fe42901e8b4",
      "EntityType": "Unit",
      "FromLinkID": null,
      "HeadRevisionNum": 2,
      "Labels": {
        "Component": "MinioOperator",
        "HelmChart": "minio-operator-operator",
        "HelmChartVersion": "7.1.1",
        "Package": "minio-operator-operator",
        "Proof": "minio-operator-default-confighub-proof",
        "Variant": "default"
      },
      "MutationSources": null,
      "OrganizationID": "12c33fa8-00b1-4011-ad3e-19d56458b29c",
      "Slug": "service-default-sts",
      "SpaceID": "8e9611af-b04c-4626-8e08-5eb60a59baec",
      "ToolchainType": "Kubernetes/YAML",
      "UnitID": "df63bdd6-05ff-40a7-8be6-a5f7c71b8360",
      "UpdatedAt": "0001-01-01T00:00:00Z",
      "Version": 13
    },
    "UnitStatus": {
      "Action": "N/A",
      "ActionResult": "None",
      "ActionStartedAt": "0001-01-01T00:00:00Z",
      "ActionTerminatedAt": "0001-01-01T00:00:00Z",
      "Drift": "N/A",
      "Status": "NotLive",
      "SyncStatus": "NotLive"
    }
  }
]
