apiVersion: apps/v1
kind: Deployment
metadata:
  labels:
    app.kubernetes.io/instance: pg-operator
    app.kubernetes.io/managed-by: Helm
    app.kubernetes.io/name: pg-operator
    app.kubernetes.io/version: 3.0.0
    helm.sh/chart: pg-operator-3.0.0
    meta.helm.sh/release-name: pg-operator
    meta.helm.sh/release-namespace: default
    pgv2.percona.com/control-plane: postgres-operator
  name: pg-operator
  namespace: default
spec:
  replicas: 1
  selector:
    matchLabels:
      app.kubernetes.io/component: operator
      app.kubernetes.io/instance: pg-operator
      app.kubernetes.io/name: pg-operator
      app.kubernetes.io/part-of: pg-operator
      pgv2.percona.com/control-plane: postgres-operator
  strategy:
    type: Recreate
  template:
    metadata:
      labels:
        app.kubernetes.io/component: operator
        app.kubernetes.io/instance: pg-operator
        app.kubernetes.io/name: pg-operator
        app.kubernetes.io/part-of: pg-operator
        pgv2.percona.com/control-plane: postgres-operator
    spec:
      containers:
      - env:
        - name: PGO_NAMESPACE
          valueFrom:
            fieldRef:
              fieldPath: metadata.namespace
        - name: WATCH_NAMESPACE
          valueFrom:
            fieldRef:
              fieldPath: metadata.namespace
        - name: LOG_STRUCTURED
          value: "false"
        - name: LOG_LEVEL
          value: INFO
        - name: DISABLE_TELEMETRY
          value: "false"
        - name: PPROF_BIND_ADDRESS
          value: "0"
        - name: PGO_CONTROLLER_LEADER_ELECTION_ENABLED
          value: "true"
        - name: PGO_CONTROLLER_LEASE_NAME
          value: ""
        - name: PGO_CONTROLLER_LEASE_DURATION
          value: 60s
        - name: PGO_CONTROLLER_RENEW_DEADLINE
          value: 40s
        - name: PGO_CONTROLLER_RETRY_PERIOD
          value: 10s
        - name: PGO_FEATURE_GATES
          value: BackupSnapshots=false
        image: docker.io/percona/percona-postgresql-operator:3.0.0
        imagePullPolicy: Always
        livenessProbe:
          failureThreshold: 3
          httpGet:
            path: /metrics
            port: metrics
            scheme: HTTP
        name: operator
        ports:
        - containerPort: 8080
          name: metrics
          protocol: TCP
        resources:
          limits:
            cpu: 200m
            memory: 500Mi
          requests:
            cpu: 100m
            memory: 20Mi
        securityContext:
          allowPrivilegeEscalation: false
          capabilities:
            drop:
            - ALL
          readOnlyRootFilesystem: true
          runAsNonRoot: true
      serviceAccountName: pg-operator
      terminationGracePeriodSeconds: 600
