apiVersion: apps/v1
kind: DaemonSet
metadata:
  labels:
    app.kubernetes.io/instance: fluent-bit
    app.kubernetes.io/managed-by: Helm
    app.kubernetes.io/name: fluent-bit
    app.kubernetes.io/version: 5.0.6
    helm.sh/chart: fluent-bit-0.57.6
  name: fluent-bit
  namespace: default
spec:
  selector:
    matchLabels:
      app.kubernetes.io/instance: fluent-bit
      app.kubernetes.io/name: fluent-bit
  template:
    metadata:
      annotations:
        checksum/config: 9d398934a1783608247000a30ea054da07c9065fdb154ee958712c78abc7b888
      labels:
        app.kubernetes.io/instance: fluent-bit
        app.kubernetes.io/name: fluent-bit
    spec:
      containers:
      - args:
        - --workdir=/fluent-bit/etc
        - --config=/fluent-bit/etc/conf/fluent-bit.conf
        command:
        - /fluent-bit/bin/fluent-bit
        image: cr.fluentbit.io/fluent/fluent-bit:5.0.6
        imagePullPolicy: IfNotPresent
        livenessProbe:
          httpGet:
            path: /
            port: http
        name: fluent-bit
        ports:
        - containerPort: 2020
          name: http
          protocol: TCP
        readinessProbe:
          httpGet:
            path: /api/v2/health
            port: http
        volumeMounts:
        - mountPath: /fluent-bit/etc/conf
          name: config
        - mountPath: /var/log
          name: varlog
        - mountPath: /var/lib/docker/containers
          name: varlibdockercontainers
          readOnly: true
        - mountPath: /etc/machine-id
          name: etcmachineid
          readOnly: true
      dnsPolicy: ClusterFirst
      hostNetwork: false
      serviceAccountName: fluent-bit
      volumes:
      - configMap:
          name: fluent-bit
        name: config
      - hostPath:
          path: /var/log
        name: varlog
      - hostPath:
          path: /var/lib/docker/containers
        name: varlibdockercontainers
      - hostPath:
          path: /etc/machine-id
          type: File
        name: etcmachineid
