apiVersion: apps/v1
kind: Deployment
metadata:
  labels:
    app.kubernetes.io/component: core
    app.kubernetes.io/instance: falcosidekick
    app.kubernetes.io/managed-by: Helm
    app.kubernetes.io/name: falcosidekick
    app.kubernetes.io/part-of: falcosidekick
    app.kubernetes.io/version: 2.31.1
    helm.sh/chart: falcosidekick-0.13.1
  name: falcosidekick
  namespace: default
spec:
  replicas: 2
  selector:
    matchLabels:
      app.kubernetes.io/component: core
      app.kubernetes.io/instance: falcosidekick
      app.kubernetes.io/name: falcosidekick
  template:
    metadata:
      annotations:
        checksum/config: d97babf0b26c111a2b26d87511be2a1ed6e9ee495ba442f66a05771ffbb69d41
      labels:
        app.kubernetes.io/component: core
        app.kubernetes.io/instance: falcosidekick
        app.kubernetes.io/managed-by: Helm
        app.kubernetes.io/name: falcosidekick
        app.kubernetes.io/part-of: falcosidekick
        app.kubernetes.io/version: 2.31.1
        helm.sh/chart: falcosidekick-0.13.1
    spec:
      containers:
      - env:
        - name: DEBUG
          value: "false"
        - name: CUSTOMFIELDS
          value: ""
        - name: TEMPLATEDFIELDS
          value: ""
        - name: CUSTOMTAGS
          value: ""
        - name: OUTPUTFIELDFORMAT
          value: ""
        - name: BRACKETREPLACER
          value: ""
        - name: MUTUALTLSFILESPATH
          value: /etc/certs
        - name: MUTUALTLSCLIENT_CERTFILE
          value: ""
        - name: MUTUALTLSCLIENT_KEYFILE
          value: ""
        - name: MUTUALTLSCLIENT_CACERTFILE
          value: ""
        - name: TLSCLIENT_CACERTFILE
          value: ""
        envFrom:
        - secretRef:
            name: falcosidekick
        image: docker.io/falcosecurity/falcosidekick:2.32.0
        imagePullPolicy: IfNotPresent
        livenessProbe:
          httpGet:
            path: /ping
            port: http
          initialDelaySeconds: 10
          periodSeconds: 5
        name: falcosidekick
        ports:
        - containerPort: 2801
          name: http
          protocol: TCP
        readinessProbe:
          httpGet:
            path: /ping
            port: http
          initialDelaySeconds: 10
          periodSeconds: 5
        resources: {}
      securityContext:
        fsGroup: 1234
        runAsUser: 1234
      serviceAccountName: falcosidekick
